Archive member included to satisfy reference by file (symbol)

c:/st/stm32cubeide_1.9.0/stm32cubeide/plugins/com.st.stm32cube.ide.mcu.externaltools.gnu-tools-for-stm32.10.3-2021.10.win32_1.0.0.202111181127/tools/bin/../lib/gcc/arm-none-eabi/10.3.1/../../../../arm-none-eabi/lib/thumb/v7e-m+dp/hard\libc_nano.a(lib_a-errno.o)
                              ./Core/Src/syscalls.o (__errno)
c:/st/stm32cubeide_1.9.0/stm32cubeide/plugins/com.st.stm32cube.ide.mcu.externaltools.gnu-tools-for-stm32.10.3-2021.10.win32_1.0.0.202111181127/tools/bin/../lib/gcc/arm-none-eabi/10.3.1/../../../../arm-none-eabi/lib/thumb/v7e-m+dp/hard\libc_nano.a(lib_a-exit.o)
                              c:/st/stm32cubeide_1.9.0/stm32cubeide/plugins/com.st.stm32cube.ide.mcu.externaltools.gnu-tools-for-stm32.10.3-2021.10.win32_1.0.0.202111181127/tools/bin/../lib/gcc/arm-none-eabi/10.3.1/../../../../arm-none-eabi/lib/thumb/v7e-m+dp/hard/crt0.o (exit)
c:/st/stm32cubeide_1.9.0/stm32cubeide/plugins/com.st.stm32cube.ide.mcu.externaltools.gnu-tools-for-stm32.10.3-2021.10.win32_1.0.0.202111181127/tools/bin/../lib/gcc/arm-none-eabi/10.3.1/../../../../arm-none-eabi/lib/thumb/v7e-m+dp/hard\libc_nano.a(lib_a-impure.o)
                              c:/st/stm32cubeide_1.9.0/stm32cubeide/plugins/com.st.stm32cube.ide.mcu.externaltools.gnu-tools-for-stm32.10.3-2021.10.win32_1.0.0.202111181127/tools/bin/../lib/gcc/arm-none-eabi/10.3.1/../../../../arm-none-eabi/lib/thumb/v7e-m+dp/hard\libc_nano.a(lib_a-exit.o) (_global_impure_ptr)
c:/st/stm32cubeide_1.9.0/stm32cubeide/plugins/com.st.stm32cube.ide.mcu.externaltools.gnu-tools-for-stm32.10.3-2021.10.win32_1.0.0.202111181127/tools/bin/../lib/gcc/arm-none-eabi/10.3.1/../../../../arm-none-eabi/lib/thumb/v7e-m+dp/hard\libc_nano.a(lib_a-init.o)
                              c:/st/stm32cubeide_1.9.0/stm32cubeide/plugins/com.st.stm32cube.ide.mcu.externaltools.gnu-tools-for-stm32.10.3-2021.10.win32_1.0.0.202111181127/tools/bin/../lib/gcc/arm-none-eabi/10.3.1/../../../../arm-none-eabi/lib/thumb/v7e-m+dp/hard/crt0.o (__libc_init_array)
c:/st/stm32cubeide_1.9.0/stm32cubeide/plugins/com.st.stm32cube.ide.mcu.externaltools.gnu-tools-for-stm32.10.3-2021.10.win32_1.0.0.202111181127/tools/bin/../lib/gcc/arm-none-eabi/10.3.1/../../../../arm-none-eabi/lib/thumb/v7e-m+dp/hard\libc_nano.a(lib_a-memset.o)
                              c:/st/stm32cubeide_1.9.0/stm32cubeide/plugins/com.st.stm32cube.ide.mcu.externaltools.gnu-tools-for-stm32.10.3-2021.10.win32_1.0.0.202111181127/tools/bin/../lib/gcc/arm-none-eabi/10.3.1/../../../../arm-none-eabi/lib/thumb/v7e-m+dp/hard/crt0.o (memset)
c:/st/stm32cubeide_1.9.0/stm32cubeide/plugins/com.st.stm32cube.ide.mcu.externaltools.gnu-tools-for-stm32.10.3-2021.10.win32_1.0.0.202111181127/tools/bin/../lib/gcc/arm-none-eabi/10.3.1/../../../../arm-none-eabi/lib/thumb/v7e-m+dp/hard\libc_nano.a(lib_a-printf.o)
                              ./Middlewares/ST/STM32_USB_Device_Library/Core/Src/usbd_core.o (printf)
c:/st/stm32cubeide_1.9.0/stm32cubeide/plugins/com.st.stm32cube.ide.mcu.externaltools.gnu-tools-for-stm32.10.3-2021.10.win32_1.0.0.202111181127/tools/bin/../lib/gcc/arm-none-eabi/10.3.1/../../../../arm-none-eabi/lib/thumb/v7e-m+dp/hard\libc_nano.a(lib_a-putchar.o)
                              ./Middlewares/ST/STM32_USB_Device_Library/Core/Src/usbd_core.o (putchar)
c:/st/stm32cubeide_1.9.0/stm32cubeide/plugins/com.st.stm32cube.ide.mcu.externaltools.gnu-tools-for-stm32.10.3-2021.10.win32_1.0.0.202111181127/tools/bin/../lib/gcc/arm-none-eabi/10.3.1/../../../../arm-none-eabi/lib/thumb/v7e-m+dp/hard\libc_nano.a(lib_a-puts.o)
                              ./Core/Src/main.o (puts)
c:/st/stm32cubeide_1.9.0/stm32cubeide/plugins/com.st.stm32cube.ide.mcu.externaltools.gnu-tools-for-stm32.10.3-2021.10.win32_1.0.0.202111181127/tools/bin/../lib/gcc/arm-none-eabi/10.3.1/../../../../arm-none-eabi/lib/thumb/v7e-m+dp/hard\libc_nano.a(lib_a-wbuf.o)
                              c:/st/stm32cubeide_1.9.0/stm32cubeide/plugins/com.st.stm32cube.ide.mcu.externaltools.gnu-tools-for-stm32.10.3-2021.10.win32_1.0.0.202111181127/tools/bin/../lib/gcc/arm-none-eabi/10.3.1/../../../../arm-none-eabi/lib/thumb/v7e-m+dp/hard\libc_nano.a(lib_a-puts.o) (__swbuf_r)
c:/st/stm32cubeide_1.9.0/stm32cubeide/plugins/com.st.stm32cube.ide.mcu.externaltools.gnu-tools-for-stm32.10.3-2021.10.win32_1.0.0.202111181127/tools/bin/../lib/gcc/arm-none-eabi/10.3.1/../../../../arm-none-eabi/lib/thumb/v7e-m+dp/hard\libc_nano.a(lib_a-wsetup.o)
                              c:/st/stm32cubeide_1.9.0/stm32cubeide/plugins/com.st.stm32cube.ide.mcu.externaltools.gnu-tools-for-stm32.10.3-2021.10.win32_1.0.0.202111181127/tools/bin/../lib/gcc/arm-none-eabi/10.3.1/../../../../arm-none-eabi/lib/thumb/v7e-m+dp/hard\libc_nano.a(lib_a-puts.o) (__swsetup_r)
[...]
Memory Configuration

Name             Origin             Length             Attributes
FLASH            0x0000000008000000 0x0000000000020000 xr
DTCMRAM          0x0000000020000000 0x0000000000020000 xrw
RAM_D1           0x0000000024000000 0x0000000000080000 xrw
RAM_D2           0x0000000030000000 0x0000000000048000 xrw
RAM_D3           0x0000000038000000 0x0000000000010000 xrw
ITCMRAM          0x0000000000000000 0x0000000000010000 xrw
*default*        0x0000000000000000 0xffffffffffffffff

Linker script and memory map

LOAD c:/st/stm32cubeide_1.9.0/stm32cubeide/plugins/com.st.stm32cube.ide.mcu.externaltools.gnu-tools-for-stm32.10.3-2021.10.win32_1.0.0.202111181127/tools/bin/../lib/gcc/arm-none-eabi/10.3.1/thumb/v7e-m+dp/hard/crti.o
LOAD c:/st/stm32cubeide_1.9.0/stm32cubeide/plugins/com.st.stm32cube.ide.mcu.externaltools.gnu-tools-for-stm32.10.3-2021.10.win32_1.0.0.202111181127/tools/bin/../lib/gcc/arm-none-eabi/10.3.1/thumb/v7e-m+dp/hard/crtbegin.o
LOAD c:/st/stm32cubeide_1.9.0/stm32cubeide/plugins/com.st.stm32cube.ide.mcu.externaltools.gnu-tools-for-stm32.10.3-2021.10.win32_1.0.0.202111181127/tools/bin/../lib/gcc/arm-none-eabi/10.3.1/../../../../arm-none-eabi/lib/thumb/v7e-m+dp/hard/crt0.o
LOAD ./Core/Src/dma.o
LOAD ./Core/Src/gpio.o
LOAD ./Core/Src/main.o
LOAD ./Core/Src/sai.o
LOAD ./Core/Src/stm32h7xx_hal_msp.o
LOAD ./Core/Src/stm32h7xx_it.o
LOAD ./Core/Src/syscalls.o
LOAD ./Core/Src/sysmem.o
LOAD ./Core/Src/system_stm32h7xx.o
LOAD ./Core/Startup/startup_stm32h750vbtx.o
LOAD ./Drivers/STM32H7xx_HAL_Driver/Src/stm32h7xx_hal.o
LOAD ./Drivers/STM32H7xx_HAL_Driver/Src/stm32h7xx_hal_cortex.o
LOAD ./Drivers/STM32H7xx_HAL_Driver/Src/stm32h7xx_hal_dma.o
LOAD ./Drivers/STM32H7xx_HAL_Driver/Src/stm32h7xx_hal_dma_ex.o
LOAD ./Drivers/STM32H7xx_HAL_Driver/Src/stm32h7xx_hal_exti.o
LOAD ./Drivers/STM32H7xx_HAL_Driver/Src/stm32h7xx_hal_flash.o
LOAD ./Drivers/STM32H7xx_HAL_Driver/Src/stm32h7xx_hal_flash_ex.o
LOAD ./Drivers/STM32H7xx_HAL_Driver/Src/stm32h7xx_hal_gpio.o
LOAD ./Drivers/STM32H7xx_HAL_Driver/Src/stm32h7xx_hal_hsem.o
LOAD ./Drivers/STM32H7xx_HAL_Driver/Src/stm32h7xx_hal_i2c.o
LOAD ./Drivers/STM32H7xx_HAL_Driver/Src/stm32h7xx_hal_i2c_ex.o
LOAD ./Drivers/STM32H7xx_HAL_Driver/Src/stm32h7xx_hal_mdma.o
LOAD ./Drivers/STM32H7xx_HAL_Driver/Src/stm32h7xx_hal_pcd.o
LOAD ./Drivers/STM32H7xx_HAL_Driver/Src/stm32h7xx_hal_pcd_ex.o
LOAD ./Drivers/STM32H7xx_HAL_Driver/Src/stm32h7xx_hal_pwr.o
LOAD ./Drivers/STM32H7xx_HAL_Driver/Src/stm32h7xx_hal_pwr_ex.o
LOAD ./Drivers/STM32H7xx_HAL_Driver/Src/stm32h7xx_hal_rcc.o
LOAD ./Drivers/STM32H7xx_HAL_Driver/Src/stm32h7xx_hal_rcc_ex.o
LOAD ./Drivers/STM32H7xx_HAL_Driver/Src/stm32h7xx_hal_sai.o
LOAD ./Drivers/STM32H7xx_HAL_Driver/Src/stm32h7xx_hal_sai_ex.o
LOAD ./Drivers/STM32H7xx_HAL_Driver/Src/stm32h7xx_hal_tim.o
LOAD ./Drivers/STM32H7xx_HAL_Driver/Src/stm32h7xx_hal_tim_ex.o
LOAD ./Drivers/STM32H7xx_HAL_Driver/Src/stm32h7xx_ll_usb.o
LOAD ./Middlewares/ST/STM32_USB_Device_Library/Class/AUDIO/Src/usbd_audio.o
LOAD ./Middlewares/ST/STM32_USB_Device_Library/Core/Src/usbd_core.o
LOAD ./Middlewares/ST/STM32_USB_Device_Library/Core/Src/usbd_ctlreq.o
LOAD ./Middlewares/ST/STM32_USB_Device_Library/Core/Src/usbd_ioreq.o
LOAD ./USB_DEVICE/App/usb_device.o
LOAD ./USB_DEVICE/App/usbd_audio_if.o
LOAD ./USB_DEVICE/App/usbd_desc.o
LOAD ./USB_DEVICE/Target/usbd_conf.o
START GROUP
LOAD c:/st/stm32cubeide_1.9.0/stm32cubeide/plugins/com.st.stm32cube.ide.mcu.externaltools.gnu-tools-for-stm32.10.3-2021.10.win32_1.0.0.202111181127/tools/bin/../lib/gcc/arm-none-eabi/10.3.1/../../../../arm-none-eabi/lib/thumb/v7e-m+dp/hard\libc_nano.a
LOAD c:/st/stm32cubeide_1.9.0/stm32cubeide/plugins/com.st.stm32cube.ide.mcu.externaltools.gnu-tools-for-stm32.10.3-2021.10.win32_1.0.0.202111181127/tools/bin/../lib/gcc/arm-none-eabi/10.3.1/../../../../arm-none-eabi/lib/thumb/v7e-m+dp/hard\libm.a
END GROUP
START GROUP
LOAD c:/st/stm32cubeide_1.9.0/stm32cubeide/plugins/com.st.stm32cube.ide.mcu.externaltools.gnu-tools-for-stm32.10.3-2021.10.win32_1.0.0.202111181127/tools/bin/../lib/gcc/arm-none-eabi/10.3.1/thumb/v7e-m+dp/hard\libgcc.a
LOAD c:/st/stm32cubeide_1.9.0/stm32cubeide/plugins/com.st.stm32cube.ide.mcu.externaltools.gnu-tools-for-stm32.10.3-2021.10.win32_1.0.0.202111181127/tools/bin/../lib/gcc/arm-none-eabi/10.3.1/../../../../arm-none-eabi/lib/thumb/v7e-m+dp/hard\libc_nano.a
END GROUP
START GROUP
LOAD c:/st/stm32cubeide_1.9.0/stm32cubeide/plugins/com.st.stm32cube.ide.mcu.externaltools.gnu-tools-for-stm32.10.3-2021.10.win32_1.0.0.202111181127/tools/bin/../lib/gcc/arm-none-eabi/10.3.1/thumb/v7e-m+dp/hard\libgcc.a
LOAD c:/st/stm32cubeide_1.9.0/stm32cubeide/plugins/com.st.stm32cube.ide.mcu.externaltools.gnu-tools-for-stm32.10.3-2021.10.win32_1.0.0.202111181127/tools/bin/../lib/gcc/arm-none-eabi/10.3.1/../../../../arm-none-eabi/lib/thumb/v7e-m+dp/hard\libc_nano.a
LOAD c:/st/stm32cubeide_1.9.0/stm32cubeide/plugins/com.st.stm32cube.ide.mcu.externaltools.gnu-tools-for-stm32.10.3-2021.10.win32_1.0.0.202111181127/tools/bin/../lib/gcc/arm-none-eabi/10.3.1/../../../../arm-none-eabi/lib/thumb/v7e-m+dp/hard\libnosys.a
END GROUP
START GROUP
LOAD c:/st/stm32cubeide_1.9.0/stm32cubeide/plugins/com.st.stm32cube.ide.mcu.externaltools.gnu-tools-for-stm32.10.3-2021.10.win32_1.0.0.202111181127/tools/bin/../lib/gcc/arm-none-eabi/10.3.1/thumb/v7e-m+dp/hard\libgcc.a
LOAD c:/st/stm32cubeide_1.9.0/stm32cubeide/plugins/com.st.stm32cube.ide.mcu.externaltools.gnu-tools-for-stm32.10.3-2021.10.win32_1.0.0.202111181127/tools/bin/../lib/gcc/arm-none-eabi/10.3.1/../../../../arm-none-eabi/lib/thumb/v7e-m+dp/hard\libc_nano.a
LOAD c:/st/stm32cubeide_1.9.0/stm32cubeide/plugins/com.st.stm32cube.ide.mcu.externaltools.gnu-tools-for-stm32.10.3-2021.10.win32_1.0.0.202111181127/tools/bin/../lib/gcc/arm-none-eabi/10.3.1/../../../../arm-none-eabi/lib/thumb/v7e-m+dp/hard\libnosys.a
END GROUP
LOAD c:/st/stm32cubeide_1.9.0/stm32cubeide/plugins/com.st.stm32cube.ide.mcu.externaltools.gnu-tools-for-stm32.10.3-2021.10.win32_1.0.0.202111181127/tools/bin/../lib/gcc/arm-none-eabi/10.3.1/thumb/v7e-m+dp/hard/crtend.o
LOAD c:/st/stm32cubeide_1.9.0/stm32cubeide/plugins/com.st.stm32cube.ide.mcu.externaltools.gnu-tools-for-stm32.10.3-2021.10.win32_1.0.0.202111181127/tools/bin/../lib/gcc/arm-none-eabi/10.3.1/thumb/v7e-m+dp/hard/crtn.o
                0x0000000024080000                _estack = (ORIGIN (RAM_D1) + LENGTH (RAM_D1))
                0x0000000000004000                _Min_Heap_Size = 0x4000
                0x0000000000004000                _Min_Stack_Size = 0x4000

.isr_vector     0x0000000008000000      0x298
                0x0000000008000000                . = ALIGN (0x4)
 *(.isr_vector)
 .isr_vector    0x0000000008000000      0x298 ./Core/Startup/startup_stm32h750vbtx.o
                0x0000000008000000                g_pfnVectors
                0x0000000008000298                . = ALIGN (0x4)

.text           0x00000000080002a0     0xce08
                0x00000000080002a0                . = ALIGN (0x4)
 *(.text)
 .text          0x00000000080002a0       0x40 c:/st/stm32cubeide_1.9.0/stm32cubeide/plugins/com.st.stm32cube.ide.mcu.externaltools.gnu-tools-for-stm32.10.3-2021.10.win32_1.0.0.202111181127/tools/bin/../lib/gcc/arm-none-eabi/10.3.1/thumb/v7e-m+dp/hard/crtbegin.o
 .text          0x00000000080002e0       0xa0 c:/st/stm32cubeide_1.9.0/stm32cubeide/plugins/com.st.stm32cube.ide.mcu.externaltools.gnu-tools-for-stm32.10.3-2021.10.win32_1.0.0.202111181127/tools/bin/../lib/gcc/arm-none-eabi/10.3.1/../../../../arm-none-eabi/lib/thumb/v7e-m+dp/hard\libc_nano.a(lib_a-memchr.o)
                0x00000000080002e0                memchr
 *(.text*)
 .text.MX_DMA_Init
                0x0000000008000380       0x60 ./Core/Src/dma.o
                0x0000000008000380                MX_DMA_Init
 .text.MX_GPIO_Init
                0x00000000080003e0      0x100 ./Core/Src/gpio.o
                0x00000000080003e0                MX_GPIO_Init
 .text.main     0x00000000080004e0       0x26 ./Core/Src/main.o
                0x00000000080004e0                main
 *fill*         0x0000000008000506        0x2 
 .text.SystemClock_Config
                0x0000000008000508      0x164 ./Core/Src/main.o
                0x0000000008000508                SystemClock_Config
 .text.Error_Handler
                0x000000000800066c       0x14 ./Core/Src/main.o
                0x000000000800066c                Error_Handler
 .text.MX_SAI1_Init
                0x0000000008000680       0xc4 ./Core/Src/sai.o
                0x0000000008000680                MX_SAI1_Init
 .text.MX_SAI2_Init
                0x0000000008000744       0xb4 ./Core/Src/sai.o
                0x0000000008000744                MX_SAI2_Init
 .text.MX_SAI3_Init
                0x00000000080007f8       0xb4 ./Core/Src/sai.o
                0x00000000080007f8                MX_SAI3_Init
 .text.HAL_SAI_MspInit
                0x00000000080008ac      0x36c ./Core/Src/sai.o
                0x00000000080008ac                HAL_SAI_MspInit
 .text.HAL_MspInit
                0x0000000008000c18       0x34 ./Core/Src/stm32h7xx_hal_msp.o
                0x0000000008000c18                HAL_MspInit
 .text.NMI_Handler
                0x0000000008000c4c        0xa ./Core/Src/stm32h7xx_it.o
                0x0000000008000c4c                NMI_Handler
 .text.HardFault_Handler
                0x0000000008000c56        0x6 ./Core/Src/stm32h7xx_it.o
                0x0000000008000c56                HardFault_Handler
 .text.MemManage_Handler
                0x0000000008000c5c        0x6 ./Core/Src/stm32h7xx_it.o
                0x0000000008000c5c                MemManage_Handler
 .text.BusFault_Handler
                0x0000000008000c62        0x6 ./Core/Src/stm32h7xx_it.o
                0x0000000008000c62                BusFault_Handler
 .text.UsageFault_Handler
                0x0000000008000c68        0x6 ./Core/Src/stm32h7xx_it.o
                0x0000000008000c68                UsageFault_Handler
 .text.SVC_Handler
                0x0000000008000c6e        0xe ./Core/Src/stm32h7xx_it.o
                0x0000000008000c6e                SVC_Handler
 .text.DebugMon_Handler
                0x0000000008000c7c        0xe ./Core/Src/stm32h7xx_it.o
                0x0000000008000c7c                DebugMon_Handler
 .text.PendSV_Handler
                0x0000000008000c8a        0xe ./Core/Src/stm32h7xx_it.o
                0x0000000008000c8a                PendSV_Handler
 .text.SysTick_Handler
                0x0000000008000c98        0xc ./Core/Src/stm32h7xx_it.o
                0x0000000008000c98                SysTick_Handler
 .text.DMA1_Stream1_IRQHandler
                0x0000000008000ca4       0x14 ./Core/Src/stm32h7xx_it.o
                0x0000000008000ca4                DMA1_Stream1_IRQHandler
 .text.DMA1_Stream2_IRQHandler
                0x0000000008000cb8       0x14 ./Core/Src/stm32h7xx_it.o
                0x0000000008000cb8                DMA1_Stream2_IRQHandler
 .text.DMA1_Stream3_IRQHandler
                0x0000000008000ccc       0x14 ./Core/Src/stm32h7xx_it.o
                0x0000000008000ccc                DMA1_Stream3_IRQHandler
 .text.OTG_FS_EP1_OUT_IRQHandler
                0x0000000008000ce0       0x14 ./Core/Src/stm32h7xx_it.o
                0x0000000008000ce0                OTG_FS_EP1_OUT_IRQHandler
 .text.OTG_FS_EP1_IN_IRQHandler
                0x0000000008000cf4       0x14 ./Core/Src/stm32h7xx_it.o
                0x0000000008000cf4                OTG_FS_EP1_IN_IRQHandler
 .text.OTG_FS_IRQHandler
                0x0000000008000d08       0x14 ./Core/Src/stm32h7xx_it.o
                0x0000000008000d08                OTG_FS_IRQHandler
 .text._read    0x0000000008000d1c       0x3a ./Core/Src/syscalls.o
                0x0000000008000d1c                _read
 .text._write   0x0000000008000d56       0x38 ./Core/Src/syscalls.o
                0x0000000008000d56                _write
 .text._close   0x0000000008000d8e       0x18 ./Core/Src/syscalls.o
                0x0000000008000d8e                _close
 .text._fstat   0x0000000008000da6       0x20 ./Core/Src/syscalls.o
                0x0000000008000da6                _fstat
 .text._isatty  0x0000000008000dc6       0x16 ./Core/Src/syscalls.o
                0x0000000008000dc6                _isatty
 .text._lseek   0x0000000008000ddc       0x1a ./Core/Src/syscalls.o
                0x0000000008000ddc                _lseek
 *fill*         0x0000000008000df6        0x2 
 .text._sbrk    0x0000000008000df8       0x6c ./Core/Src/sysmem.o
                0x0000000008000df8                _sbrk
 .text.SystemInit
                0x0000000008000e64      0x110 ./Core/Src/system_stm32h7xx.o
                0x0000000008000e64                SystemInit
 .text.Reset_Handler
                0x0000000008000f74       0x50 ./Core/Startup/startup_stm32h750vbtx.o
                0x0000000008000f74                Reset_Handler
 .text.Default_Handler
                0x0000000008000fc4        0x2 ./Core/Startup/startup_stm32h750vbtx.o
                0x0000000008000fc4                RTC_Alarm_IRQHandler
                0x0000000008000fc4                HASH_RNG_IRQHandler
                0x0000000008000fc4                EXTI2_IRQHandler
                0x0000000008000fc4                TIM8_CC_IRQHandler
                0x0000000008000fc4                HRTIM1_Master_IRQHandler
                0x0000000008000fc4                UART8_IRQHandler
                0x0000000008000fc4                SPI4_IRQHandler
                0x0000000008000fc4                TIM1_CC_IRQHandler
                0x0000000008000fc4                BDMA_Channel6_IRQHandler
                0x0000000008000fc4                DMA2_Stream5_IRQHandler
                0x0000000008000fc4                HRTIM1_FLT_IRQHandler
                0x0000000008000fc4                JPEG_IRQHandler
                0x0000000008000fc4                DMA1_Stream5_IRQHandler
                0x0000000008000fc4                BDMA_Channel1_IRQHandler
                0x0000000008000fc4                HRTIM1_TIMD_IRQHandler
                0x0000000008000fc4                TAMP_STAMP_IRQHandler
                0x0000000008000fc4                EXTI3_IRQHandler
                0x0000000008000fc4                LPTIM4_IRQHandler
                0x0000000008000fc4                TIM8_TRG_COM_TIM14_IRQHandler
                0x0000000008000fc4                LPTIM2_IRQHandler
                0x0000000008000fc4                DFSDM1_FLT1_IRQHandler
                0x0000000008000fc4                DMAMUX2_OVR_IRQHandler
                0x0000000008000fc4                TIM8_UP_TIM13_IRQHandler
                0x0000000008000fc4                I2C3_ER_IRQHandler
                0x0000000008000fc4                DFSDM1_FLT2_IRQHandler
                0x0000000008000fc4                MDMA_IRQHandler
                0x0000000008000fc4                LPTIM3_IRQHandler
                0x0000000008000fc4                HSEM1_IRQHandler
                0x0000000008000fc4                EXTI0_IRQHandler
                0x0000000008000fc4                I2C2_EV_IRQHandler
                0x0000000008000fc4                FPU_IRQHandler
                0x0000000008000fc4                OTG_HS_WKUP_IRQHandler
                0x0000000008000fc4                FDCAN1_IT1_IRQHandler
                0x0000000008000fc4                LTDC_ER_IRQHandler
                0x0000000008000fc4                DMA2_Stream2_IRQHandler
                0x0000000008000fc4                HRTIM1_TIME_IRQHandler
                0x0000000008000fc4                SPI1_IRQHandler
                0x0000000008000fc4                TIM6_DAC_IRQHandler
                0x0000000008000fc4                DCMI_IRQHandler
                0x0000000008000fc4                HRTIM1_TIMC_IRQHandler
                0x0000000008000fc4                DMA2_Stream3_IRQHandler
                0x0000000008000fc4                SAI2_IRQHandler
                0x0000000008000fc4                DFSDM1_FLT3_IRQHandler
                0x0000000008000fc4                USART6_IRQHandler
                0x0000000008000fc4                TIM17_IRQHandler
                0x0000000008000fc4                USART3_IRQHandler
                0x0000000008000fc4                BDMA_Channel7_IRQHandler
                0x0000000008000fc4                CRYP_IRQHandler
                0x0000000008000fc4                LPTIM5_IRQHandler
                0x0000000008000fc4                UART5_IRQHandler
                0x0000000008000fc4                ADC3_IRQHandler
                0x0000000008000fc4                DMA2_Stream0_IRQHandler
                0x0000000008000fc4                TIM4_IRQHandler
                0x0000000008000fc4                BDMA_Channel2_IRQHandler
                0x0000000008000fc4                QUADSPI_IRQHandler
                0x0000000008000fc4                I2C1_EV_IRQHandler
                0x0000000008000fc4                DMA1_Stream6_IRQHandler
                0x0000000008000fc4                DMAMUX1_OVR_IRQHandler
                0x0000000008000fc4                TIM16_IRQHandler
                0x0000000008000fc4                UART4_IRQHandler
                0x0000000008000fc4                BDMA_Channel5_IRQHandler
                0x0000000008000fc4                TIM3_IRQHandler
                0x0000000008000fc4                RCC_IRQHandler
                0x0000000008000fc4                TIM8_BRK_TIM12_IRQHandler
                0x0000000008000fc4                TIM1_TRG_COM_IRQHandler
                0x0000000008000fc4                Default_Handler
                0x0000000008000fc4                ECC_IRQHandler
                0x0000000008000fc4                CEC_IRQHandler
                0x0000000008000fc4                EXTI15_10_IRQHandler
                0x0000000008000fc4                BDMA_Channel0_IRQHandler
                0x0000000008000fc4                ADC_IRQHandler
                0x0000000008000fc4                DMA1_Stream7_IRQHandler
                0x0000000008000fc4                HRTIM1_TIMA_IRQHandler
                0x0000000008000fc4                SPI5_IRQHandler
                0x0000000008000fc4                TIM7_IRQHandler
                0x0000000008000fc4                SDMMC1_IRQHandler
                0x0000000008000fc4                TIM5_IRQHandler
                0x0000000008000fc4                DMA2_Stream7_IRQHandler
                0x0000000008000fc4                TIM15_IRQHandler
                0x0000000008000fc4                PVD_AVD_IRQHandler
                0x0000000008000fc4                I2C3_EV_IRQHandler
                0x0000000008000fc4                EXTI9_5_IRQHandler
                0x0000000008000fc4                RTC_WKUP_IRQHandler
                0x0000000008000fc4                LTDC_IRQHandler
                0x0000000008000fc4                SAI3_IRQHandler
                0x0000000008000fc4                ETH_WKUP_IRQHandler
                0x0000000008000fc4                SPDIF_RX_IRQHandler
                0x0000000008000fc4                SPI2_IRQHandler
                0x0000000008000fc4                OTG_HS_EP1_IN_IRQHandler
                0x0000000008000fc4                DMA1_Stream0_IRQHandler
                0x0000000008000fc4                CRS_IRQHandler
                0x0000000008000fc4                EXTI4_IRQHandler
                0x0000000008000fc4                HRTIM1_TIMB_IRQHandler
                0x0000000008000fc4                FDCAN2_IT1_IRQHandler
                0x0000000008000fc4                ETH_IRQHandler
                0x0000000008000fc4                TIM1_UP_IRQHandler
                0x0000000008000fc4                BDMA_Channel4_IRQHandler
                0x0000000008000fc4                OTG_HS_EP1_OUT_IRQHandler
                0x0000000008000fc4                WWDG_IRQHandler
                0x0000000008000fc4                SPI6_IRQHandler
                0x0000000008000fc4                MDIOS_IRQHandler
                0x0000000008000fc4                I2C4_EV_IRQHandler
                0x0000000008000fc4                FDCAN2_IT0_IRQHandler
                0x0000000008000fc4                LPUART1_IRQHandler
                0x0000000008000fc4                FDCAN1_IT0_IRQHandler
                0x0000000008000fc4                TIM2_IRQHandler
                0x0000000008000fc4                OTG_FS_WKUP_IRQHandler
                0x0000000008000fc4                OTG_HS_IRQHandler
                0x0000000008000fc4                DMA2D_IRQHandler
                0x0000000008000fc4                TIM1_BRK_IRQHandler
                0x0000000008000fc4                EXTI1_IRQHandler
                0x0000000008000fc4                SDMMC2_IRQHandler
                0x0000000008000fc4                BDMA_Channel3_IRQHandler
                0x0000000008000fc4                UART7_IRQHandler
                0x0000000008000fc4                MDIOS_WKUP_IRQHandler
                0x0000000008000fc4                USART2_IRQHandler
                0x0000000008000fc4                DFSDM1_FLT0_IRQHandler
                0x0000000008000fc4                SAI4_IRQHandler
                0x0000000008000fc4                I2C2_ER_IRQHandler
                0x0000000008000fc4                DMA2_Stream1_IRQHandler
                0x0000000008000fc4                FLASH_IRQHandler
                0x0000000008000fc4                DMA2_Stream4_IRQHandler
                0x0000000008000fc4                USART1_IRQHandler
                0x0000000008000fc4                SPI3_IRQHandler
                0x0000000008000fc4                WAKEUP_PIN_IRQHandler
                0x0000000008000fc4                DMA1_Stream4_IRQHandler
                0x0000000008000fc4                I2C1_ER_IRQHandler
                0x0000000008000fc4                FMC_IRQHandler
                0x0000000008000fc4                FDCAN_CAL_IRQHandler
                0x0000000008000fc4                SWPMI1_IRQHandler
                0x0000000008000fc4                COMP1_IRQHandler
                0x0000000008000fc4                LPTIM1_IRQHandler
                0x0000000008000fc4                I2C4_ER_IRQHandler
                0x0000000008000fc4                DMA2_Stream6_IRQHandler
                0x0000000008000fc4                SAI1_IRQHandler
 *fill*         0x0000000008000fc6        0x2 
 .text.HAL_Init
                0x0000000008000fc8       0x78 ./Drivers/STM32H7xx_HAL_Driver/Src/stm32h7xx_hal.o
                0x0000000008000fc8                HAL_Init
 .text.HAL_InitTick
                0x0000000008001040       0x6c ./Drivers/STM32H7xx_HAL_Driver/Src/stm32h7xx_hal.o
                0x0000000008001040                HAL_InitTick
 .text.HAL_IncTick
                0x00000000080010ac       0x28 ./Drivers/STM32H7xx_HAL_Driver/Src/stm32h7xx_hal.o
                0x00000000080010ac                HAL_IncTick
 .text.HAL_GetTick
                0x00000000080010d4       0x18 ./Drivers/STM32H7xx_HAL_Driver/Src/stm32h7xx_hal.o
                0x00000000080010d4                HAL_GetTick
 .text.HAL_Delay
                0x00000000080010ec       0x48 ./Drivers/STM32H7xx_HAL_Driver/Src/stm32h7xx_hal.o
                0x00000000080010ec                HAL_Delay
 .text.HAL_GetREVID
                0x0000000008001134       0x18 ./Drivers/STM32H7xx_HAL_Driver/Src/stm32h7xx_hal.o
                0x0000000008001134                HAL_GetREVID
 .text.__NVIC_SetPriorityGrouping
                0x000000000800114c       0x48 ./Drivers/STM32H7xx_HAL_Driver/Src/stm32h7xx_hal_cortex.o
 .text.__NVIC_GetPriorityGrouping
                0x0000000008001194       0x1c ./Drivers/STM32H7xx_HAL_Driver/Src/stm32h7xx_hal_cortex.o
 .text.__NVIC_EnableIRQ
                0x00000000080011b0       0x3c ./Drivers/STM32H7xx_HAL_Driver/Src/stm32h7xx_hal_cortex.o
 .text.__NVIC_SetPriority
                0x00000000080011ec       0x54 ./Drivers/STM32H7xx_HAL_Driver/Src/stm32h7xx_hal_cortex.o
 .text.NVIC_EncodePriority
                0x0000000008001240       0x66 ./Drivers/STM32H7xx_HAL_Driver/Src/stm32h7xx_hal_cortex.o
 *fill*         0x00000000080012a6        0x2 
 .text.SysTick_Config
                0x00000000080012a8       0x44 ./Drivers/STM32H7xx_HAL_Driver/Src/stm32h7xx_hal_cortex.o
 .text.HAL_NVIC_SetPriorityGrouping
                0x00000000080012ec       0x16 ./Drivers/STM32H7xx_HAL_Driver/Src/stm32h7xx_hal_cortex.o
                0x00000000080012ec                HAL_NVIC_SetPriorityGrouping
 .text.HAL_NVIC_SetPriority
                0x0000000008001302       0x34 ./Drivers/STM32H7xx_HAL_Driver/Src/stm32h7xx_hal_cortex.o
                0x0000000008001302                HAL_NVIC_SetPriority
 .text.HAL_NVIC_EnableIRQ
                0x0000000008001336       0x1c ./Drivers/STM32H7xx_HAL_Driver/Src/stm32h7xx_hal_cortex.o
                0x0000000008001336                HAL_NVIC_EnableIRQ
 .text.HAL_SYSTICK_Config
                0x0000000008001352       0x18 ./Drivers/STM32H7xx_HAL_Driver/Src/stm32h7xx_hal_cortex.o
                0x0000000008001352                HAL_SYSTICK_Config
 *fill*         0x000000000800136a        0x2 
 .text.HAL_DMA_Init
                0x000000000800136c      0x6b8 ./Drivers/STM32H7xx_HAL_Driver/Src/stm32h7xx_hal_dma.o
                0x000000000800136c                HAL_DMA_Init
 .text.HAL_DMA_IRQHandler
                0x0000000008001a24      0xe54 ./Drivers/STM32H7xx_HAL_Driver/Src/stm32h7xx_hal_dma.o
                0x0000000008001a24                HAL_DMA_IRQHandler
 .text.DMA_CalcBaseAndBitshift
                0x0000000008002878      0x164 ./Drivers/STM32H7xx_HAL_Driver/Src/stm32h7xx_hal_dma.o
 .text.DMA_CheckFifoParam
                0x00000000080029dc       0xf8 ./Drivers/STM32H7xx_HAL_Driver/Src/stm32h7xx_hal_dma.o
 .text.DMA_CalcDMAMUXChannelBaseAndMask
                0x0000000008002ad4      0x134 ./Drivers/STM32H7xx_HAL_Driver/Src/stm32h7xx_hal_dma.o
 .text.DMA_CalcDMAMUXRequestGenBaseAndMask
                0x0000000008002c08       0xe8 ./Drivers/STM32H7xx_HAL_Driver/Src/stm32h7xx_hal_dma.o
 .text.HAL_GPIO_Init
                0x0000000008002cf0      0x360 ./Drivers/STM32H7xx_HAL_Driver/Src/stm32h7xx_hal_gpio.o
                0x0000000008002cf0                HAL_GPIO_Init
 .text.HAL_GPIO_WritePin
                0x0000000008003050       0x32 ./Drivers/STM32H7xx_HAL_Driver/Src/stm32h7xx_hal_gpio.o
                0x0000000008003050                HAL_GPIO_WritePin
 .text.HAL_PCD_Init
                0x0000000008003082      0x248 ./Drivers/STM32H7xx_HAL_Driver/Src/stm32h7xx_hal_pcd.o
                0x0000000008003082                HAL_PCD_Init
 .text.HAL_PCD_Start
                0x00000000080032ca       0x66 ./Drivers/STM32H7xx_HAL_Driver/Src/stm32h7xx_hal_pcd.o
                0x00000000080032ca                HAL_PCD_Start
 .text.HAL_PCD_IRQHandler
                0x0000000008003330      0x998 ./Drivers/STM32H7xx_HAL_Driver/Src/stm32h7xx_hal_pcd.o
                0x0000000008003330                HAL_PCD_IRQHandler
 .text.HAL_PCD_SetAddress
                0x0000000008003cc8       0x4a ./Drivers/STM32H7xx_HAL_Driver/Src/stm32h7xx_hal_pcd.o
                0x0000000008003cc8                HAL_PCD_SetAddress
 .text.HAL_PCD_EP_Open
                0x0000000008003d12       0xd0 ./Drivers/STM32H7xx_HAL_Driver/Src/stm32h7xx_hal_pcd.o
                0x0000000008003d12                HAL_PCD_EP_Open
 .text.HAL_PCD_EP_Close
                0x0000000008003de2       0x94 ./Drivers/STM32H7xx_HAL_Driver/Src/stm32h7xx_hal_pcd.o
                0x0000000008003de2                HAL_PCD_EP_Close
 .text.HAL_PCD_EP_Receive
                0x0000000008003e76       0x96 ./Drivers/STM32H7xx_HAL_Driver/Src/stm32h7xx_hal_pcd.o
                0x0000000008003e76                HAL_PCD_EP_Receive
 .text.HAL_PCD_EP_GetRxCount
                0x0000000008003f0c       0x30 ./Drivers/STM32H7xx_HAL_Driver/Src/stm32h7xx_hal_pcd.o
                0x0000000008003f0c                HAL_PCD_EP_GetRxCount
 .text.HAL_PCD_EP_Transmit
                0x0000000008003f3c       0x94 ./Drivers/STM32H7xx_HAL_Driver/Src/stm32h7xx_hal_pcd.o
                0x0000000008003f3c                HAL_PCD_EP_Transmit
 .text.HAL_PCD_EP_SetStall
                0x0000000008003fd0       0xc8 ./Drivers/STM32H7xx_HAL_Driver/Src/stm32h7xx_hal_pcd.o
                0x0000000008003fd0                HAL_PCD_EP_SetStall
 .text.HAL_PCD_EP_ClrStall
                0x0000000008004098       0xac ./Drivers/STM32H7xx_HAL_Driver/Src/stm32h7xx_hal_pcd.o
                0x0000000008004098                HAL_PCD_EP_ClrStall
 .text.HAL_PCD_EP_Abort
                0x0000000008004144       0x62 ./Drivers/STM32H7xx_HAL_Driver/Src/stm32h7xx_hal_pcd.o
                0x0000000008004144                HAL_PCD_EP_Abort
 .text.PCD_WriteEmptyTxFifo
                0x00000000080041a6      0x11a ./Drivers/STM32H7xx_HAL_Driver/Src/stm32h7xx_hal_pcd.o
 .text.PCD_EP_OutXfrComplete_int
                0x00000000080042c0      0x1d0 ./Drivers/STM32H7xx_HAL_Driver/Src/stm32h7xx_hal_pcd.o
 .text.PCD_EP_OutSetupPacket_int
                0x0000000008004490       0x8c ./Drivers/STM32H7xx_HAL_Driver/Src/stm32h7xx_hal_pcd.o
 .text.HAL_PCDEx_SetTxFiFo
                0x000000000800451c       0x8e ./Drivers/STM32H7xx_HAL_Driver/Src/stm32h7xx_hal_pcd_ex.o
                0x000000000800451c                HAL_PCDEx_SetTxFiFo
 .text.HAL_PCDEx_SetRxFiFo
                0x00000000080045aa       0x22 ./Drivers/STM32H7xx_HAL_Driver/Src/stm32h7xx_hal_pcd_ex.o
                0x00000000080045aa                HAL_PCDEx_SetRxFiFo
 .text.HAL_PCDEx_ActivateLPM
                0x00000000080045cc       0x48 ./Drivers/STM32H7xx_HAL_Driver/Src/stm32h7xx_hal_pcd_ex.o
                0x00000000080045cc                HAL_PCDEx_ActivateLPM
 .text.HAL_PCDEx_LPM_Callback
                0x0000000008004614       0x18 ./Drivers/STM32H7xx_HAL_Driver/Src/stm32h7xx_hal_pcd_ex.o
                0x0000000008004614                HAL_PCDEx_LPM_Callback
 .text.HAL_PWREx_ConfigSupply
                0x000000000800462c       0x74 ./Drivers/STM32H7xx_HAL_Driver/Src/stm32h7xx_hal_pwr_ex.o
                0x000000000800462c                HAL_PWREx_ConfigSupply
 .text.HAL_PWREx_EnableUSBVoltageDetector
                0x00000000080046a0       0x20 ./Drivers/STM32H7xx_HAL_Driver/Src/stm32h7xx_hal_pwr_ex.o
                0x00000000080046a0                HAL_PWREx_EnableUSBVoltageDetector
 .text.HAL_RCC_OscConfig
                0x00000000080046c0      0x85c ./Drivers/STM32H7xx_HAL_Driver/Src/stm32h7xx_hal_rcc.o
                0x00000000080046c0                HAL_RCC_OscConfig
 .text.HAL_RCC_ClockConfig
                0x0000000008004f1c      0x36c ./Drivers/STM32H7xx_HAL_Driver/Src/stm32h7xx_hal_rcc.o
                0x0000000008004f1c                HAL_RCC_ClockConfig
 .text.HAL_RCC_EnableCSS
                0x0000000008005288       0x20 ./Drivers/STM32H7xx_HAL_Driver/Src/stm32h7xx_hal_rcc.o
                0x0000000008005288                HAL_RCC_EnableCSS
 .text.HAL_RCC_GetSysClockFreq
                0x00000000080052a8      0x2f4 ./Drivers/STM32H7xx_HAL_Driver/Src/stm32h7xx_hal_rcc.o
                0x00000000080052a8                HAL_RCC_GetSysClockFreq
 .text.HAL_RCC_GetHCLKFreq
                0x000000000800559c       0x60 ./Drivers/STM32H7xx_HAL_Driver/Src/stm32h7xx_hal_rcc.o
                0x000000000800559c                HAL_RCC_GetHCLKFreq
 .text.HAL_RCC_NMI_IRQHandler
                0x00000000080055fc       0x28 ./Drivers/STM32H7xx_HAL_Driver/Src/stm32h7xx_hal_rcc.o
                0x00000000080055fc                HAL_RCC_NMI_IRQHandler
 .text.HAL_RCC_CSSCallback
                0x0000000008005624        0xe ./Drivers/STM32H7xx_HAL_Driver/Src/stm32h7xx_hal_rcc.o
                0x0000000008005624                HAL_RCC_CSSCallback
 *fill*         0x0000000008005632        0x2 
 .text.HAL_RCCEx_PeriphCLKConfig
                0x0000000008005634      0xe8c ./Drivers/STM32H7xx_HAL_Driver/Src/stm32h7xx_hal_rcc_ex.o
                0x0000000008005634                HAL_RCCEx_PeriphCLKConfig
 .text.HAL_RCCEx_GetPeriphCLKFreq
                0x00000000080064c0      0x9a4 ./Drivers/STM32H7xx_HAL_Driver/Src/stm32h7xx_hal_rcc_ex.o
                0x00000000080064c0                HAL_RCCEx_GetPeriphCLKFreq
 .text.HAL_RCCEx_GetD3PCLK1Freq
                0x0000000008006e64       0x2c ./Drivers/STM32H7xx_HAL_Driver/Src/stm32h7xx_hal_rcc_ex.o
                0x0000000008006e64                HAL_RCCEx_GetD3PCLK1Freq
 .text.HAL_RCCEx_GetPLL2ClockFreq
                0x0000000008006e90      0x2a8 ./Drivers/STM32H7xx_HAL_Driver/Src/stm32h7xx_hal_rcc_ex.o
                0x0000000008006e90                HAL_RCCEx_GetPLL2ClockFreq
 .text.HAL_RCCEx_GetPLL3ClockFreq
                0x0000000008007138      0x2a8 ./Drivers/STM32H7xx_HAL_Driver/Src/stm32h7xx_hal_rcc_ex.o
                0x0000000008007138                HAL_RCCEx_GetPLL3ClockFreq
 .text.HAL_RCCEx_GetPLL1ClockFreq
                0x00000000080073e0      0x2a4 ./Drivers/STM32H7xx_HAL_Driver/Src/stm32h7xx_hal_rcc_ex.o
                0x00000000080073e0                HAL_RCCEx_GetPLL1ClockFreq
 .text.HAL_RCCEx_CRSConfig
                0x0000000008007684       0xac ./Drivers/STM32H7xx_HAL_Driver/Src/stm32h7xx_hal_rcc_ex.o
                0x0000000008007684                HAL_RCCEx_CRSConfig
 .text.RCCEx_PLL2_Config
                0x0000000008007730      0x164 ./Drivers/STM32H7xx_HAL_Driver/Src/stm32h7xx_hal_rcc_ex.o
 .text.RCCEx_PLL3_Config
                0x0000000008007894      0x164 ./Drivers/STM32H7xx_HAL_Driver/Src/stm32h7xx_hal_rcc_ex.o
 .text.HAL_SAI_Init
                0x00000000080079f8      0x540 ./Drivers/STM32H7xx_HAL_Driver/Src/stm32h7xx_hal_sai.o
                0x00000000080079f8                HAL_SAI_Init
 .text.SAI_Disable
                0x0000000008007f38       0x74 ./Drivers/STM32H7xx_HAL_Driver/Src/stm32h7xx_hal_sai.o
 .text.USB_CoreInit
                0x0000000008007fac       0xdc ./Drivers/STM32H7xx_HAL_Driver/Src/stm32h7xx_ll_usb.o
                0x0000000008007fac                USB_CoreInit
 .text.USB_SetTurnaroundTime
                0x0000000008008088      0x144 ./Drivers/STM32H7xx_HAL_Driver/Src/stm32h7xx_ll_usb.o
                0x0000000008008088                USB_SetTurnaroundTime
 .text.USB_EnableGlobalInt
                0x00000000080081cc       0x22 ./Drivers/STM32H7xx_HAL_Driver/Src/stm32h7xx_ll_usb.o
                0x00000000080081cc                USB_EnableGlobalInt
 .text.USB_DisableGlobalInt
                0x00000000080081ee       0x22 ./Drivers/STM32H7xx_HAL_Driver/Src/stm32h7xx_ll_usb.o
                0x00000000080081ee                USB_DisableGlobalInt
 .text.USB_SetCurrentMode
                0x0000000008008210       0x98 ./Drivers/STM32H7xx_HAL_Driver/Src/stm32h7xx_ll_usb.o
                0x0000000008008210                USB_SetCurrentMode
 .text.USB_DevInit
                0x00000000080082a8      0x2bc ./Drivers/STM32H7xx_HAL_Driver/Src/stm32h7xx_ll_usb.o
                0x00000000080082a8                USB_DevInit
 .text.USB_FlushTxFifo
                0x0000000008008564       0x68 ./Drivers/STM32H7xx_HAL_Driver/Src/stm32h7xx_ll_usb.o
                0x0000000008008564                USB_FlushTxFifo
 .text.USB_FlushRxFifo
                0x00000000080085cc       0x60 ./Drivers/STM32H7xx_HAL_Driver/Src/stm32h7xx_ll_usb.o
                0x00000000080085cc                USB_FlushRxFifo
 .text.USB_SetDevSpeed
                0x000000000800862c       0x32 ./Drivers/STM32H7xx_HAL_Driver/Src/stm32h7xx_ll_usb.o
                0x000000000800862c                USB_SetDevSpeed
 .text.USB_GetDevSpeed
                0x000000000800865e       0x4a ./Drivers/STM32H7xx_HAL_Driver/Src/stm32h7xx_ll_usb.o
                0x000000000800865e                USB_GetDevSpeed
 .text.USB_ActivateEndpoint
                0x00000000080086a8      0x110 ./Drivers/STM32H7xx_HAL_Driver/Src/stm32h7xx_ll_usb.o
                0x00000000080086a8                USB_ActivateEndpoint
 .text.USB_DeactivateEndpoint
                0x00000000080087b8      0x1b8 ./Drivers/STM32H7xx_HAL_Driver/Src/stm32h7xx_ll_usb.o
                0x00000000080087b8                USB_DeactivateEndpoint
 .text.USB_EPStartXfer
                0x0000000008008970      0x4a0 ./Drivers/STM32H7xx_HAL_Driver/Src/stm32h7xx_ll_usb.o
                0x0000000008008970                USB_EPStartXfer
 .text.USB_EP0StartXfer
                0x0000000008008e10      0x2b8 ./Drivers/STM32H7xx_HAL_Driver/Src/stm32h7xx_ll_usb.o
                0x0000000008008e10                USB_EP0StartXfer
 .text.USB_EPStopXfer
                0x00000000080090c8      0x154 ./Drivers/STM32H7xx_HAL_Driver/Src/stm32h7xx_ll_usb.o
                0x00000000080090c8                USB_EPStopXfer
 .text.USB_WritePacket
                0x000000000800921c       0x7c ./Drivers/STM32H7xx_HAL_Driver/Src/stm32h7xx_ll_usb.o
                0x000000000800921c                USB_WritePacket
 .text.USB_ReadPacket
                0x0000000008009298       0xb0 ./Drivers/STM32H7xx_HAL_Driver/Src/stm32h7xx_ll_usb.o
                0x0000000008009298                USB_ReadPacket
 .text.USB_EPSetStall
                0x0000000008009348       0xdc ./Drivers/STM32H7xx_HAL_Driver/Src/stm32h7xx_ll_usb.o
                0x0000000008009348                USB_EPSetStall
 .text.USB_EPClearStall
                0x0000000008009424       0xcc ./Drivers/STM32H7xx_HAL_Driver/Src/stm32h7xx_ll_usb.o
                0x0000000008009424                USB_EPClearStall
 .text.USB_SetDevAddress
                0x00000000080094f0       0x4c ./Drivers/STM32H7xx_HAL_Driver/Src/stm32h7xx_ll_usb.o
                0x00000000080094f0                USB_SetDevAddress
 .text.USB_DevConnect
                0x000000000800953c       0x42 ./Drivers/STM32H7xx_HAL_Driver/Src/stm32h7xx_ll_usb.o
                0x000000000800953c                USB_DevConnect
 .text.USB_DevDisconnect
                0x000000000800957e       0x42 ./Drivers/STM32H7xx_HAL_Driver/Src/stm32h7xx_ll_usb.o
                0x000000000800957e                USB_DevDisconnect
 .text.USB_ReadInterrupts
                0x00000000080095c0       0x26 ./Drivers/STM32H7xx_HAL_Driver/Src/stm32h7xx_ll_usb.o
                0x00000000080095c0                USB_ReadInterrupts
 .text.USB_ReadDevAllOutEpInterrupt
                0x00000000080095e6       0x34 ./Drivers/STM32H7xx_HAL_Driver/Src/stm32h7xx_ll_usb.o
                0x00000000080095e6                USB_ReadDevAllOutEpInterrupt
 .text.USB_ReadDevAllInEpInterrupt
                0x000000000800961a       0x34 ./Drivers/STM32H7xx_HAL_Driver/Src/stm32h7xx_ll_usb.o
                0x000000000800961a                USB_ReadDevAllInEpInterrupt
 .text.USB_ReadDevOutEPInterrupt
                0x000000000800964e       0x3c ./Drivers/STM32H7xx_HAL_Driver/Src/stm32h7xx_ll_usb.o
                0x000000000800964e                USB_ReadDevOutEPInterrupt
 .text.USB_ReadDevInEPInterrupt
                0x000000000800968a       0x5c ./Drivers/STM32H7xx_HAL_Driver/Src/stm32h7xx_ll_usb.o
                0x000000000800968a                USB_ReadDevInEPInterrupt
 .text.USB_GetMode
                0x00000000080096e6       0x1c ./Drivers/STM32H7xx_HAL_Driver/Src/stm32h7xx_ll_usb.o
                0x00000000080096e6                USB_GetMode
 *fill*         0x0000000008009702        0x2 
 .text.USB_ActivateSetup
                0x0000000008009704       0x48 ./Drivers/STM32H7xx_HAL_Driver/Src/stm32h7xx_ll_usb.o
                0x0000000008009704                USB_ActivateSetup
 .text.USB_EP0_OutStart
                0x000000000800974c       0xbc ./Drivers/STM32H7xx_HAL_Driver/Src/stm32h7xx_ll_usb.o
                0x000000000800974c                USB_EP0_OutStart
 .text.USB_CoreReset
                0x0000000008009808       0x68 ./Drivers/STM32H7xx_HAL_Driver/Src/stm32h7xx_ll_usb.o
 .text.USBD_AUDIO_Init
                0x0000000008009870      0x13c ./Middlewares/ST/STM32_USB_Device_Library/Class/AUDIO/Src/usbd_audio.o
 .text.USBD_AUDIO_DeInit
                0x00000000080099ac       0xb4 ./Middlewares/ST/STM32_USB_Device_Library/Class/AUDIO/Src/usbd_audio.o
 .text.USBD_AUDIO_Setup
                0x0000000008009a60      0x1b8 ./Middlewares/ST/STM32_USB_Device_Library/Class/AUDIO/Src/usbd_audio.o
 .text.USBD_AUDIO_GetCfgDesc
                0x0000000008009c18       0x20 ./Middlewares/ST/STM32_USB_Device_Library/Class/AUDIO/Src/usbd_audio.o
 .text.USBD_AUDIO_DataIn
                0x0000000008009c38       0x1a ./Middlewares/ST/STM32_USB_Device_Library/Class/AUDIO/Src/usbd_audio.o
 .text.USBD_AUDIO_EP0_RxReady
                0x0000000008009c52       0x80 ./Middlewares/ST/STM32_USB_Device_Library/Class/AUDIO/Src/usbd_audio.o
 .text.USBD_AUDIO_EP0_TxReady
                0x0000000008009cd2       0x16 ./Middlewares/ST/STM32_USB_Device_Library/Class/AUDIO/Src/usbd_audio.o
 .text.USBD_AUDIO_SOF
                0x0000000008009ce8       0x16 ./Middlewares/ST/STM32_USB_Device_Library/Class/AUDIO/Src/usbd_audio.o
 .text.USBD_AUDIO_IsoINIncomplete
                0x0000000008009cfe       0x1a ./Middlewares/ST/STM32_USB_Device_Library/Class/AUDIO/Src/usbd_audio.o
 .text.USBD_AUDIO_IsoOutIncomplete
                0x0000000008009d18       0x1a ./Middlewares/ST/STM32_USB_Device_Library/Class/AUDIO/Src/usbd_audio.o
 *fill*         0x0000000008009d32        0x2 
 .text.USBD_AUDIO_DataOut
                0x0000000008009d34      0x12c ./Middlewares/ST/STM32_USB_Device_Library/Class/AUDIO/Src/usbd_audio.o
 .text.AUDIO_REQ_GetCurrent
                0x0000000008009e60       0x58 ./Middlewares/ST/STM32_USB_Device_Library/Class/AUDIO/Src/usbd_audio.o
 .text.AUDIO_REQ_SetCurrent
                0x0000000008009eb8       0x88 ./Middlewares/ST/STM32_USB_Device_Library/Class/AUDIO/Src/usbd_audio.o
 .text.USBD_AUDIO_GetDeviceQualifierDesc
                0x0000000008009f40       0x20 ./Middlewares/ST/STM32_USB_Device_Library/Class/AUDIO/Src/usbd_audio.o
 .text.USBD_AUDIO_RegisterInterface
                0x0000000008009f60       0x34 ./Middlewares/ST/STM32_USB_Device_Library/Class/AUDIO/Src/usbd_audio.o
                0x0000000008009f60                USBD_AUDIO_RegisterInterface
 .text.USBD_AUDIO_GetAudioHeaderDesc
                0x0000000008009f94       0x68 ./Middlewares/ST/STM32_USB_Device_Library/Class/AUDIO/Src/usbd_audio.o
 .text.USBD_Init
                0x0000000008009ffc       0x7c ./Middlewares/ST/STM32_USB_Device_Library/Core/Src/usbd_core.o
                0x0000000008009ffc                USBD_Init
 .text.USBD_RegisterClass
                0x000000000800a078       0x88 ./Middlewares/ST/STM32_USB_Device_Library/Core/Src/usbd_core.o
                0x000000000800a078                USBD_RegisterClass
 .text.USBD_Start
                0x000000000800a100       0x18 ./Middlewares/ST/STM32_USB_Device_Library/Core/Src/usbd_core.o
                0x000000000800a100                USBD_Start
 .text.USBD_RunTestMode
                0x000000000800a118       0x16 ./Middlewares/ST/STM32_USB_Device_Library/Core/Src/usbd_core.o
                0x000000000800a118                USBD_RunTestMode
 .text.USBD_SetClassConfig
                0x000000000800a12e       0x38 ./Middlewares/ST/STM32_USB_Device_Library/Core/Src/usbd_core.o
                0x000000000800a12e                USBD_SetClassConfig
 .text.USBD_ClrClassConfig
                0x000000000800a166       0x34 ./Middlewares/ST/STM32_USB_Device_Library/Core/Src/usbd_core.o
                0x000000000800a166                USBD_ClrClassConfig
 .text.USBD_LL_SetupStage
                0x000000000800a19a       0xaa ./Middlewares/ST/STM32_USB_Device_Library/Core/Src/usbd_core.o
                0x000000000800a19a                USBD_LL_SetupStage
 .text.USBD_LL_DataOutStage
                0x000000000800a244      0x166 ./Middlewares/ST/STM32_USB_Device_Library/Core/Src/usbd_core.o
                0x000000000800a244                USBD_LL_DataOutStage
 .text.USBD_LL_DataInStage
                0x000000000800a3aa      0x164 ./Middlewares/ST/STM32_USB_Device_Library/Core/Src/usbd_core.o
                0x000000000800a3aa                USBD_LL_DataInStage
 .text.USBD_LL_Reset
                0x000000000800a50e       0xa4 ./Middlewares/ST/STM32_USB_Device_Library/Core/Src/usbd_core.o
                0x000000000800a50e                USBD_LL_Reset
 .text.USBD_LL_SetSpeed
                0x000000000800a5b2       0x20 ./Middlewares/ST/STM32_USB_Device_Library/Core/Src/usbd_core.o
                0x000000000800a5b2                USBD_LL_SetSpeed
 .text.USBD_LL_Suspend
                0x000000000800a5d2       0x2c ./Middlewares/ST/STM32_USB_Device_Library/Core/Src/usbd_core.o
                0x000000000800a5d2                USBD_LL_Suspend
 .text.USBD_LL_Resume
                0x000000000800a5fe       0x30 ./Middlewares/ST/STM32_USB_Device_Library/Core/Src/usbd_core.o
                0x000000000800a5fe                USBD_LL_Resume
 .text.USBD_LL_SOF
                0x000000000800a62e       0x40 ./Middlewares/ST/STM32_USB_Device_Library/Core/Src/usbd_core.o
                0x000000000800a62e                USBD_LL_SOF
 .text.USBD_LL_IsoINIncomplete
                0x000000000800a66e       0x64 ./Middlewares/ST/STM32_USB_Device_Library/Core/Src/usbd_core.o
                0x000000000800a66e                USBD_LL_IsoINIncomplete
 .text.USBD_LL_IsoOUTIncomplete
                0x000000000800a6d2       0x64 ./Middlewares/ST/STM32_USB_Device_Library/Core/Src/usbd_core.o
                0x000000000800a6d2                USBD_LL_IsoOUTIncomplete
 .text.USBD_LL_DevConnected
                0x000000000800a736       0x16 ./Middlewares/ST/STM32_USB_Device_Library/Core/Src/usbd_core.o
                0x000000000800a736                USBD_LL_DevConnected
 .text.USBD_LL_DevDisconnected
                0x000000000800a74c       0x46 ./Middlewares/ST/STM32_USB_Device_Library/Core/Src/usbd_core.o
                0x000000000800a74c                USBD_LL_DevDisconnected
 .text.USBD_CoreFindIF
                0x000000000800a792       0x1a ./Middlewares/ST/STM32_USB_Device_Library/Core/Src/usbd_core.o
                0x000000000800a792                USBD_CoreFindIF
 .text.USBD_CoreFindEP
                0x000000000800a7ac       0x1a ./Middlewares/ST/STM32_USB_Device_Library/Core/Src/usbd_core.o
                0x000000000800a7ac                USBD_CoreFindEP
 .text.USBD_GetNextDesc
                0x000000000800a7c6       0x3a ./Middlewares/ST/STM32_USB_Device_Library/Core/Src/usbd_core.o
                0x000000000800a7c6                USBD_GetNextDesc
 .text.SWAPBYTE
                0x000000000800a800       0x3c ./Middlewares/ST/STM32_USB_Device_Library/Core/Src/usbd_ctlreq.o
 .text.USBD_StdDevReq
                0x000000000800a83c       0xe4 ./Middlewares/ST/STM32_USB_Device_Library/Core/Src/usbd_ctlreq.o
                0x000000000800a83c                USBD_StdDevReq
 .text.USBD_StdItfReq
                0x000000000800a920       0xd8 ./Middlewares/ST/STM32_USB_Device_Library/Core/Src/usbd_ctlreq.o
                0x000000000800a920                USBD_StdItfReq
 .text.USBD_StdEPReq
                0x000000000800a9f8      0x33a ./Middlewares/ST/STM32_USB_Device_Library/Core/Src/usbd_ctlreq.o
                0x000000000800a9f8                USBD_StdEPReq
 *fill*         0x000000000800ad32        0x2 
 .text.USBD_GetDescriptor
                0x000000000800ad34      0x2d4 ./Middlewares/ST/STM32_USB_Device_Library/Core/Src/usbd_ctlreq.o
 .text.USBD_SetAddress
                0x000000000800b008       0x88 ./Middlewares/ST/STM32_USB_Device_Library/Core/Src/usbd_ctlreq.o
 .text.USBD_SetConfig
                0x000000000800b090      0x154 ./Middlewares/ST/STM32_USB_Device_Library/Core/Src/usbd_ctlreq.o
 .text.USBD_GetConfig
                0x000000000800b1e4       0x6c ./Middlewares/ST/STM32_USB_Device_Library/Core/Src/usbd_ctlreq.o
 .text.USBD_GetStatus
                0x000000000800b250       0x68 ./Middlewares/ST/STM32_USB_Device_Library/Core/Src/usbd_ctlreq.o
 .text.USBD_SetFeature
                0x000000000800b2b8       0x52 ./Middlewares/ST/STM32_USB_Device_Library/Core/Src/usbd_ctlreq.o
 .text.USBD_ClrFeature
                0x000000000800b30a       0x44 ./Middlewares/ST/STM32_USB_Device_Library/Core/Src/usbd_ctlreq.o
 .text.USBD_ParseSetupRequest
                0x000000000800b34e       0x74 ./Middlewares/ST/STM32_USB_Device_Library/Core/Src/usbd_ctlreq.o
                0x000000000800b34e                USBD_ParseSetupRequest
 .text.USBD_CtlError
                0x000000000800b3c2       0x22 ./Middlewares/ST/STM32_USB_Device_Library/Core/Src/usbd_ctlreq.o
                0x000000000800b3c2                USBD_CtlError
 .text.USBD_GetString
                0x000000000800b3e4       0x8c ./Middlewares/ST/STM32_USB_Device_Library/Core/Src/usbd_ctlreq.o
                0x000000000800b3e4                USBD_GetString
 .text.USBD_GetLen
                0x000000000800b470       0x34 ./Middlewares/ST/STM32_USB_Device_Library/Core/Src/usbd_ctlreq.o
 .text.USBD_CtlSendData
                0x000000000800b4a4       0x36 ./Middlewares/ST/STM32_USB_Device_Library/Core/Src/usbd_ioreq.o
                0x000000000800b4a4                USBD_CtlSendData
 .text.USBD_CtlContinueSendData
                0x000000000800b4da       0x22 ./Middlewares/ST/STM32_USB_Device_Library/Core/Src/usbd_ioreq.o
                0x000000000800b4da                USBD_CtlContinueSendData
 .text.USBD_CtlPrepareRx
                0x000000000800b4fc       0x3a ./Middlewares/ST/STM32_USB_Device_Library/Core/Src/usbd_ioreq.o
                0x000000000800b4fc                USBD_CtlPrepareRx
 .text.USBD_CtlContinueRx
                0x000000000800b536       0x22 ./Middlewares/ST/STM32_USB_Device_Library/Core/Src/usbd_ioreq.o
                0x000000000800b536                USBD_CtlContinueRx
 .text.USBD_CtlSendStatus
                0x000000000800b558       0x26 ./Middlewares/ST/STM32_USB_Device_Library/Core/Src/usbd_ioreq.o
                0x000000000800b558                USBD_CtlSendStatus
 .text.USBD_CtlReceiveStatus
                0x000000000800b57e       0x26 ./Middlewares/ST/STM32_USB_Device_Library/Core/Src/usbd_ioreq.o
                0x000000000800b57e                USBD_CtlReceiveStatus
 .text.MX_USB_DEVICE_Init
                0x000000000800b5a4       0x64 ./USB_DEVICE/App/usb_device.o
                0x000000000800b5a4                MX_USB_DEVICE_Init
 .text.AUDIO_Init_FS
                0x000000000800b608       0x1a ./USB_DEVICE/App/usbd_audio_if.o
 .text.AUDIO_DeInit_FS
                0x000000000800b622       0x16 ./USB_DEVICE/App/usbd_audio_if.o
 .text.AUDIO_AudioCmd_FS
                0x000000000800b638       0x28 ./USB_DEVICE/App/usbd_audio_if.o
 .text.AUDIO_VolumeCtl_FS
                0x000000000800b660       0x18 ./USB_DEVICE/App/usbd_audio_if.o
 .text.AUDIO_MuteCtl_FS
                0x000000000800b678       0x18 ./USB_DEVICE/App/usbd_audio_if.o
 .text.AUDIO_PeriodicTC_FS
                0x000000000800b690       0x1c ./USB_DEVICE/App/usbd_audio_if.o
 .text.AUDIO_GetState_FS
                0x000000000800b6ac       0x10 ./USB_DEVICE/App/usbd_audio_if.o
 .text.USBD_FS_DeviceDescriptor
                0x000000000800b6bc       0x24 ./USB_DEVICE/App/usbd_desc.o
                0x000000000800b6bc                USBD_FS_DeviceDescriptor
 .text.USBD_FS_LangIDStrDescriptor
                0x000000000800b6e0       0x24 ./USB_DEVICE/App/usbd_desc.o
                0x000000000800b6e0                USBD_FS_LangIDStrDescriptor
 .text.USBD_FS_ProductStrDescriptor
                0x000000000800b704       0x3c ./USB_DEVICE/App/usbd_desc.o
                0x000000000800b704                USBD_FS_ProductStrDescriptor
 .text.USBD_FS_ManufacturerStrDescriptor
                0x000000000800b740       0x28 ./USB_DEVICE/App/usbd_desc.o
                0x000000000800b740                USBD_FS_ManufacturerStrDescriptor
 .text.USBD_FS_SerialStrDescriptor
                0x000000000800b768       0x24 ./USB_DEVICE/App/usbd_desc.o
                0x000000000800b768                USBD_FS_SerialStrDescriptor
 .text.USBD_FS_ConfigStrDescriptor
                0x000000000800b78c       0x3c ./USB_DEVICE/App/usbd_desc.o
                0x000000000800b78c                USBD_FS_ConfigStrDescriptor
 .text.USBD_FS_InterfaceStrDescriptor
                0x000000000800b7c8       0x3c ./USB_DEVICE/App/usbd_desc.o
                0x000000000800b7c8                USBD_FS_InterfaceStrDescriptor
 .text.Get_SerialNum
                0x000000000800b804       0x58 ./USB_DEVICE/App/usbd_desc.o
 .text.IntToUnicode
                0x000000000800b85c       0x7e ./USB_DEVICE/App/usbd_desc.o
 *fill*         0x000000000800b8da        0x2 
 .text.HAL_PCD_MspInit
                0x000000000800b8dc      0x104 ./USB_DEVICE/Target/usbd_conf.o
                0x000000000800b8dc                HAL_PCD_MspInit
 .text.HAL_PCD_SetupStageCallback
                0x000000000800b9e0       0x24 ./USB_DEVICE/Target/usbd_conf.o
                0x000000000800b9e0                HAL_PCD_SetupStageCallback
 .text.HAL_PCD_DataOutStageCallback
                0x000000000800ba04       0x36 ./USB_DEVICE/Target/usbd_conf.o
                0x000000000800ba04                HAL_PCD_DataOutStageCallback
 .text.HAL_PCD_DataInStageCallback
                0x000000000800ba3a       0x34 ./USB_DEVICE/Target/usbd_conf.o
                0x000000000800ba3a                HAL_PCD_DataInStageCallback
 .text.HAL_PCD_SOFCallback
                0x000000000800ba6e       0x1c ./USB_DEVICE/Target/usbd_conf.o
                0x000000000800ba6e                HAL_PCD_SOFCallback
 .text.HAL_PCD_ResetCallback
                0x000000000800ba8a       0x50 ./USB_DEVICE/Target/usbd_conf.o
                0x000000000800ba8a                HAL_PCD_ResetCallback
 *fill*         0x000000000800bada        0x2 
 .text.HAL_PCD_SuspendCallback
                0x000000000800badc       0x4c ./USB_DEVICE/Target/usbd_conf.o
                0x000000000800badc                HAL_PCD_SuspendCallback
 .text.HAL_PCD_ResumeCallback
                0x000000000800bb28       0x1c ./USB_DEVICE/Target/usbd_conf.o
                0x000000000800bb28                HAL_PCD_ResumeCallback
 .text.HAL_PCD_ISOOUTIncompleteCallback
                0x000000000800bb44       0x24 ./USB_DEVICE/Target/usbd_conf.o
                0x000000000800bb44                HAL_PCD_ISOOUTIncompleteCallback
 .text.HAL_PCD_ISOINIncompleteCallback
                0x000000000800bb68       0x24 ./USB_DEVICE/Target/usbd_conf.o
                0x000000000800bb68                HAL_PCD_ISOINIncompleteCallback
 .text.HAL_PCD_ConnectCallback
                0x000000000800bb8c       0x1c ./USB_DEVICE/Target/usbd_conf.o
                0x000000000800bb8c                HAL_PCD_ConnectCallback
 .text.HAL_PCD_DisconnectCallback
                0x000000000800bba8       0x1c ./USB_DEVICE/Target/usbd_conf.o
                0x000000000800bba8                HAL_PCD_DisconnectCallback
 .text.USBD_LL_Init
                0x000000000800bbc4       0xa0 ./USB_DEVICE/Target/usbd_conf.o
                0x000000000800bbc4                USBD_LL_Init
 .text.USBD_LL_Start
                0x000000000800bc64       0x36 ./USB_DEVICE/Target/usbd_conf.o
                0x000000000800bc64                USBD_LL_Start
 .text.USBD_LL_OpenEP
                0x000000000800bc9a       0x4c ./USB_DEVICE/Target/usbd_conf.o
                0x000000000800bc9a                USBD_LL_OpenEP
 .text.USBD_LL_CloseEP
                0x000000000800bce6       0x3e ./USB_DEVICE/Target/usbd_conf.o
                0x000000000800bce6                USBD_LL_CloseEP
 .text.USBD_LL_StallEP
                0x000000000800bd24       0x3e ./USB_DEVICE/Target/usbd_conf.o
                0x000000000800bd24                USBD_LL_StallEP
 .text.USBD_LL_ClearStallEP
                0x000000000800bd62       0x3e ./USB_DEVICE/Target/usbd_conf.o
                0x000000000800bd62                USBD_LL_ClearStallEP
 .text.USBD_LL_IsStallEP
                0x000000000800bda0       0x58 ./USB_DEVICE/Target/usbd_conf.o
                0x000000000800bda0                USBD_LL_IsStallEP
 .text.USBD_LL_SetUSBAddress
                0x000000000800bdf8       0x3e ./USB_DEVICE/Target/usbd_conf.o
                0x000000000800bdf8                USBD_LL_SetUSBAddress
 .text.USBD_LL_Transmit
                0x000000000800be36       0x42 ./USB_DEVICE/Target/usbd_conf.o
                0x000000000800be36                USBD_LL_Transmit
 .text.USBD_LL_PrepareReceive
                0x000000000800be78       0x42 ./USB_DEVICE/Target/usbd_conf.o
                0x000000000800be78                USBD_LL_PrepareReceive
 .text.USBD_LL_GetRxDataSize
                0x000000000800beba       0x26 ./USB_DEVICE/Target/usbd_conf.o
                0x000000000800beba                USBD_LL_GetRxDataSize
 .text.USBD_static_malloc
                0x000000000800bee0       0x1c ./USB_DEVICE/Target/usbd_conf.o
                0x000000000800bee0                USBD_static_malloc
 .text.USBD_static_free
                0x000000000800befc       0x14 ./USB_DEVICE/Target/usbd_conf.o
                0x000000000800befc                USBD_static_free
 .text.USBD_Get_USB_Status
                0x000000000800bf10       0x58 ./USB_DEVICE/Target/usbd_conf.o
                0x000000000800bf10                USBD_Get_USB_Status
 .text.__errno  0x000000000800bf68        0xc c:/st/stm32cubeide_1.9.0/stm32cubeide/plugins/com.st.stm32cube.ide.mcu.externaltools.gnu-tools-for-stm32.10.3-2021.10.win32_1.0.0.202111181127/tools/bin/../lib/gcc/arm-none-eabi/10.3.1/../../../../arm-none-eabi/lib/thumb/v7e-m+dp/hard\libc_nano.a(lib_a-errno.o)
                0x000000000800bf68                __errno
 .text.__libc_init_array
                0x000000000800bf74       0x48 c:/st/stm32cubeide_1.9.0/stm32cubeide/plugins/com.st.stm32cube.ide.mcu.externaltools.gnu-tools-for-stm32.10.3-2021.10.win32_1.0.0.202111181127/tools/bin/../lib/gcc/arm-none-eabi/10.3.1/../../../../arm-none-eabi/lib/thumb/v7e-m+dp/hard\libc_nano.a(lib_a-init.o)
                0x000000000800bf74                __libc_init_array
 .text.memset   0x000000000800bfbc       0x10 c:/st/stm32cubeide_1.9.0/stm32cubeide/plugins/com.st.stm32cube.ide.mcu.externaltools.gnu-tools-for-stm32.10.3-2021.10.win32_1.0.0.202111181127/tools/bin/../lib/gcc/arm-none-eabi/10.3.1/../../../../arm-none-eabi/lib/thumb/v7e-m+dp/hard\libc_nano.a(lib_a-memset.o)
                0x000000000800bfbc                memset
 .text.printf   0x000000000800bfcc       0x30 c:/st/stm32cubeide_1.9.0/stm32cubeide/plugins/com.st.stm32cube.ide.mcu.externaltools.gnu-tools-for-stm32.10.3-2021.10.win32_1.0.0.202111181127/tools/bin/../lib/gcc/arm-none-eabi/10.3.1/../../../../arm-none-eabi/lib/thumb/v7e-m+dp/hard\libc_nano.a(lib_a-printf.o)
                0x000000000800bfcc                iprintf
                0x000000000800bfcc                printf
 .text.putchar  0x000000000800bffc       0x2c c:/st/stm32cubeide_1.9.0/stm32cubeide/plugins/com.st.stm32cube.ide.mcu.externaltools.gnu-tools-for-stm32.10.3-2021.10.win32_1.0.0.202111181127/tools/bin/../lib/gcc/arm-none-eabi/10.3.1/../../../../arm-none-eabi/lib/thumb/v7e-m+dp/hard\libc_nano.a(lib_a-putchar.o)
                0x000000000800bffc                putchar
 .text._puts_r  0x000000000800c028       0xdc c:/st/stm32cubeide_1.9.0/stm32cubeide/plugins/com.st.stm32cube.ide.mcu.externaltools.gnu-tools-for-stm32.10.3-2021.10.win32_1.0.0.202111181127/tools/bin/../lib/gcc/arm-none-eabi/10.3.1/../../../../arm-none-eabi/lib/thumb/v7e-m+dp/hard\libc_nano.a(lib_a-puts.o)
                0x000000000800c028                _puts_r
 .text.puts     0x000000000800c104       0x10 c:/st/stm32cubeide_1.9.0/stm32cubeide/plugins/com.st.stm32cube.ide.mcu.externaltools.gnu-tools-for-stm32.10.3-2021.10.win32_1.0.0.202111181127/tools/bin/../lib/gcc/arm-none-eabi/10.3.1/../../../../arm-none-eabi/lib/thumb/v7e-m+dp/hard\libc_nano.a(lib_a-puts.o)
                0x000000000800c104                puts
 .text.__swbuf_r
                0x000000000800c114       0xa4 c:/st/stm32cubeide_1.9.0/stm32cubeide/plugins/com.st.stm32cube.ide.mcu.externaltools.gnu-tools-for-stm32.10.3-2021.10.win32_1.0.0.202111181127/tools/bin/../lib/gcc/arm-none-eabi/10.3.1/../../../../arm-none-eabi/lib/thumb/v7e-m+dp/hard\libc_nano.a(lib_a-wbuf.o)
                0x000000000800c114                __swbuf_r
 .text.__swsetup_r
                0x000000000800c1b8       0xdc c:/st/stm32cubeide_1.9.0/stm32cubeide/plugins/com.st.stm32cube.ide.mcu.externaltools.gnu-tools-for-stm32.10.3-2021.10.win32_1.0.0.202111181127/tools/bin/../lib/gcc/arm-none-eabi/10.3.1/../../../../arm-none-eabi/lib/thumb/v7e-m+dp/hard\libc_nano.a(lib_a-wsetup.o)
                0x000000000800c1b8                __swsetup_r
 .text.__sflush_r
                0x000000000800c294      0x10c c:/st/stm32cubeide_1.9.0/stm32cubeide/plugins/com.st.stm32cube.ide.mcu.externaltools.gnu-tools-for-stm32.10.3-2021.10.win32_1.0.0.202111181127/tools/bin/../lib/gcc/arm-none-eabi/10.3.1/../../../../arm-none-eabi/lib/thumb/v7e-m+dp/hard\libc_nano.a(lib_a-fflush.o)
                0x000000000800c294                __sflush_r
 .text._fflush_r
                0x000000000800c3a0       0x78 c:/st/stm32cubeide_1.9.0/stm32cubeide/plugins/com.st.stm32cube.ide.mcu.externaltools.gnu-tools-for-stm32.10.3-2021.10.win32_1.0.0.202111181127/tools/bin/../lib/gcc/arm-none-eabi/10.3.1/../../../../arm-none-eabi/lib/thumb/v7e-m+dp/hard\libc_nano.a(lib_a-fflush.o)
                0x000000000800c3a0                _fflush_r
 .text.std      0x000000000800c418       0x48 c:/st/stm32cubeide_1.9.0/stm32cubeide/plugins/com.st.stm32cube.ide.mcu.externaltools.gnu-tools-for-stm32.10.3-2021.10.win32_1.0.0.202111181127/tools/bin/../lib/gcc/arm-none-eabi/10.3.1/../../../../arm-none-eabi/lib/thumb/v7e-m+dp/hard\libc_nano.a(lib_a-findfp.o)
 .text._cleanup_r
                0x000000000800c460        0xc c:/st/stm32cubeide_1.9.0/stm32cubeide/plugins/com.st.stm32cube.ide.mcu.externaltools.gnu-tools-for-stm32.10.3-2021.10.win32_1.0.0.202111181127/tools/bin/../lib/gcc/arm-none-eabi/10.3.1/../../../../arm-none-eabi/lib/thumb/v7e-m+dp/hard\libc_nano.a(lib_a-findfp.o)
                0x000000000800c460                _cleanup_r
 .text.__sfmoreglue
                0x000000000800c46c       0x2c c:/st/stm32cubeide_1.9.0/stm32cubeide/plugins/com.st.stm32cube.ide.mcu.externaltools.gnu-tools-for-stm32.10.3-2021.10.win32_1.0.0.202111181127/tools/bin/../lib/gcc/arm-none-eabi/10.3.1/../../../../arm-none-eabi/lib/thumb/v7e-m+dp/hard\libc_nano.a(lib_a-findfp.o)
                0x000000000800c46c                __sfmoreglue
 .text.__sfp_lock_acquire
                0x000000000800c498        0xc c:/st/stm32cubeide_1.9.0/stm32cubeide/plugins/com.st.stm32cube.ide.mcu.externaltools.gnu-tools-for-stm32.10.3-2021.10.win32_1.0.0.202111181127/tools/bin/../lib/gcc/arm-none-eabi/10.3.1/../../../../arm-none-eabi/lib/thumb/v7e-m+dp/hard\libc_nano.a(lib_a-findfp.o)
                0x000000000800c498                __sfp_lock_acquire
 .text.__sfp_lock_release
                0x000000000800c4a4        0xc c:/st/stm32cubeide_1.9.0/stm32cubeide/plugins/com.st.stm32cube.ide.mcu.externaltools.gnu-tools-for-stm32.10.3-2021.10.win32_1.0.0.202111181127/tools/bin/../lib/gcc/arm-none-eabi/10.3.1/../../../../arm-none-eabi/lib/thumb/v7e-m+dp/hard\libc_nano.a(lib_a-findfp.o)
                0x000000000800c4a4                __sfp_lock_release
 .text.__sinit_lock_acquire
                0x000000000800c4b0        0xc c:/st/stm32cubeide_1.9.0/stm32cubeide/plugins/com.st.stm32cube.ide.mcu.externaltools.gnu-tools-for-stm32.10.3-2021.10.win32_1.0.0.202111181127/tools/bin/../lib/gcc/arm-none-eabi/10.3.1/../../../../arm-none-eabi/lib/thumb/v7e-m+dp/hard\libc_nano.a(lib_a-findfp.o)
                0x000000000800c4b0                __sinit_lock_acquire
 .text.__sinit_lock_release
                0x000000000800c4bc        0xc c:/st/stm32cubeide_1.9.0/stm32cubeide/plugins/com.st.stm32cube.ide.mcu.externaltools.gnu-tools-for-stm32.10.3-2021.10.win32_1.0.0.202111181127/tools/bin/../lib/gcc/arm-none-eabi/10.3.1/../../../../arm-none-eabi/lib/thumb/v7e-m+dp/hard\libc_nano.a(lib_a-findfp.o)
                0x000000000800c4bc                __sinit_lock_release
 .text.__sinit  0x000000000800c4c8       0x70 c:/st/stm32cubeide_1.9.0/stm32cubeide/plugins/com.st.stm32cube.ide.mcu.externaltools.gnu-tools-for-stm32.10.3-2021.10.win32_1.0.0.202111181127/tools/bin/../lib/gcc/arm-none-eabi/10.3.1/../../../../arm-none-eabi/lib/thumb/v7e-m+dp/hard\libc_nano.a(lib_a-findfp.o)
                0x000000000800c4c8                __sinit
 .text.__sfp    0x000000000800c538       0x8c c:/st/stm32cubeide_1.9.0/stm32cubeide/plugins/com.st.stm32cube.ide.mcu.externaltools.gnu-tools-for-stm32.10.3-2021.10.win32_1.0.0.202111181127/tools/bin/../lib/gcc/arm-none-eabi/10.3.1/../../../../arm-none-eabi/lib/thumb/v7e-m+dp/hard\libc_nano.a(lib_a-findfp.o)
                0x000000000800c538                __sfp
 .text._fwalk_reent
                0x000000000800c5c4       0x3e c:/st/stm32cubeide_1.9.0/stm32cubeide/plugins/com.st.stm32cube.ide.mcu.externaltools.gnu-tools-for-stm32.10.3-2021.10.win32_1.0.0.202111181127/tools/bin/../lib/gcc/arm-none-eabi/10.3.1/../../../../arm-none-eabi/lib/thumb/v7e-m+dp/hard\libc_nano.a(lib_a-fwalk.o)
                0x000000000800c5c4                _fwalk_reent
 .text.__retarget_lock_init_recursive
                0x000000000800c602        0x2 c:/st/stm32cubeide_1.9.0/stm32cubeide/plugins/com.st.stm32cube.ide.mcu.externaltools.gnu-tools-for-stm32.10.3-2021.10.win32_1.0.0.202111181127/tools/bin/../lib/gcc/arm-none-eabi/10.3.1/../../../../arm-none-eabi/lib/thumb/v7e-m+dp/hard\libc_nano.a(lib_a-lock.o)
                0x000000000800c602                __retarget_lock_init_recursive
 .text.__retarget_lock_acquire_recursive
                0x000000000800c604        0x2 c:/st/stm32cubeide_1.9.0/stm32cubeide/plugins/com.st.stm32cube.ide.mcu.externaltools.gnu-tools-for-stm32.10.3-2021.10.win32_1.0.0.202111181127/tools/bin/../lib/gcc/arm-none-eabi/10.3.1/../../../../arm-none-eabi/lib/thumb/v7e-m+dp/hard\libc_nano.a(lib_a-lock.o)
                0x000000000800c604                __retarget_lock_acquire_recursive
 .text.__retarget_lock_release_recursive
                0x000000000800c606        0x2 c:/st/stm32cubeide_1.9.0/stm32cubeide/plugins/com.st.stm32cube.ide.mcu.externaltools.gnu-tools-for-stm32.10.3-2021.10.win32_1.0.0.202111181127/tools/bin/../lib/gcc/arm-none-eabi/10.3.1/../../../../arm-none-eabi/lib/thumb/v7e-m+dp/hard\libc_nano.a(lib_a-lock.o)
                0x000000000800c606                __retarget_lock_release_recursive
 .text.__swhatbuf_r
                0x000000000800c608       0x4a c:/st/stm32cubeide_1.9.0/stm32cubeide/plugins/com.st.stm32cube.ide.mcu.externaltools.gnu-tools-for-stm32.10.3-2021.10.win32_1.0.0.202111181127/tools/bin/../lib/gcc/arm-none-eabi/10.3.1/../../../../arm-none-eabi/lib/thumb/v7e-m+dp/hard\libc_nano.a(lib_a-makebuf.o)
                0x000000000800c608                __swhatbuf_r
 *fill*         0x000000000800c652        0x2 
 .text.__smakebuf_r
                0x000000000800c654       0x80 c:/st/stm32cubeide_1.9.0/stm32cubeide/plugins/com.st.stm32cube.ide.mcu.externaltools.gnu-tools-for-stm32.10.3-2021.10.win32_1.0.0.202111181127/tools/bin/../lib/gcc/arm-none-eabi/10.3.1/../../../../arm-none-eabi/lib/thumb/v7e-m+dp/hard\libc_nano.a(lib_a-makebuf.o)
                0x000000000800c654                __smakebuf_r
 .text._free_r  0x000000000800c6d4       0x98 c:/st/stm32cubeide_1.9.0/stm32cubeide/plugins/com.st.stm32cube.ide.mcu.externaltools.gnu-tools-for-stm32.10.3-2021.10.win32_1.0.0.202111181127/tools/bin/../lib/gcc/arm-none-eabi/10.3.1/../../../../arm-none-eabi/lib/thumb/v7e-m+dp/hard\libc_nano.a(lib_a-nano-freer.o)
                0x000000000800c6d4                _free_r
 .text.sbrk_aligned
                0x000000000800c76c       0x40 c:/st/stm32cubeide_1.9.0/stm32cubeide/plugins/com.st.stm32cube.ide.mcu.externaltools.gnu-tools-for-stm32.10.3-2021.10.win32_1.0.0.202111181127/tools/bin/../lib/gcc/arm-none-eabi/10.3.1/../../../../arm-none-eabi/lib/thumb/v7e-m+dp/hard\libc_nano.a(lib_a-nano-mallocr.o)
 .text._malloc_r
                0x000000000800c7ac       0xe8 c:/st/stm32cubeide_1.9.0/stm32cubeide/plugins/com.st.stm32cube.ide.mcu.externaltools.gnu-tools-for-stm32.10.3-2021.10.win32_1.0.0.202111181127/tools/bin/../lib/gcc/arm-none-eabi/10.3.1/../../../../arm-none-eabi/lib/thumb/v7e-m+dp/hard\libc_nano.a(lib_a-nano-mallocr.o)
                0x000000000800c7ac                _malloc_r
 .text.__sfputc_r
                0x000000000800c894       0x2e c:/st/stm32cubeide_1.9.0/stm32cubeide/plugins/com.st.stm32cube.ide.mcu.externaltools.gnu-tools-for-stm32.10.3-2021.10.win32_1.0.0.202111181127/tools/bin/../lib/gcc/arm-none-eabi/10.3.1/../../../../arm-none-eabi/lib/thumb/v7e-m+dp/hard\libc_nano.a(lib_a-nano-vfprintf.o)
 .text.__sfputs_r
                0x000000000800c8c2       0x24 c:/st/stm32cubeide_1.9.0/stm32cubeide/plugins/com.st.stm32cube.ide.mcu.externaltools.gnu-tools-for-stm32.10.3-2021.10.win32_1.0.0.202111181127/tools/bin/../lib/gcc/arm-none-eabi/10.3.1/../../../../arm-none-eabi/lib/thumb/v7e-m+dp/hard\libc_nano.a(lib_a-nano-vfprintf.o)
                0x000000000800c8c2                __sfputs_r
 *fill*         0x000000000800c8e6        0x2 
 .text._vfprintf_r
                0x000000000800c8e8      0x260 c:/st/stm32cubeide_1.9.0/stm32cubeide/plugins/com.st.stm32cube.ide.mcu.externaltools.gnu-tools-for-stm32.10.3-2021.10.win32_1.0.0.202111181127/tools/bin/../lib/gcc/arm-none-eabi/10.3.1/../../../../arm-none-eabi/lib/thumb/v7e-m+dp/hard\libc_nano.a(lib_a-nano-vfprintf.o)
                0x000000000800c8e8                _vfprintf_r
                0x000000000800c8e8                _vfiprintf_r
 .text._printf_common
                0x000000000800cb48       0xda c:/st/stm32cubeide_1.9.0/stm32cubeide/plugins/com.st.stm32cube.ide.mcu.externaltools.gnu-tools-for-stm32.10.3-2021.10.win32_1.0.0.202111181127/tools/bin/../lib/gcc/arm-none-eabi/10.3.1/../../../../arm-none-eabi/lib/thumb/v7e-m+dp/hard\libc_nano.a(lib_a-nano-vfprintf_i.o)
                0x000000000800cb48                _printf_common
 *fill*         0x000000000800cc22        0x2 
 .text._printf_i
                0x000000000800cc24      0x24c c:/st/stm32cubeide_1.9.0/stm32cubeide/plugins/com.st.stm32cube.ide.mcu.externaltools.gnu-tools-for-stm32.10.3-2021.10.win32_1.0.0.202111181127/tools/bin/../lib/gcc/arm-none-eabi/10.3.1/../../../../arm-none-eabi/lib/thumb/v7e-m+dp/hard\libc_nano.a(lib_a-nano-vfprintf_i.o)
                0x000000000800cc24                _printf_i
 .text._putc_r  0x000000000800ce70       0x90 c:/st/stm32cubeide_1.9.0/stm32cubeide/plugins/com.st.stm32cube.ide.mcu.externaltools.gnu-tools-for-stm32.10.3-2021.10.win32_1.0.0.202111181127/tools/bin/../lib/gcc/arm-none-eabi/10.3.1/../../../../arm-none-eabi/lib/thumb/v7e-m+dp/hard\libc_nano.a(lib_a-putc.o)
                0x000000000800ce70                _putc_r
 .text._sbrk_r  0x000000000800cf00       0x20 c:/st/stm32cubeide_1.9.0/stm32cubeide/plugins/com.st.stm32cube.ide.mcu.externaltools.gnu-tools-for-stm32.10.3-2021.10.win32_1.0.0.202111181127/tools/bin/../lib/gcc/arm-none-eabi/10.3.1/../../../../arm-none-eabi/lib/thumb/v7e-m+dp/hard\libc_nano.a(lib_a-sbrkr.o)
                0x000000000800cf00                _sbrk_r
 .text.__sread  0x000000000800cf20       0x22 c:/st/stm32cubeide_1.9.0/stm32cubeide/plugins/com.st.stm32cube.ide.mcu.externaltools.gnu-tools-for-stm32.10.3-2021.10.win32_1.0.0.202111181127/tools/bin/../lib/gcc/arm-none-eabi/10.3.1/../../../../arm-none-eabi/lib/thumb/v7e-m+dp/hard\libc_nano.a(lib_a-stdio.o)
                0x000000000800cf20                __sread
 .text.__swrite
                0x000000000800cf42       0x38 c:/st/stm32cubeide_1.9.0/stm32cubeide/plugins/com.st.stm32cube.ide.mcu.externaltools.gnu-tools-for-stm32.10.3-2021.10.win32_1.0.0.202111181127/tools/bin/../lib/gcc/arm-none-eabi/10.3.1/../../../../arm-none-eabi/lib/thumb/v7e-m+dp/hard\libc_nano.a(lib_a-stdio.o)
                0x000000000800cf42                __swrite
 .text.__sseek  0x000000000800cf7a       0x24 c:/st/stm32cubeide_1.9.0/stm32cubeide/plugins/com.st.stm32cube.ide.mcu.externaltools.gnu-tools-for-stm32.10.3-2021.10.win32_1.0.0.202111181127/tools/bin/../lib/gcc/arm-none-eabi/10.3.1/../../../../arm-none-eabi/lib/thumb/v7e-m+dp/hard\libc_nano.a(lib_a-stdio.o)
                0x000000000800cf7a                __sseek
 .text.__sclose
                0x000000000800cf9e        0x8 c:/st/stm32cubeide_1.9.0/stm32cubeide/plugins/com.st.stm32cube.ide.mcu.externaltools.gnu-tools-for-stm32.10.3-2021.10.win32_1.0.0.202111181127/tools/bin/../lib/gcc/arm-none-eabi/10.3.1/../../../../arm-none-eabi/lib/thumb/v7e-m+dp/hard\libc_nano.a(lib_a-stdio.o)
                0x000000000800cf9e                __sclose
 *fill*         0x000000000800cfa6        0x2 
 .text._write_r
                0x000000000800cfa8       0x24 c:/st/stm32cubeide_1.9.0/stm32cubeide/plugins/com.st.stm32cube.ide.mcu.externaltools.gnu-tools-for-stm32.10.3-2021.10.win32_1.0.0.202111181127/tools/bin/../lib/gcc/arm-none-eabi/10.3.1/../../../../arm-none-eabi/lib/thumb/v7e-m+dp/hard\libc_nano.a(lib_a-writer.o)
                0x000000000800cfa8                _write_r
 .text._close_r
                0x000000000800cfcc       0x20 c:/st/stm32cubeide_1.9.0/stm32cubeide/plugins/com.st.stm32cube.ide.mcu.externaltools.gnu-tools-for-stm32.10.3-2021.10.win32_1.0.0.202111181127/tools/bin/../lib/gcc/arm-none-eabi/10.3.1/../../../../arm-none-eabi/lib/thumb/v7e-m+dp/hard\libc_nano.a(lib_a-closer.o)
                0x000000000800cfcc                _close_r
 .text._fstat_r
                0x000000000800cfec       0x24 c:/st/stm32cubeide_1.9.0/stm32cubeide/plugins/com.st.stm32cube.ide.mcu.externaltools.gnu-tools-for-stm32.10.3-2021.10.win32_1.0.0.202111181127/tools/bin/../lib/gcc/arm-none-eabi/10.3.1/../../../../arm-none-eabi/lib/thumb/v7e-m+dp/hard\libc_nano.a(lib_a-fstatr.o)
                0x000000000800cfec                _fstat_r
 .text._isatty_r
                0x000000000800d010       0x20 c:/st/stm32cubeide_1.9.0/stm32cubeide/plugins/com.st.stm32cube.ide.mcu.externaltools.gnu-tools-for-stm32.10.3-2021.10.win32_1.0.0.202111181127/tools/bin/../lib/gcc/arm-none-eabi/10.3.1/../../../../arm-none-eabi/lib/thumb/v7e-m+dp/hard\libc_nano.a(lib_a-isattyr.o)
                0x000000000800d010                _isatty_r
 .text._lseek_r
                0x000000000800d030       0x24 c:/st/stm32cubeide_1.9.0/stm32cubeide/plugins/com.st.stm32cube.ide.mcu.externaltools.gnu-tools-for-stm32.10.3-2021.10.win32_1.0.0.202111181127/tools/bin/../lib/gcc/arm-none-eabi/10.3.1/../../../../arm-none-eabi/lib/thumb/v7e-m+dp/hard\libc_nano.a(lib_a-lseekr.o)
                0x000000000800d030                _lseek_r
 .text.__malloc_lock
                0x000000000800d054        0xc c:/st/stm32cubeide_1.9.0/stm32cubeide/plugins/com.st.stm32cube.ide.mcu.externaltools.gnu-tools-for-stm32.10.3-2021.10.win32_1.0.0.202111181127/tools/bin/../lib/gcc/arm-none-eabi/10.3.1/../../../../arm-none-eabi/lib/thumb/v7e-m+dp/hard\libc_nano.a(lib_a-mlock.o)
                0x000000000800d054                __malloc_lock
 .text.__malloc_unlock
                0x000000000800d060        0xc c:/st/stm32cubeide_1.9.0/stm32cubeide/plugins/com.st.stm32cube.ide.mcu.externaltools.gnu-tools-for-stm32.10.3-2021.10.win32_1.0.0.202111181127/tools/bin/../lib/gcc/arm-none-eabi/10.3.1/../../../../arm-none-eabi/lib/thumb/v7e-m+dp/hard\libc_nano.a(lib_a-mlock.o)
                0x000000000800d060                __malloc_unlock
 .text._read_r  0x000000000800d06c       0x24 c:/st/stm32cubeide_1.9.0/stm32cubeide/plugins/com.st.stm32cube.ide.mcu.externaltools.gnu-tools-for-stm32.10.3-2021.10.win32_1.0.0.202111181127/tools/bin/../lib/gcc/arm-none-eabi/10.3.1/../../../../arm-none-eabi/lib/thumb/v7e-m+dp/hard\libc_nano.a(lib_a-readr.o)
                0x000000000800d06c                _read_r
 *(.glue_7)
 .glue_7        0x000000000800d090        0x0 linker stubs
 *(.glue_7t)
 .glue_7t       0x000000000800d090        0x0 linker stubs
 *(.eh_frame)
 .eh_frame      0x000000000800d090        0x0 c:/st/stm32cubeide_1.9.0/stm32cubeide/plugins/com.st.stm32cube.ide.mcu.externaltools.gnu-tools-for-stm32.10.3-2021.10.win32_1.0.0.202111181127/tools/bin/../lib/gcc/arm-none-eabi/10.3.1/thumb/v7e-m+dp/hard/crtbegin.o
 *(.init)
 .init          0x000000000800d090        0x4 c:/st/stm32cubeide_1.9.0/stm32cubeide/plugins/com.st.stm32cube.ide.mcu.externaltools.gnu-tools-for-stm32.10.3-2021.10.win32_1.0.0.202111181127/tools/bin/../lib/gcc/arm-none-eabi/10.3.1/thumb/v7e-m+dp/hard/crti.o
                0x000000000800d090                _init
 .init          0x000000000800d094        0x8 c:/st/stm32cubeide_1.9.0/stm32cubeide/plugins/com.st.stm32cube.ide.mcu.externaltools.gnu-tools-for-stm32.10.3-2021.10.win32_1.0.0.202111181127/tools/bin/../lib/gcc/arm-none-eabi/10.3.1/thumb/v7e-m+dp/hard/crtn.o
 *(.fini)
 .fini          0x000000000800d09c        0x4 c:/st/stm32cubeide_1.9.0/stm32cubeide/plugins/com.st.stm32cube.ide.mcu.externaltools.gnu-tools-for-stm32.10.3-2021.10.win32_1.0.0.202111181127/tools/bin/../lib/gcc/arm-none-eabi/10.3.1/thumb/v7e-m+dp/hard/crti.o
                0x000000000800d09c                _fini
 .fini          0x000000000800d0a0        0x8 c:/st/stm32cubeide_1.9.0/stm32cubeide/plugins/com.st.stm32cube.ide.mcu.externaltools.gnu-tools-for-stm32.10.3-2021.10.win32_1.0.0.202111181127/tools/bin/../lib/gcc/arm-none-eabi/10.3.1/thumb/v7e-m+dp/hard/crtn.o
                0x000000000800d0a8                . = ALIGN (0x4)
                0x000000000800d0a8                _etext = .

.vfp11_veneer   0x000000000800d0a8        0x0
 .vfp11_veneer  0x000000000800d0a8        0x0 linker stubs

.v4_bx          0x000000000800d0a8        0x0
 .v4_bx         0x000000000800d0a8        0x0 linker stubs

.iplt           0x000000000800d0a8        0x0
 .iplt          0x000000000800d0a8        0x0 c:/st/stm32cubeide_1.9.0/stm32cubeide/plugins/com.st.stm32cube.ide.mcu.externaltools.gnu-tools-for-stm32.10.3-2021.10.win32_1.0.0.202111181127/tools/bin/../lib/gcc/arm-none-eabi/10.3.1/thumb/v7e-m+dp/hard/crtbegin.o

.rodata         0x000000000800d0a8      0x148
                0x000000000800d0a8                . = ALIGN (0x4)
 *(.rodata)
 .rodata        0x000000000800d0a8       0x17 ./Core/Src/main.o
 *fill*         0x000000000800d0bf        0x1 
 .rodata        0x000000000800d0c0       0x35 ./Middlewares/ST/STM32_USB_Device_Library/Core/Src/usbd_core.o
 *fill*         0x000000000800d0f5        0x3 
 .rodata        0x000000000800d0f8       0x48 ./USB_DEVICE/App/usbd_desc.o
 *(.rodata*)
 .rodata.D1CorePrescTable
                0x000000000800d140       0x10 ./Core/Src/system_stm32h7xx.o
                0x000000000800d140                D1CorePrescTable
 .rodata.flagBitshiftOffset.0
                0x000000000800d150        0x8 ./Drivers/STM32H7xx_HAL_Driver/Src/stm32h7xx_hal_dma.o
 .rodata._global_impure_ptr
                0x000000000800d158        0x4 c:/st/stm32cubeide_1.9.0/stm32cubeide/plugins/com.st.stm32cube.ide.mcu.externaltools.gnu-tools-for-stm32.10.3-2021.10.win32_1.0.0.202111181127/tools/bin/../lib/gcc/arm-none-eabi/10.3.1/../../../../arm-none-eabi/lib/thumb/v7e-m+dp/hard\libc_nano.a(lib_a-impure.o)
                0x000000000800d158                _global_impure_ptr
 .rodata.__sf_fake_stderr
                0x000000000800d15c       0x20 c:/st/stm32cubeide_1.9.0/stm32cubeide/plugins/com.st.stm32cube.ide.mcu.externaltools.gnu-tools-for-stm32.10.3-2021.10.win32_1.0.0.202111181127/tools/bin/../lib/gcc/arm-none-eabi/10.3.1/../../../../arm-none-eabi/lib/thumb/v7e-m+dp/hard\libc_nano.a(lib_a-findfp.o)
                0x000000000800d15c                __sf_fake_stderr
 .rodata.__sf_fake_stdin
                0x000000000800d17c       0x20 c:/st/stm32cubeide_1.9.0/stm32cubeide/plugins/com.st.stm32cube.ide.mcu.externaltools.gnu-tools-for-stm32.10.3-2021.10.win32_1.0.0.202111181127/tools/bin/../lib/gcc/arm-none-eabi/10.3.1/../../../../arm-none-eabi/lib/thumb/v7e-m+dp/hard\libc_nano.a(lib_a-findfp.o)
                0x000000000800d17c                __sf_fake_stdin
 .rodata.__sf_fake_stdout
                0x000000000800d19c       0x20 c:/st/stm32cubeide_1.9.0/stm32cubeide/plugins/com.st.stm32cube.ide.mcu.externaltools.gnu-tools-for-stm32.10.3-2021.10.win32_1.0.0.202111181127/tools/bin/../lib/gcc/arm-none-eabi/10.3.1/../../../../arm-none-eabi/lib/thumb/v7e-m+dp/hard\libc_nano.a(lib_a-findfp.o)
                0x000000000800d19c                __sf_fake_stdout
 .rodata._vfprintf_r.str1.1
                0x000000000800d1bc       0x11 c:/st/stm32cubeide_1.9.0/stm32cubeide/plugins/com.st.stm32cube.ide.mcu.externaltools.gnu-tools-for-stm32.10.3-2021.10.win32_1.0.0.202111181127/tools/bin/../lib/gcc/arm-none-eabi/10.3.1/../../../../arm-none-eabi/lib/thumb/v7e-m+dp/hard\libc_nano.a(lib_a-nano-vfprintf.o)
 .rodata._printf_i.str1.1
                0x000000000800d1cd       0x22 c:/st/stm32cubeide_1.9.0/stm32cubeide/plugins/com.st.stm32cube.ide.mcu.externaltools.gnu-tools-for-stm32.10.3-2021.10.win32_1.0.0.202111181127/tools/bin/../lib/gcc/arm-none-eabi/10.3.1/../../../../arm-none-eabi/lib/thumb/v7e-m+dp/hard\libc_nano.a(lib_a-nano-vfprintf_i.o)
                0x000000000800d1f0                . = ALIGN (0x4)
 *fill*         0x000000000800d1ef        0x1 

.rel.dyn        0x000000000800d1f0        0x0
 .rel.iplt      0x000000000800d1f0        0x0 c:/st/stm32cubeide_1.9.0/stm32cubeide/plugins/com.st.stm32cube.ide.mcu.externaltools.gnu-tools-for-stm32.10.3-2021.10.win32_1.0.0.202111181127/tools/bin/../lib/gcc/arm-none-eabi/10.3.1/thumb/v7e-m+dp/hard/crtbegin.o

.ARM.extab
 *(.ARM.extab* .gnu.linkonce.armextab.*)

.ARM            0x000000000800d1f0        0x0
                0x000000000800d1f0                __exidx_start = .
 *(.ARM.exidx*)
                0x000000000800d1f0                __exidx_end = .

.preinit_array  0x000000000800d1f0        0x0
                0x000000000800d1f0                PROVIDE (__preinit_array_start = .)
 *(.preinit_array*)
                0x000000000800d1f0                PROVIDE (__preinit_array_end = .)

.init_array     0x000000000800d1f0        0x4
                0x000000000800d1f0                PROVIDE (__init_array_start = .)
 *(SORT_BY_NAME(.init_array.*))
 *(.init_array*)
 .init_array    0x000000000800d1f0        0x4 c:/st/stm32cubeide_1.9.0/stm32cubeide/plugins/com.st.stm32cube.ide.mcu.externaltools.gnu-tools-for-stm32.10.3-2021.10.win32_1.0.0.202111181127/tools/bin/../lib/gcc/arm-none-eabi/10.3.1/thumb/v7e-m+dp/hard/crtbegin.o
                0x000000000800d1f4                PROVIDE (__init_array_end = .)

.fini_array     0x000000000800d1f4        0x4
                [!provide]                        PROVIDE (__fini_array_start = .)
 *(SORT_BY_NAME(.fini_array.*))
 *(.fini_array*)
 .fini_array    0x000000000800d1f4        0x4 c:/st/stm32cubeide_1.9.0/stm32cubeide/plugins/com.st.stm32cube.ide.mcu.externaltools.gnu-tools-for-stm32.10.3-2021.10.win32_1.0.0.202111181127/tools/bin/../lib/gcc/arm-none-eabi/10.3.1/thumb/v7e-m+dp/hard/crtbegin.o
                [!provide]                        PROVIDE (__fini_array_end = .)
                0x000000000800d1f8                _sidata = LOADADDR (.data)

.data           0x0000000024000000      0x194 load address 0x000000000800d1f8
                0x0000000024000000                . = ALIGN (0x4)
                0x0000000024000000                _sdata = .
 *(.data)
 *(.data*)
 .data.SystemCoreClock
                0x0000000024000000        0x4 ./Core/Src/system_stm32h7xx.o
                0x0000000024000000                SystemCoreClock
 .data.SystemD2Clock
                0x0000000024000004        0x4 ./Core/Src/system_stm32h7xx.o
                0x0000000024000004                SystemD2Clock
 .data.uwTickPrio
                0x0000000024000008        0x4 ./Drivers/STM32H7xx_HAL_Driver/Src/stm32h7xx_hal.o
                0x0000000024000008                uwTickPrio
 .data.uwTickFreq
                0x000000002400000c        0x1 ./Drivers/STM32H7xx_HAL_Driver/Src/stm32h7xx_hal.o
                0x000000002400000c                uwTickFreq
 *fill*         0x000000002400000d        0x3 
 .data.USBD_AUDIO
                0x0000000024000010       0x38 ./Middlewares/ST/STM32_USB_Device_Library/Class/AUDIO/Src/usbd_audio.o
                0x0000000024000010                USBD_AUDIO
 .data.USBD_AUDIO_CfgDesc
                0x0000000024000048       0x6d ./Middlewares/ST/STM32_USB_Device_Library/Class/AUDIO/Src/usbd_audio.o
 *fill*         0x00000000240000b5        0x3 
 .data.USBD_AUDIO_DeviceQualifierDesc
                0x00000000240000b8        0xa ./Middlewares/ST/STM32_USB_Device_Library/Class/AUDIO/Src/usbd_audio.o
 .data.AUDIOOutEpAdd
                0x00000000240000c2        0x1 ./Middlewares/ST/STM32_USB_Device_Library/Class/AUDIO/Src/usbd_audio.o
 *fill*         0x00000000240000c3        0x1 
 .data.USBD_AUDIO_fops_FS
                0x00000000240000c4       0x1c ./USB_DEVICE/App/usbd_audio_if.o
                0x00000000240000c4                USBD_AUDIO_fops_FS
 .data.FS_Desc  0x00000000240000e0       0x1c ./USB_DEVICE/App/usbd_desc.o
                0x00000000240000e0                FS_Desc
 .data.USBD_FS_DeviceDesc
                0x00000000240000fc       0x12 ./USB_DEVICE/App/usbd_desc.o
                0x00000000240000fc                USBD_FS_DeviceDesc
 *fill*         0x000000002400010e        0x2 
 .data.USBD_LangIDDesc
                0x0000000024000110        0x4 ./USB_DEVICE/App/usbd_desc.o
                0x0000000024000110                USBD_LangIDDesc
 .data.USBD_StringSerial
                0x0000000024000114       0x1a ./USB_DEVICE/App/usbd_desc.o
                0x0000000024000114                USBD_StringSerial
 *fill*         0x000000002400012e        0x2 
 .data._impure_ptr
                0x0000000024000130        0x4 c:/st/stm32cubeide_1.9.0/stm32cubeide/plugins/com.st.stm32cube.ide.mcu.externaltools.gnu-tools-for-stm32.10.3-2021.10.win32_1.0.0.202111181127/tools/bin/../lib/gcc/arm-none-eabi/10.3.1/../../../../arm-none-eabi/lib/thumb/v7e-m+dp/hard\libc_nano.a(lib_a-impure.o)
                0x0000000024000130                _impure_ptr
 .data.impure_data
                0x0000000024000134       0x60 c:/st/stm32cubeide_1.9.0/stm32cubeide/plugins/com.st.stm32cube.ide.mcu.externaltools.gnu-tools-for-stm32.10.3-2021.10.win32_1.0.0.202111181127/tools/bin/../lib/gcc/arm-none-eabi/10.3.1/../../../../arm-none-eabi/lib/thumb/v7e-m+dp/hard\libc_nano.a(lib_a-impure.o)
 *(.RamFunc)
 *(.RamFunc*)
                0x0000000024000194                . = ALIGN (0x4)
                0x0000000024000194                _edata = .

.igot.plt       0x0000000024000194        0x0 load address 0x000000000800d38c
 .igot.plt      0x0000000024000194        0x0 c:/st/stm32cubeide_1.9.0/stm32cubeide/plugins/com.st.stm32cube.ide.mcu.externaltools.gnu-tools-for-stm32.10.3-2021.10.win32_1.0.0.202111181127/tools/bin/../lib/gcc/arm-none-eabi/10.3.1/thumb/v7e-m+dp/hard/crtbegin.o
                0x0000000024000194                . = ALIGN (0x4)

.bss            0x0000000024000194     0x49b0 load address 0x000000000800d38c
                0x0000000024000194                _sbss = .
                0x0000000024000194                __bss_start__ = _sbss
 *(.bss)
 .bss           0x0000000024000194       0x1c c:/st/stm32cubeide_1.9.0/stm32cubeide/plugins/com.st.stm32cube.ide.mcu.externaltools.gnu-tools-for-stm32.10.3-2021.10.win32_1.0.0.202111181127/tools/bin/../lib/gcc/arm-none-eabi/10.3.1/thumb/v7e-m+dp/hard/crtbegin.o
 *(.bss*)
 .bss.hsai_BlockA1
                0x00000000240001b0       0x98 ./Core/Src/sai.o
                0x00000000240001b0                hsai_BlockA1
 .bss.hsai_BlockA2
                0x0000000024000248       0x98 ./Core/Src/sai.o
                0x0000000024000248                hsai_BlockA2
 .bss.hsai_BlockA3
                0x00000000240002e0       0x98 ./Core/Src/sai.o
                0x00000000240002e0                hsai_BlockA3
 .bss.hdma_sai1_a
                0x0000000024000378       0x78 ./Core/Src/sai.o
                0x0000000024000378                hdma_sai1_a
 .bss.hdma_sai2_a
                0x00000000240003f0       0x78 ./Core/Src/sai.o
                0x00000000240003f0                hdma_sai2_a
 .bss.hdma_sai3_a
                0x0000000024000468       0x78 ./Core/Src/sai.o
                0x0000000024000468                hdma_sai3_a
 .bss.SAI1_client
                0x00000000240004e0        0x4 ./Core/Src/sai.o
 .bss.SAI2_client
                0x00000000240004e4        0x4 ./Core/Src/sai.o
 .bss.SAI3_client
                0x00000000240004e8        0x4 ./Core/Src/sai.o
 .bss.__sbrk_heap_end
                0x00000000240004ec        0x4 ./Core/Src/sysmem.o
 .bss.uwTick    0x00000000240004f0        0x4 ./Drivers/STM32H7xx_HAL_Driver/Src/stm32h7xx_hal.o
                0x00000000240004f0                uwTick
 .bss.cfgidx.0  0x00000000240004f4        0x1 ./Middlewares/ST/STM32_USB_Device_Library/Core/Src/usbd_ctlreq.o
 *fill*         0x00000000240004f5        0x3 
 .bss.hUsbDeviceFS
                0x00000000240004f8      0x2dc ./USB_DEVICE/App/usb_device.o
                0x00000000240004f8                hUsbDeviceFS
 .bss.USBD_StrDesc
                0x00000000240007d4      0x200 ./USB_DEVICE/App/usbd_desc.o
                0x00000000240007d4                USBD_StrDesc
 .bss.hpcd_USB_OTG_FS
                0x00000000240009d4      0x50c ./USB_DEVICE/Target/usbd_conf.o
                0x00000000240009d4                hpcd_USB_OTG_FS
 .bss.mem.0     0x0000000024000ee0     0x3c54 ./USB_DEVICE/Target/usbd_conf.o
 .bss.__lock___malloc_recursive_mutex
                0x0000000024004b34        0x1 c:/st/stm32cubeide_1.9.0/stm32cubeide/plugins/com.st.stm32cube.ide.mcu.externaltools.gnu-tools-for-stm32.10.3-2021.10.win32_1.0.0.202111181127/tools/bin/../lib/gcc/arm-none-eabi/10.3.1/../../../../arm-none-eabi/lib/thumb/v7e-m+dp/hard\libc_nano.a(lib_a-lock.o)
                0x0000000024004b34                __lock___malloc_recursive_mutex
 .bss.__lock___sfp_recursive_mutex
                0x0000000024004b35        0x1 c:/st/stm32cubeide_1.9.0/stm32cubeide/plugins/com.st.stm32cube.ide.mcu.externaltools.gnu-tools-for-stm32.10.3-2021.10.win32_1.0.0.202111181127/tools/bin/../lib/gcc/arm-none-eabi/10.3.1/../../../../arm-none-eabi/lib/thumb/v7e-m+dp/hard\libc_nano.a(lib_a-lock.o)
                0x0000000024004b35                __lock___sfp_recursive_mutex
 .bss.__lock___sinit_recursive_mutex
                0x0000000024004b36        0x1 c:/st/stm32cubeide_1.9.0/stm32cubeide/plugins/com.st.stm32cube.ide.mcu.externaltools.gnu-tools-for-stm32.10.3-2021.10.win32_1.0.0.202111181127/tools/bin/../lib/gcc/arm-none-eabi/10.3.1/../../../../arm-none-eabi/lib/thumb/v7e-m+dp/hard\libc_nano.a(lib_a-lock.o)
                0x0000000024004b36                __lock___sinit_recursive_mutex
 *fill*         0x0000000024004b37        0x1 
 .bss.__malloc_free_list
                0x0000000024004b38        0x4 c:/st/stm32cubeide_1.9.0/stm32cubeide/plugins/com.st.stm32cube.ide.mcu.externaltools.gnu-tools-for-stm32.10.3-2021.10.win32_1.0.0.202111181127/tools/bin/../lib/gcc/arm-none-eabi/10.3.1/../../../../arm-none-eabi/lib/thumb/v7e-m+dp/hard\libc_nano.a(lib_a-nano-mallocr.o)
                0x0000000024004b38                __malloc_free_list
 .bss.__malloc_sbrk_start
                0x0000000024004b3c        0x4 c:/st/stm32cubeide_1.9.0/stm32cubeide/plugins/com.st.stm32cube.ide.mcu.externaltools.gnu-tools-for-stm32.10.3-2021.10.win32_1.0.0.202111181127/tools/bin/../lib/gcc/arm-none-eabi/10.3.1/../../../../arm-none-eabi/lib/thumb/v7e-m+dp/hard\libc_nano.a(lib_a-nano-mallocr.o)
                0x0000000024004b3c                __malloc_sbrk_start
 .bss.errno     0x0000000024004b40        0x4 c:/st/stm32cubeide_1.9.0/stm32cubeide/plugins/com.st.stm32cube.ide.mcu.externaltools.gnu-tools-for-stm32.10.3-2021.10.win32_1.0.0.202111181127/tools/bin/../lib/gcc/arm-none-eabi/10.3.1/../../../../arm-none-eabi/lib/thumb/v7e-m+dp/hard\libc_nano.a(lib_a-reent.o)
                0x0000000024004b40                errno
 *(COMMON)
                0x0000000024004b44                . = ALIGN (0x4)
                0x0000000024004b44                _ebss = .
                0x0000000024004b44                __bss_end__ = _ebss

._user_heap_stack
                0x0000000024004b44     0x8004 load address 0x000000000800d38c
                0x0000000024004b48                . = ALIGN (0x8)
 *fill*         0x0000000024004b44        0x4 
                [!provide]                        PROVIDE (end = .)
                0x0000000024004b48                PROVIDE (_end = .)
                0x0000000024008b48                . = (. + _Min_Heap_Size)
 *fill*         0x0000000024004b48     0x4000 
                0x000000002400cb48                . = (. + _Min_Stack_Size)
 *fill*         0x0000000024008b48     0x4000 
                0x000000002400cb48                . = ALIGN (0x8)

/DISCARD/
 libc.a(*)
 libm.a(*)
 libgcc.a(*)

.ARM.attributes
                0x0000000000000000       0x2e
 *(.ARM.attributes)
 .ARM.attributes
                0x0000000000000000       0x1e c:/st/stm32cubeide_1.9.0/stm32cubeide/plugins/com.st.stm32cube.ide.mcu.externaltools.gnu-tools-for-stm32.10.3-2021.10.win32_1.0.0.202111181127/tools/bin/../lib/gcc/arm-none-eabi/10.3.1/thumb/v7e-m+dp/hard/crti.o
 .ARM.attributes
                0x000000000000001e       0x32 c:/st/stm32cubeide_1.9.0/stm32cubeide/plugins/com.st.stm32cube.ide.mcu.externaltools.gnu-tools-for-stm32.10.3-2021.10.win32_1.0.0.202111181127/tools/bin/../lib/gcc/arm-none-eabi/10.3.1/thumb/v7e-m+dp/hard/crtbegin.o
 .ARM.attributes
                0x0000000000000050       0x32 ./Core/Src/dma.o
 .ARM.attributes
                0x0000000000000082       0x32 ./Core/Src/gpio.o
 .ARM.attributes
                0x00000000000000b4       0x32 ./Core/Src/main.o
 .ARM.attributes
                0x00000000000000e6       0x32 ./Core/Src/sai.o
 .ARM.attributes
                0x0000000000000118       0x32 ./Core/Src/stm32h7xx_hal_msp.o
 .ARM.attributes
                0x000000000000014a       0x32 ./Core/Src/stm32h7xx_it.o
 .ARM.attributes
                0x000000000000017c       0x32 ./Core/Src/syscalls.o
 .ARM.attributes
                0x00000000000001ae       0x32 ./Core/Src/sysmem.o
 .ARM.attributes
                0x00000000000001e0       0x32 ./Core/Src/system_stm32h7xx.o
 .ARM.attributes
                0x0000000000000212       0x21 ./Core/Startup/startup_stm32h750vbtx.o
 .ARM.attributes
                0x0000000000000233       0x32 ./Drivers/STM32H7xx_HAL_Driver/Src/stm32h7xx_hal.o