Archive member included to satisfy reference by file (symbol)

c:/st/stm32cubeide_1.9.0/stm32cubeide/plugins/com.st.stm32cube.ide.mcu.externaltools.gnu-tools-for-stm32.10.3-2021.10.win32_1.0.0.202111181127/tools/bin/../lib/gcc/arm-none-eabi/10.3.1/../../../../arm-none-eabi/lib/thumb/v7e-m+dp/hard\libc_nano.a(lib_a-errno.o)
                              ./Core/Src/syscalls.o (__errno)
c:/st/stm32cubeide_1.9.0/stm32cubeide/plugins/com.st.stm32cube.ide.mcu.externaltools.gnu-tools-for-stm32.10.3-2021.10.win32_1.0.0.202111181127/tools/bin/../lib/gcc/arm-none-eabi/10.3.1/../../../../arm-none-eabi/lib/thumb/v7e-m+dp/hard\libc_nano.a(lib_a-exit.o)
                              c:/st/stm32cubeide_1.9.0/stm32cubeide/plugins/com.st.stm32cube.ide.mcu.externaltools.gnu-tools-for-stm32.10.3-2021.10.win32_1.0.0.202111181127/tools/bin/../lib/gcc/arm-none-eabi/10.3.1/../../../../arm-none-eabi/lib/thumb/v7e-m+dp/hard/crt0.o (exit)
c:/st/stm32cubeide_1.9.0/stm32cubeide/plugins/com.st.stm32cube.ide.mcu.externaltools.gnu-tools-for-stm32.10.3-2021.10.win32_1.0.0.202111181127/tools/bin/../lib/gcc/arm-none-eabi/10.3.1/../../../../arm-none-eabi/lib/thumb/v7e-m+dp/hard\libc_nano.a(lib_a-impure.o)
                              c:/st/stm32cubeide_1.9.0/stm32cubeide/plugins/com.st.stm32cube.ide.mcu.externaltools.gnu-tools-for-stm32.10.3-2021.10.win32_1.0.0.202111181127/tools/bin/../lib/gcc/arm-none-eabi/10.3.1/../../../../arm-none-eabi/lib/thumb/v7e-m+dp/hard\libc_nano.a(lib_a-exit.o) (_global_impure_ptr)
c:/st/stm32cubeide_1.9.0/stm32cubeide/plugins/com.st.stm32cube.ide.mcu.externaltools.gnu-tools-for-stm32.10.3-2021.10.win32_1.0.0.202111181127/tools/bin/../lib/gcc/arm-none-eabi/10.3.1/../../../../arm-none-eabi/lib/thumb/v7e-m+dp/hard\libc_nano.a(lib_a-init.o)
                              c:/st/stm32cubeide_1.9.0/stm32cubeide/plugins/com.st.stm32cube.ide.mcu.externaltools.gnu-tools-for-stm32.10.3-2021.10.win32_1.0.0.202111181127/tools/bin/../lib/gcc/arm-none-eabi/10.3.1/../../../../arm-none-eabi/lib/thumb/v7e-m+dp/hard/crt0.o (__libc_init_array)
c:/st/stm32cubeide_1.9.0/stm32cubeide/plugins/com.st.stm32cube.ide.mcu.externaltools.gnu-tools-for-stm32.10.3-2021.10.win32_1.0.0.202111181127/tools/bin/../lib/gcc/arm-none-eabi/10.3.1/../../../../arm-none-eabi/lib/thumb/v7e-m+dp/hard\libc_nano.a(lib_a-memset.o)
                              c:/st/stm32cubeide_1.9.0/stm32cubeide/plugins/com.st.stm32cube.ide.mcu.externaltools.gnu-tools-for-stm32.10.3-2021.10.win32_1.0.0.202111181127/tools/bin/../lib/gcc/arm-none-eabi/10.3.1/../../../../arm-none-eabi/lib/thumb/v7e-m+dp/hard/crt0.o (memset)

Discarded input sections

 .text          0x0000000000000000        0x0 c:/st/stm32cubeide_1.9.0/stm32cubeide/plugins/com.st.stm32cube.ide.mcu.externaltools.gnu-tools-for-stm32.10.3-2021.10.win32_1.0.0.202111181127/tools/bin/../lib/gcc/arm-none-eabi/10.3.1/thumb/v7e-m+dp/hard/crti.o
 .data          0x0000000000000000        0x0 c:/st/stm32cubeide_1.9.0/stm32cubeide/plugins/com.st.stm32cube.ide.mcu.externaltools.gnu-tools-for-stm32.10.3-2021.10.win32_1.0.0.202111181127/tools/bin/../lib/gcc/arm-none-eabi/10.3.1/thumb/v7e-m+dp/hard/crti.o
 .bss           0x0000000000000000        0x0 c:/st/stm32cubeide_1.9.0/stm32cubeide/plugins/com.st.stm32cube.ide.mcu.externaltools.gnu-tools-for-stm32.10.3-2021.10.win32_1.0.0.202111181127/tools/bin/../lib/gcc/arm-none-eabi/10.3.1/thumb/v7e-m+dp/hard/crti.o
 .data          0x0000000000000000        0x4 c:/st/stm32cubeide_1.9.0/stm32cubeide/plugins/com.st.stm32cube.ide.mcu.externaltools.gnu-tools-for-stm32.10.3-2021.10.win32_1.0.0.202111181127/tools/bin/../lib/gcc/arm-none-eabi/10.3.1/thumb/v7e-m+dp/hard/crtbegin.o
 .rodata        0x0000000000000000       0x24 c:/st/stm32cubeide_1.9.0/stm32cubeide/plugins/com.st.stm32cube.ide.mcu.externaltools.gnu-tools-for-stm32.10.3-2021.10.win32_1.0.0.202111181127/tools/bin/../lib/gcc/arm-none-eabi/10.3.1/thumb/v7e-m+dp/hard/crtbegin.o
 .text          0x0000000000000000       0x7c c:/st/stm32cubeide_1.9.0/stm32cubeide/plugins/com.st.stm32cube.ide.mcu.externaltools.gnu-tools-for-stm32.10.3-2021.10.win32_1.0.0.202111181127/tools/bin/../lib/gcc/arm-none-eabi/10.3.1/../../../../arm-none-eabi/lib/thumb/v7e-m+dp/hard/crt0.o
 .data          0x0000000000000000        0x0 c:/st/stm32cubeide_1.9.0/stm32cubeide/plugins/com.st.stm32cube.ide.mcu.externaltools.gnu-tools-for-stm32.10.3-2021.10.win32_1.0.0.202111181127/tools/bin/../lib/gcc/arm-none-eabi/10.3.1/../../../../arm-none-eabi/lib/thumb/v7e-m+dp/hard/crt0.o
 .bss           0x0000000000000000        0x0 c:/st/stm32cubeide_1.9.0/stm32cubeide/plugins/com.st.stm32cube.ide.mcu.externaltools.gnu-tools-for-stm32.10.3-2021.10.win32_1.0.0.202111181127/tools/bin/../lib/gcc/arm-none-eabi/10.3.1/../../../../arm-none-eabi/lib/thumb/v7e-m+dp/hard/crt0.o
[...]
Memory Configuration

Name             Origin             Length             Attributes
FLASH            0x0000000008000000 0x0000000000020000 xr
DTCMRAM          0x0000000020000000 0x0000000000020000 xrw
RAM_D1           0x0000000024000000 0x0000000000080000 xrw
RAM_D2           0x0000000030000000 0x0000000000048000 xrw
RAM_D3           0x0000000038000000 0x0000000000010000 xrw
ITCMRAM          0x0000000000000000 0x0000000000010000 xrw
*default*        0x0000000000000000 0xffffffffffffffff

Linker script and memory map

LOAD c:/st/stm32cubeide_1.9.0/stm32cubeide/plugins/com.st.stm32cube.ide.mcu.externaltools.gnu-tools-for-stm32.10.3-2021.10.win32_1.0.0.202111181127/tools/bin/../lib/gcc/arm-none-eabi/10.3.1/thumb/v7e-m+dp/hard/crti.o
LOAD c:/st/stm32cubeide_1.9.0/stm32cubeide/plugins/com.st.stm32cube.ide.mcu.externaltools.gnu-tools-for-stm32.10.3-2021.10.win32_1.0.0.202111181127/tools/bin/../lib/gcc/arm-none-eabi/10.3.1/thumb/v7e-m+dp/hard/crtbegin.o
LOAD c:/st/stm32cubeide_1.9.0/stm32cubeide/plugins/com.st.stm32cube.ide.mcu.externaltools.gnu-tools-for-stm32.10.3-2021.10.win32_1.0.0.202111181127/tools/bin/../lib/gcc/arm-none-eabi/10.3.1/../../../../arm-none-eabi/lib/thumb/v7e-m+dp/hard/crt0.o
LOAD ./Core/Src/main.o
LOAD ./Core/Src/stm32h7xx_hal_msp.o
LOAD ./Core/Src/stm32h7xx_it.o
LOAD ./Core/Src/syscalls.o
LOAD ./Core/Src/sysmem.o
LOAD ./Core/Src/system_stm32h7xx.o
LOAD ./Core/Startup/startup_stm32h750vbtx.o
LOAD ./Drivers/STM32H7xx_HAL_Driver/Src/stm32h7xx_hal.o
LOAD ./Drivers/STM32H7xx_HAL_Driver/Src/stm32h7xx_hal_cortex.o
LOAD ./Drivers/STM32H7xx_HAL_Driver/Src/stm32h7xx_hal_dma.o
LOAD ./Drivers/STM32H7xx_HAL_Driver/Src/stm32h7xx_hal_dma_ex.o
LOAD ./Drivers/STM32H7xx_HAL_Driver/Src/stm32h7xx_hal_exti.o
LOAD ./Drivers/STM32H7xx_HAL_Driver/Src/stm32h7xx_hal_flash.o
LOAD ./Drivers/STM32H7xx_HAL_Driver/Src/stm32h7xx_hal_flash_ex.o
LOAD ./Drivers/STM32H7xx_HAL_Driver/Src/stm32h7xx_hal_gpio.o
LOAD ./Drivers/STM32H7xx_HAL_Driver/Src/stm32h7xx_hal_hsem.o
LOAD ./Drivers/STM32H7xx_HAL_Driver/Src/stm32h7xx_hal_i2c.o
LOAD ./Drivers/STM32H7xx_HAL_Driver/Src/stm32h7xx_hal_i2c_ex.o
LOAD ./Drivers/STM32H7xx_HAL_Driver/Src/stm32h7xx_hal_mdma.o
LOAD ./Drivers/STM32H7xx_HAL_Driver/Src/stm32h7xx_hal_pcd.o
LOAD ./Drivers/STM32H7xx_HAL_Driver/Src/stm32h7xx_hal_pcd_ex.o
LOAD ./Drivers/STM32H7xx_HAL_Driver/Src/stm32h7xx_hal_pwr.o
LOAD ./Drivers/STM32H7xx_HAL_Driver/Src/stm32h7xx_hal_pwr_ex.o
LOAD ./Drivers/STM32H7xx_HAL_Driver/Src/stm32h7xx_hal_rcc.o
LOAD ./Drivers/STM32H7xx_HAL_Driver/Src/stm32h7xx_hal_rcc_ex.o
LOAD ./Drivers/STM32H7xx_HAL_Driver/Src/stm32h7xx_hal_sai.o
LOAD ./Drivers/STM32H7xx_HAL_Driver/Src/stm32h7xx_hal_sai_ex.o
LOAD ./Drivers/STM32H7xx_HAL_Driver/Src/stm32h7xx_hal_tim.o
LOAD ./Drivers/STM32H7xx_HAL_Driver/Src/stm32h7xx_hal_tim_ex.o
LOAD ./Drivers/STM32H7xx_HAL_Driver/Src/stm32h7xx_ll_usb.o
LOAD ./Middlewares/ST/STM32_USB_Device_Library/Class/AUDIO/Src/usbd_audio.o
LOAD ./Middlewares/ST/STM32_USB_Device_Library/Core/Src/usbd_core.o
LOAD ./Middlewares/ST/STM32_USB_Device_Library/Core/Src/usbd_ctlreq.o
LOAD ./Middlewares/ST/STM32_USB_Device_Library/Core/Src/usbd_ioreq.o
LOAD ./USB_DEVICE/App/usb_device.o
LOAD ./USB_DEVICE/App/usbd_audio_if.o
LOAD ./USB_DEVICE/App/usbd_desc.o
LOAD ./USB_DEVICE/Target/usbd_conf.o
START GROUP
LOAD c:/st/stm32cubeide_1.9.0/stm32cubeide/plugins/com.st.stm32cube.ide.mcu.externaltools.gnu-tools-for-stm32.10.3-2021.10.win32_1.0.0.202111181127/tools/bin/../lib/gcc/arm-none-eabi/10.3.1/../../../../arm-none-eabi/lib/thumb/v7e-m+dp/hard\libc_nano.a
LOAD c:/st/stm32cubeide_1.9.0/stm32cubeide/plugins/com.st.stm32cube.ide.mcu.externaltools.gnu-tools-for-stm32.10.3-2021.10.win32_1.0.0.202111181127/tools/bin/../lib/gcc/arm-none-eabi/10.3.1/../../../../arm-none-eabi/lib/thumb/v7e-m+dp/hard\libm.a
END GROUP
START GROUP
LOAD c:/st/stm32cubeide_1.9.0/stm32cubeide/plugins/com.st.stm32cube.ide.mcu.externaltools.gnu-tools-for-stm32.10.3-2021.10.win32_1.0.0.202111181127/tools/bin/../lib/gcc/arm-none-eabi/10.3.1/thumb/v7e-m+dp/hard\libgcc.a
LOAD c:/st/stm32cubeide_1.9.0/stm32cubeide/plugins/com.st.stm32cube.ide.mcu.externaltools.gnu-tools-for-stm32.10.3-2021.10.win32_1.0.0.202111181127/tools/bin/../lib/gcc/arm-none-eabi/10.3.1/../../../../arm-none-eabi/lib/thumb/v7e-m+dp/hard\libc_nano.a
END GROUP
START GROUP
LOAD c:/st/stm32cubeide_1.9.0/stm32cubeide/plugins/com.st.stm32cube.ide.mcu.externaltools.gnu-tools-for-stm32.10.3-2021.10.win32_1.0.0.202111181127/tools/bin/../lib/gcc/arm-none-eabi/10.3.1/thumb/v7e-m+dp/hard\libgcc.a
LOAD c:/st/stm32cubeide_1.9.0/stm32cubeide/plugins/com.st.stm32cube.ide.mcu.externaltools.gnu-tools-for-stm32.10.3-2021.10.win32_1.0.0.202111181127/tools/bin/../lib/gcc/arm-none-eabi/10.3.1/../../../../arm-none-eabi/lib/thumb/v7e-m+dp/hard\libc_nano.a
LOAD c:/st/stm32cubeide_1.9.0/stm32cubeide/plugins/com.st.stm32cube.ide.mcu.externaltools.gnu-tools-for-stm32.10.3-2021.10.win32_1.0.0.202111181127/tools/bin/../lib/gcc/arm-none-eabi/10.3.1/../../../../arm-none-eabi/lib/thumb/v7e-m+dp/hard\libnosys.a
END GROUP
START GROUP
LOAD c:/st/stm32cubeide_1.9.0/stm32cubeide/plugins/com.st.stm32cube.ide.mcu.externaltools.gnu-tools-for-stm32.10.3-2021.10.win32_1.0.0.202111181127/tools/bin/../lib/gcc/arm-none-eabi/10.3.1/thumb/v7e-m+dp/hard\libgcc.a
LOAD c:/st/stm32cubeide_1.9.0/stm32cubeide/plugins/com.st.stm32cube.ide.mcu.externaltools.gnu-tools-for-stm32.10.3-2021.10.win32_1.0.0.202111181127/tools/bin/../lib/gcc/arm-none-eabi/10.3.1/../../../../arm-none-eabi/lib/thumb/v7e-m+dp/hard\libc_nano.a
LOAD c:/st/stm32cubeide_1.9.0/stm32cubeide/plugins/com.st.stm32cube.ide.mcu.externaltools.gnu-tools-for-stm32.10.3-2021.10.win32_1.0.0.202111181127/tools/bin/../lib/gcc/arm-none-eabi/10.3.1/../../../../arm-none-eabi/lib/thumb/v7e-m+dp/hard\libnosys.a
END GROUP
LOAD c:/st/stm32cubeide_1.9.0/stm32cubeide/plugins/com.st.stm32cube.ide.mcu.externaltools.gnu-tools-for-stm32.10.3-2021.10.win32_1.0.0.202111181127/tools/bin/../lib/gcc/arm-none-eabi/10.3.1/thumb/v7e-m+dp/hard/crtend.o
LOAD c:/st/stm32cubeide_1.9.0/stm32cubeide/plugins/com.st.stm32cube.ide.mcu.externaltools.gnu-tools-for-stm32.10.3-2021.10.win32_1.0.0.202111181127/tools/bin/../lib/gcc/arm-none-eabi/10.3.1/thumb/v7e-m+dp/hard/crtn.o
                0x0000000024080000                _estack = (ORIGIN (RAM_D1) + LENGTH (RAM_D1))
                0x0000000000000200                _Min_Heap_Size = 0x200
                0x0000000000000400                _Min_Stack_Size = 0x400

.isr_vector     0x0000000008000000      0x298
                0x0000000008000000                . = ALIGN (0x4)
 *(.isr_vector)
 .isr_vector    0x0000000008000000      0x298 ./Core/Startup/startup_stm32h750vbtx.o
                0x0000000008000000                g_pfnVectors
                0x0000000008000298                . = ALIGN (0x4)

.text           0x0000000008000298     0xd3fc
                0x0000000008000298                . = ALIGN (0x4)
 *(.text)
 .text          0x0000000008000298       0x40 c:/st/stm32cubeide_1.9.0/stm32cubeide/plugins/com.st.stm32cube.ide.mcu.externaltools.gnu-tools-for-stm32.10.3-2021.10.win32_1.0.0.202111181127/tools/bin/../lib/gcc/arm-none-eabi/10.3.1/thumb/v7e-m+dp/hard/crtbegin.o
 *(.text*)
 .text.main     0x00000000080002d8       0x38 ./Core/Src/main.o
                0x00000000080002d8                main
 .text.SystemClock_Config
                0x0000000008000310       0xfc ./Core/Src/main.o
                0x0000000008000310                SystemClock_Config
 .text.MX_I2C1_Init
                0x000000000800040c       0x80 ./Core/Src/main.o
 .text.MX_SAI1_Init
                0x000000000800048c       0xc4 ./Core/Src/main.o
 .text.MX_DMA_Init
                0x0000000008000550       0x40 ./Core/Src/main.o
 .text.MX_GPIO_Init
                0x0000000008000590      0x100 ./Core/Src/main.o
 .text.Error_Handler
                0x0000000008000690        0xa ./Core/Src/main.o
                0x0000000008000690                Error_Handler
 *fill*         0x000000000800069a        0x2 
 .text.HAL_MspInit
                0x000000000800069c       0x34 ./Core/Src/stm32h7xx_hal_msp.o
                0x000000000800069c                HAL_MspInit
 .text.HAL_I2C_MspInit
                0x00000000080006d0       0xc8 ./Core/Src/stm32h7xx_hal_msp.o
                0x00000000080006d0                HAL_I2C_MspInit
 .text.HAL_SAI_MspInit
                0x0000000008000798      0x14c ./Core/Src/stm32h7xx_hal_msp.o
                0x0000000008000798                HAL_SAI_MspInit
 .text.NMI_Handler
                0x00000000080008e4        0x6 ./Core/Src/stm32h7xx_it.o
                0x00000000080008e4                NMI_Handler
 .text.HardFault_Handler
                0x00000000080008ea        0x6 ./Core/Src/stm32h7xx_it.o
                0x00000000080008ea                HardFault_Handler
 .text.MemManage_Handler
                0x00000000080008f0        0x6 ./Core/Src/stm32h7xx_it.o
                0x00000000080008f0                MemManage_Handler
 .text.BusFault_Handler
                0x00000000080008f6        0x6 ./Core/Src/stm32h7xx_it.o
                0x00000000080008f6                BusFault_Handler
 .text.UsageFault_Handler
                0x00000000080008fc        0x6 ./Core/Src/stm32h7xx_it.o
                0x00000000080008fc                UsageFault_Handler
 .text.SVC_Handler
                0x0000000008000902        0xe ./Core/Src/stm32h7xx_it.o
                0x0000000008000902                SVC_Handler
 .text.DebugMon_Handler
                0x0000000008000910        0xe ./Core/Src/stm32h7xx_it.o
                0x0000000008000910                DebugMon_Handler
 .text.PendSV_Handler
                0x000000000800091e        0xe ./Core/Src/stm32h7xx_it.o
                0x000000000800091e                PendSV_Handler
 .text.SysTick_Handler
                0x000000000800092c        0xc ./Core/Src/stm32h7xx_it.o
                0x000000000800092c                SysTick_Handler
 .text.DMA1_Stream0_IRQHandler
                0x0000000008000938       0x14 ./Core/Src/stm32h7xx_it.o
                0x0000000008000938                DMA1_Stream0_IRQHandler
 .text.SAI1_IRQHandler
                0x000000000800094c       0x14 ./Core/Src/stm32h7xx_it.o
                0x000000000800094c                SAI1_IRQHandler
 .text.OTG_FS_IRQHandler
                0x0000000008000960       0x14 ./Core/Src/stm32h7xx_it.o
                0x0000000008000960                OTG_FS_IRQHandler
 .text.SystemInit
                0x0000000008000974      0x110 ./Core/Src/system_stm32h7xx.o
                0x0000000008000974                SystemInit
 .text.Reset_Handler
                0x0000000008000a84       0x50 ./Core/Startup/startup_stm32h750vbtx.o
                0x0000000008000a84                Reset_Handler
 .text.Default_Handler
                0x0000000008000ad4        0x2 ./Core/Startup/startup_stm32h750vbtx.o
                0x0000000008000ad4                RTC_Alarm_IRQHandler
                0x0000000008000ad4                HASH_RNG_IRQHandler
                0x0000000008000ad4                EXTI2_IRQHandler
                0x0000000008000ad4                TIM8_CC_IRQHandler
                0x0000000008000ad4                HRTIM1_Master_IRQHandler
                0x0000000008000ad4                UART8_IRQHandler
                0x0000000008000ad4                SPI4_IRQHandler
                0x0000000008000ad4                TIM1_CC_IRQHandler
                0x0000000008000ad4                BDMA_Channel6_IRQHandler
                0x0000000008000ad4                DMA2_Stream5_IRQHandler
                0x0000000008000ad4                HRTIM1_FLT_IRQHandler
                0x0000000008000ad4                JPEG_IRQHandler
                0x0000000008000ad4                DMA1_Stream5_IRQHandler
                0x0000000008000ad4                BDMA_Channel1_IRQHandler
                0x0000000008000ad4                HRTIM1_TIMD_IRQHandler
                0x0000000008000ad4                TAMP_STAMP_IRQHandler
                0x0000000008000ad4                EXTI3_IRQHandler
                0x0000000008000ad4                LPTIM4_IRQHandler
                0x0000000008000ad4                TIM8_TRG_COM_TIM14_IRQHandler
                0x0000000008000ad4                LPTIM2_IRQHandler
                0x0000000008000ad4                DFSDM1_FLT1_IRQHandler
                0x0000000008000ad4                DMAMUX2_OVR_IRQHandler
                0x0000000008000ad4                TIM8_UP_TIM13_IRQHandler
                0x0000000008000ad4                I2C3_ER_IRQHandler
                0x0000000008000ad4                DFSDM1_FLT2_IRQHandler
                0x0000000008000ad4                MDMA_IRQHandler
                0x0000000008000ad4                LPTIM3_IRQHandler
                0x0000000008000ad4                HSEM1_IRQHandler
                0x0000000008000ad4                EXTI0_IRQHandler
                0x0000000008000ad4                I2C2_EV_IRQHandler
                0x0000000008000ad4                DMA1_Stream2_IRQHandler
                0x0000000008000ad4                FPU_IRQHandler
                0x0000000008000ad4                OTG_HS_WKUP_IRQHandler
                0x0000000008000ad4                FDCAN1_IT1_IRQHandler
                0x0000000008000ad4                LTDC_ER_IRQHandler
                0x0000000008000ad4                DMA2_Stream2_IRQHandler
                0x0000000008000ad4                HRTIM1_TIME_IRQHandler
                0x0000000008000ad4                SPI1_IRQHandler
                0x0000000008000ad4                TIM6_DAC_IRQHandler
                0x0000000008000ad4                DCMI_IRQHandler
                0x0000000008000ad4                HRTIM1_TIMC_IRQHandler
                0x0000000008000ad4                DMA2_Stream3_IRQHandler
                0x0000000008000ad4                SAI2_IRQHandler
                0x0000000008000ad4                DFSDM1_FLT3_IRQHandler
                0x0000000008000ad4                USART6_IRQHandler
                0x0000000008000ad4                TIM17_IRQHandler
                0x0000000008000ad4                USART3_IRQHandler
                0x0000000008000ad4                BDMA_Channel7_IRQHandler
                0x0000000008000ad4                CRYP_IRQHandler
                0x0000000008000ad4                LPTIM5_IRQHandler
                0x0000000008000ad4                UART5_IRQHandler
                0x0000000008000ad4                ADC3_IRQHandler
                0x0000000008000ad4                DMA2_Stream0_IRQHandler
                0x0000000008000ad4                TIM4_IRQHandler
                0x0000000008000ad4                BDMA_Channel2_IRQHandler
                0x0000000008000ad4                QUADSPI_IRQHandler
                0x0000000008000ad4                I2C1_EV_IRQHandler
                0x0000000008000ad4                DMA1_Stream6_IRQHandler
                0x0000000008000ad4                DMAMUX1_OVR_IRQHandler
                0x0000000008000ad4                DMA1_Stream1_IRQHandler
                0x0000000008000ad4                TIM16_IRQHandler
                0x0000000008000ad4                UART4_IRQHandler
                0x0000000008000ad4                BDMA_Channel5_IRQHandler
                0x0000000008000ad4                TIM3_IRQHandler
                0x0000000008000ad4                RCC_IRQHandler
                0x0000000008000ad4                TIM8_BRK_TIM12_IRQHandler
                0x0000000008000ad4                TIM1_TRG_COM_IRQHandler
                0x0000000008000ad4                Default_Handler
                0x0000000008000ad4                ECC_IRQHandler
                0x0000000008000ad4                CEC_IRQHandler
                0x0000000008000ad4                EXTI15_10_IRQHandler
                0x0000000008000ad4                BDMA_Channel0_IRQHandler
                0x0000000008000ad4                ADC_IRQHandler
                0x0000000008000ad4                DMA1_Stream7_IRQHandler
                0x0000000008000ad4                HRTIM1_TIMA_IRQHandler
                0x0000000008000ad4                SPI5_IRQHandler
                0x0000000008000ad4                TIM7_IRQHandler
                0x0000000008000ad4                SDMMC1_IRQHandler
                0x0000000008000ad4                TIM5_IRQHandler
                0x0000000008000ad4                DMA2_Stream7_IRQHandler
                0x0000000008000ad4                TIM15_IRQHandler
                0x0000000008000ad4                PVD_AVD_IRQHandler
                0x0000000008000ad4                I2C3_EV_IRQHandler
                0x0000000008000ad4                EXTI9_5_IRQHandler
                0x0000000008000ad4                RTC_WKUP_IRQHandler
                0x0000000008000ad4                LTDC_IRQHandler
                0x0000000008000ad4                SAI3_IRQHandler
                0x0000000008000ad4                ETH_WKUP_IRQHandler
                0x0000000008000ad4                SPDIF_RX_IRQHandler
                0x0000000008000ad4                SPI2_IRQHandler
                0x0000000008000ad4                OTG_HS_EP1_IN_IRQHandler
                0x0000000008000ad4                CRS_IRQHandler
                0x0000000008000ad4                EXTI4_IRQHandler
                0x0000000008000ad4                HRTIM1_TIMB_IRQHandler
                0x0000000008000ad4                FDCAN2_IT1_IRQHandler
                0x0000000008000ad4                ETH_IRQHandler
                0x0000000008000ad4                TIM1_UP_IRQHandler
                0x0000000008000ad4                BDMA_Channel4_IRQHandler
                0x0000000008000ad4                OTG_HS_EP1_OUT_IRQHandler
                0x0000000008000ad4                WWDG_IRQHandler
                0x0000000008000ad4                SPI6_IRQHandler
                0x0000000008000ad4                MDIOS_IRQHandler
                0x0000000008000ad4                I2C4_EV_IRQHandler
                0x0000000008000ad4                FDCAN2_IT0_IRQHandler
                0x0000000008000ad4                LPUART1_IRQHandler
                0x0000000008000ad4                FDCAN1_IT0_IRQHandler
                0x0000000008000ad4                TIM2_IRQHandler
                0x0000000008000ad4                OTG_FS_WKUP_IRQHandler
                0x0000000008000ad4                OTG_HS_IRQHandler
                0x0000000008000ad4                DMA2D_IRQHandler
                0x0000000008000ad4                TIM1_BRK_IRQHandler
                0x0000000008000ad4                EXTI1_IRQHandler
                0x0000000008000ad4                SDMMC2_IRQHandler
                0x0000000008000ad4                OTG_FS_EP1_OUT_IRQHandler
                0x0000000008000ad4                BDMA_Channel3_IRQHandler
                0x0000000008000ad4                UART7_IRQHandler
                0x0000000008000ad4                MDIOS_WKUP_IRQHandler
                0x0000000008000ad4                USART2_IRQHandler
                0x0000000008000ad4                DFSDM1_FLT0_IRQHandler
                0x0000000008000ad4                SAI4_IRQHandler
                0x0000000008000ad4                I2C2_ER_IRQHandler
                0x0000000008000ad4                DMA2_Stream1_IRQHandler
                0x0000000008000ad4                FLASH_IRQHandler
                0x0000000008000ad4                DMA2_Stream4_IRQHandler
                0x0000000008000ad4                USART1_IRQHandler
                0x0000000008000ad4                SPI3_IRQHandler
                0x0000000008000ad4                WAKEUP_PIN_IRQHandler
                0x0000000008000ad4                DMA1_Stream4_IRQHandler
                0x0000000008000ad4                OTG_FS_EP1_IN_IRQHandler
                0x0000000008000ad4                I2C1_ER_IRQHandler
                0x0000000008000ad4                FMC_IRQHandler
                0x0000000008000ad4                FDCAN_CAL_IRQHandler
                0x0000000008000ad4                SWPMI1_IRQHandler
                0x0000000008000ad4                COMP1_IRQHandler
                0x0000000008000ad4                LPTIM1_IRQHandler
                0x0000000008000ad4                I2C4_ER_IRQHandler
                0x0000000008000ad4                DMA2_Stream6_IRQHandler
                0x0000000008000ad4                DMA1_Stream3_IRQHandler
 *fill*         0x0000000008000ad6        0x2 
 .text.HAL_Init
                0x0000000008000ad8       0x78 ./Drivers/STM32H7xx_HAL_Driver/Src/stm32h7xx_hal.o
                0x0000000008000ad8                HAL_Init
 .text.HAL_InitTick
                0x0000000008000b50       0x6c ./Drivers/STM32H7xx_HAL_Driver/Src/stm32h7xx_hal.o
                0x0000000008000b50                HAL_InitTick
 .text.HAL_IncTick
                0x0000000008000bbc       0x28 ./Drivers/STM32H7xx_HAL_Driver/Src/stm32h7xx_hal.o
                0x0000000008000bbc                HAL_IncTick
 .text.HAL_GetTick
                0x0000000008000be4       0x18 ./Drivers/STM32H7xx_HAL_Driver/Src/stm32h7xx_hal.o
                0x0000000008000be4                HAL_GetTick
 .text.HAL_Delay
                0x0000000008000bfc       0x48 ./Drivers/STM32H7xx_HAL_Driver/Src/stm32h7xx_hal.o
                0x0000000008000bfc                HAL_Delay
 .text.HAL_GetREVID
                0x0000000008000c44       0x18 ./Drivers/STM32H7xx_HAL_Driver/Src/stm32h7xx_hal.o
                0x0000000008000c44                HAL_GetREVID
 .text.__NVIC_SetPriorityGrouping
                0x0000000008000c5c       0x48 ./Drivers/STM32H7xx_HAL_Driver/Src/stm32h7xx_hal_cortex.o
 .text.__NVIC_GetPriorityGrouping
                0x0000000008000ca4       0x1c ./Drivers/STM32H7xx_HAL_Driver/Src/stm32h7xx_hal_cortex.o
 .text.__NVIC_EnableIRQ
                0x0000000008000cc0       0x3c ./Drivers/STM32H7xx_HAL_Driver/Src/stm32h7xx_hal_cortex.o
 .text.__NVIC_SetPriority
                0x0000000008000cfc       0x54 ./Drivers/STM32H7xx_HAL_Driver/Src/stm32h7xx_hal_cortex.o
 .text.NVIC_EncodePriority
                0x0000000008000d50       0x66 ./Drivers/STM32H7xx_HAL_Driver/Src/stm32h7xx_hal_cortex.o
 *fill*         0x0000000008000db6        0x2 
 .text.SysTick_Config
                0x0000000008000db8       0x44 ./Drivers/STM32H7xx_HAL_Driver/Src/stm32h7xx_hal_cortex.o
 .text.HAL_NVIC_SetPriorityGrouping
                0x0000000008000dfc       0x16 ./Drivers/STM32H7xx_HAL_Driver/Src/stm32h7xx_hal_cortex.o
                0x0000000008000dfc                HAL_NVIC_SetPriorityGrouping
 .text.HAL_NVIC_SetPriority
                0x0000000008000e12       0x34 ./Drivers/STM32H7xx_HAL_Driver/Src/stm32h7xx_hal_cortex.o
                0x0000000008000e12                HAL_NVIC_SetPriority
 .text.HAL_NVIC_EnableIRQ
                0x0000000008000e46       0x1c ./Drivers/STM32H7xx_HAL_Driver/Src/stm32h7xx_hal_cortex.o
                0x0000000008000e46                HAL_NVIC_EnableIRQ
 .text.HAL_SYSTICK_Config
                0x0000000008000e62       0x18 ./Drivers/STM32H7xx_HAL_Driver/Src/stm32h7xx_hal_cortex.o
                0x0000000008000e62                HAL_SYSTICK_Config
 *fill*         0x0000000008000e7a        0x2 
 .text.HAL_DMA_Init
                0x0000000008000e7c      0x6b8 ./Drivers/STM32H7xx_HAL_Driver/Src/stm32h7xx_hal_dma.o
                0x0000000008000e7c                HAL_DMA_Init
 .text.HAL_DMA_Start_IT
                0x0000000008001534      0x4d4 ./Drivers/STM32H7xx_HAL_Driver/Src/stm32h7xx_hal_dma.o
                0x0000000008001534                HAL_DMA_Start_IT
 .text.HAL_DMA_Abort
                0x0000000008001a08      0x63c ./Drivers/STM32H7xx_HAL_Driver/Src/stm32h7xx_hal_dma.o
                0x0000000008001a08                HAL_DMA_Abort
 .text.HAL_DMA_Abort_IT
                0x0000000008002044      0x48c ./Drivers/STM32H7xx_HAL_Driver/Src/stm32h7xx_hal_dma.o
                0x0000000008002044                HAL_DMA_Abort_IT
 .text.HAL_DMA_IRQHandler
                0x00000000080024d0      0xe54 ./Drivers/STM32H7xx_HAL_Driver/Src/stm32h7xx_hal_dma.o
                0x00000000080024d0                HAL_DMA_IRQHandler
 .text.HAL_DMA_GetError
                0x0000000008003324       0x18 ./Drivers/STM32H7xx_HAL_Driver/Src/stm32h7xx_hal_dma.o
                0x0000000008003324                HAL_DMA_GetError
 .text.DMA_SetConfig
                0x000000000800333c      0x358 ./Drivers/STM32H7xx_HAL_Driver/Src/stm32h7xx_hal_dma.o
 .text.DMA_CalcBaseAndBitshift
                0x0000000008003694      0x164 ./Drivers/STM32H7xx_HAL_Driver/Src/stm32h7xx_hal_dma.o
 .text.DMA_CheckFifoParam
                0x00000000080037f8       0xf8 ./Drivers/STM32H7xx_HAL_Driver/Src/stm32h7xx_hal_dma.o
 .text.DMA_CalcDMAMUXChannelBaseAndMask
                0x00000000080038f0      0x134 ./Drivers/STM32H7xx_HAL_Driver/Src/stm32h7xx_hal_dma.o
 .text.DMA_CalcDMAMUXRequestGenBaseAndMask
                0x0000000008003a24       0xe8 ./Drivers/STM32H7xx_HAL_Driver/Src/stm32h7xx_hal_dma.o
 .text.HAL_GPIO_Init
                0x0000000008003b0c      0x360 ./Drivers/STM32H7xx_HAL_Driver/Src/stm32h7xx_hal_gpio.o
                0x0000000008003b0c                HAL_GPIO_Init
 .text.HAL_GPIO_WritePin
                0x0000000008003e6c       0x32 ./Drivers/STM32H7xx_HAL_Driver/Src/stm32h7xx_hal_gpio.o
                0x0000000008003e6c                HAL_GPIO_WritePin
 *fill*         0x0000000008003e9e        0x2 
 .text.HAL_I2C_Init
                0x0000000008003ea0      0x120 ./Drivers/STM32H7xx_HAL_Driver/Src/stm32h7xx_hal_i2c.o
                0x0000000008003ea0                HAL_I2C_Init
 .text.HAL_I2CEx_ConfigAnalogFilter
                0x0000000008003fc0       0x96 ./Drivers/STM32H7xx_HAL_Driver/Src/stm32h7xx_hal_i2c_ex.o
                0x0000000008003fc0                HAL_I2CEx_ConfigAnalogFilter
 .text.HAL_I2CEx_ConfigDigitalFilter
                0x0000000008004056       0x98 ./Drivers/STM32H7xx_HAL_Driver/Src/stm32h7xx_hal_i2c_ex.o
                0x0000000008004056                HAL_I2CEx_ConfigDigitalFilter
 .text.HAL_PCD_Init
                0x00000000080040ee      0x248 ./Drivers/STM32H7xx_HAL_Driver/Src/stm32h7xx_hal_pcd.o
                0x00000000080040ee                HAL_PCD_Init
 .text.HAL_PCD_Start
                0x0000000008004336       0x66 ./Drivers/STM32H7xx_HAL_Driver/Src/stm32h7xx_hal_pcd.o
                0x0000000008004336                HAL_PCD_Start
 .text.HAL_PCD_IRQHandler
                0x000000000800439c      0x998 ./Drivers/STM32H7xx_HAL_Driver/Src/stm32h7xx_hal_pcd.o
                0x000000000800439c                HAL_PCD_IRQHandler
 .text.HAL_PCD_SetAddress
                0x0000000008004d34       0x4a ./Drivers/STM32H7xx_HAL_Driver/Src/stm32h7xx_hal_pcd.o
                0x0000000008004d34                HAL_PCD_SetAddress
 .text.HAL_PCD_EP_Open
                0x0000000008004d7e       0xd0 ./Drivers/STM32H7xx_HAL_Driver/Src/stm32h7xx_hal_pcd.o
                0x0000000008004d7e                HAL_PCD_EP_Open
 .text.HAL_PCD_EP_Close
                0x0000000008004e4e       0x94 ./Drivers/STM32H7xx_HAL_Driver/Src/stm32h7xx_hal_pcd.o
                0x0000000008004e4e                HAL_PCD_EP_Close
 .text.HAL_PCD_EP_Receive
                0x0000000008004ee2       0x96 ./Drivers/STM32H7xx_HAL_Driver/Src/stm32h7xx_hal_pcd.o
                0x0000000008004ee2                HAL_PCD_EP_Receive
 .text.HAL_PCD_EP_GetRxCount
                0x0000000008004f78       0x30 ./Drivers/STM32H7xx_HAL_Driver/Src/stm32h7xx_hal_pcd.o
                0x0000000008004f78                HAL_PCD_EP_GetRxCount
 .text.HAL_PCD_EP_Transmit
                0x0000000008004fa8       0x94 ./Drivers/STM32H7xx_HAL_Driver/Src/stm32h7xx_hal_pcd.o
                0x0000000008004fa8                HAL_PCD_EP_Transmit
 .text.HAL_PCD_EP_SetStall
                0x000000000800503c       0xc8 ./Drivers/STM32H7xx_HAL_Driver/Src/stm32h7xx_hal_pcd.o
                0x000000000800503c                HAL_PCD_EP_SetStall
 .text.HAL_PCD_EP_ClrStall
                0x0000000008005104       0xac ./Drivers/STM32H7xx_HAL_Driver/Src/stm32h7xx_hal_pcd.o
                0x0000000008005104                HAL_PCD_EP_ClrStall
 .text.HAL_PCD_EP_Abort
                0x00000000080051b0       0x62 ./Drivers/STM32H7xx_HAL_Driver/Src/stm32h7xx_hal_pcd.o
                0x00000000080051b0                HAL_PCD_EP_Abort
 .text.PCD_WriteEmptyTxFifo
                0x0000000008005212      0x11a ./Drivers/STM32H7xx_HAL_Driver/Src/stm32h7xx_hal_pcd.o
 .text.PCD_EP_OutXfrComplete_int
                0x000000000800532c      0x1d0 ./Drivers/STM32H7xx_HAL_Driver/Src/stm32h7xx_hal_pcd.o
 .text.PCD_EP_OutSetupPacket_int
                0x00000000080054fc       0x8c ./Drivers/STM32H7xx_HAL_Driver/Src/stm32h7xx_hal_pcd.o
 .text.HAL_PCDEx_SetTxFiFo
                0x0000000008005588       0x8e ./Drivers/STM32H7xx_HAL_Driver/Src/stm32h7xx_hal_pcd_ex.o
                0x0000000008005588                HAL_PCDEx_SetTxFiFo
 .text.HAL_PCDEx_SetRxFiFo
                0x0000000008005616       0x22 ./Drivers/STM32H7xx_HAL_Driver/Src/stm32h7xx_hal_pcd_ex.o
                0x0000000008005616                HAL_PCDEx_SetRxFiFo
 .text.HAL_PCDEx_ActivateLPM
                0x0000000008005638       0x48 ./Drivers/STM32H7xx_HAL_Driver/Src/stm32h7xx_hal_pcd_ex.o
                0x0000000008005638                HAL_PCDEx_ActivateLPM
 .text.HAL_PCDEx_LPM_Callback
                0x0000000008005680       0x18 ./Drivers/STM32H7xx_HAL_Driver/Src/stm32h7xx_hal_pcd_ex.o
                0x0000000008005680                HAL_PCDEx_LPM_Callback
 .text.HAL_PWREx_ConfigSupply
                0x0000000008005698       0x74 ./Drivers/STM32H7xx_HAL_Driver/Src/stm32h7xx_hal_pwr_ex.o
                0x0000000008005698                HAL_PWREx_ConfigSupply
 .text.HAL_PWREx_EnableUSBVoltageDetector
                0x000000000800570c       0x20 ./Drivers/STM32H7xx_HAL_Driver/Src/stm32h7xx_hal_pwr_ex.o
                0x000000000800570c                HAL_PWREx_EnableUSBVoltageDetector
 .text.HAL_RCC_OscConfig
                0x000000000800572c      0x85c ./Drivers/STM32H7xx_HAL_Driver/Src/stm32h7xx_hal_rcc.o
                0x000000000800572c                HAL_RCC_OscConfig
 .text.HAL_RCC_ClockConfig
                0x0000000008005f88      0x36c ./Drivers/STM32H7xx_HAL_Driver/Src/stm32h7xx_hal_rcc.o
                0x0000000008005f88                HAL_RCC_ClockConfig
 .text.HAL_RCC_GetSysClockFreq
                0x00000000080062f4      0x2f4 ./Drivers/STM32H7xx_HAL_Driver/Src/stm32h7xx_hal_rcc.o
                0x00000000080062f4                HAL_RCC_GetSysClockFreq
 .text.HAL_RCC_GetHCLKFreq
                0x00000000080065e8       0x60 ./Drivers/STM32H7xx_HAL_Driver/Src/stm32h7xx_hal_rcc.o
                0x00000000080065e8                HAL_RCC_GetHCLKFreq
 .text.HAL_RCCEx_PeriphCLKConfig
                0x0000000008006648      0xe8c ./Drivers/STM32H7xx_HAL_Driver/Src/stm32h7xx_hal_rcc_ex.o
                0x0000000008006648                HAL_RCCEx_PeriphCLKConfig
 .text.HAL_RCCEx_GetPeriphCLKFreq
                0x00000000080074d4      0x9a4 ./Drivers/STM32H7xx_HAL_Driver/Src/stm32h7xx_hal_rcc_ex.o
                0x00000000080074d4                HAL_RCCEx_GetPeriphCLKFreq
 .text.HAL_RCCEx_GetD3PCLK1Freq
                0x0000000008007e78       0x2c ./Drivers/STM32H7xx_HAL_Driver/Src/stm32h7xx_hal_rcc_ex.o
                0x0000000008007e78                HAL_RCCEx_GetD3PCLK1Freq
 .text.HAL_RCCEx_GetPLL2ClockFreq
                0x0000000008007ea4      0x2a8 ./Drivers/STM32H7xx_HAL_Driver/Src/stm32h7xx_hal_rcc_ex.o
                0x0000000008007ea4                HAL_RCCEx_GetPLL2ClockFreq
 .text.HAL_RCCEx_GetPLL3ClockFreq
                0x000000000800814c      0x2a8 ./Drivers/STM32H7xx_HAL_Driver/Src/stm32h7xx_hal_rcc_ex.o
                0x000000000800814c                HAL_RCCEx_GetPLL3ClockFreq
 .text.HAL_RCCEx_GetPLL1ClockFreq
                0x00000000080083f4      0x2a4 ./Drivers/STM32H7xx_HAL_Driver/Src/stm32h7xx_hal_rcc_ex.o
                0x00000000080083f4                HAL_RCCEx_GetPLL1ClockFreq
 .text.RCCEx_PLL2_Config
                0x0000000008008698      0x164 ./Drivers/STM32H7xx_HAL_Driver/Src/stm32h7xx_hal_rcc_ex.o
 .text.RCCEx_PLL3_Config
                0x00000000080087fc      0x164 ./Drivers/STM32H7xx_HAL_Driver/Src/stm32h7xx_hal_rcc_ex.o
 .text.HAL_SAI_Init
                0x0000000008008960      0x540 ./Drivers/STM32H7xx_HAL_Driver/Src/stm32h7xx_hal_sai.o
                0x0000000008008960                HAL_SAI_Init
 .text.HAL_SAI_Abort
                0x0000000008008ea0      0x11e ./Drivers/STM32H7xx_HAL_Driver/Src/stm32h7xx_hal_sai.o
                0x0000000008008ea0                HAL_SAI_Abort
 *fill*         0x0000000008008fbe        0x2 
 .text.HAL_SAI_Receive_DMA
                0x0000000008008fc0      0x128 ./Drivers/STM32H7xx_HAL_Driver/Src/stm32h7xx_hal_sai.o
                0x0000000008008fc0                HAL_SAI_Receive_DMA
 .text.HAL_SAI_IRQHandler
                0x00000000080090e8      0x370 ./Drivers/STM32H7xx_HAL_Driver/Src/stm32h7xx_hal_sai.o
                0x00000000080090e8                HAL_SAI_IRQHandler
 .text.HAL_SAI_RxCpltCallback
                0x0000000008009458       0x14 ./Drivers/STM32H7xx_HAL_Driver/Src/stm32h7xx_hal_sai.o
                0x0000000008009458                HAL_SAI_RxCpltCallback
 .text.HAL_SAI_RxHalfCpltCallback
                0x000000000800946c       0x14 ./Drivers/STM32H7xx_HAL_Driver/Src/stm32h7xx_hal_sai.o
                0x000000000800946c                HAL_SAI_RxHalfCpltCallback
 .text.HAL_SAI_ErrorCallback
                0x0000000008009480       0x14 ./Drivers/STM32H7xx_HAL_Driver/Src/stm32h7xx_hal_sai.o
                0x0000000008009480                HAL_SAI_ErrorCallback
 .text.SAI_InterruptFlag
                0x0000000008009494       0x6e ./Drivers/STM32H7xx_HAL_Driver/Src/stm32h7xx_hal_sai.o
 *fill*         0x0000000008009502        0x2 
 .text.SAI_Disable
                0x0000000008009504       0x74 ./Drivers/STM32H7xx_HAL_Driver/Src/stm32h7xx_hal_sai.o
 .text.SAI_DMARxCplt
                0x0000000008009578       0x60 ./Drivers/STM32H7xx_HAL_Driver/Src/stm32h7xx_hal_sai.o
 .text.SAI_DMARxHalfCplt
                0x00000000080095d8       0x1c ./Drivers/STM32H7xx_HAL_Driver/Src/stm32h7xx_hal_sai.o
 .text.SAI_DMAError
                0x00000000080095f4       0x5e ./Drivers/STM32H7xx_HAL_Driver/Src/stm32h7xx_hal_sai.o
 .text.SAI_DMAAbort
                0x0000000008009652       0x6e ./Drivers/STM32H7xx_HAL_Driver/Src/stm32h7xx_hal_sai.o
 .text.USB_CoreInit
                0x00000000080096c0       0xdc ./Drivers/STM32H7xx_HAL_Driver/Src/stm32h7xx_ll_usb.o
                0x00000000080096c0                USB_CoreInit
 .text.USB_SetTurnaroundTime
                0x000000000800979c      0x144 ./Drivers/STM32H7xx_HAL_Driver/Src/stm32h7xx_ll_usb.o
                0x000000000800979c                USB_SetTurnaroundTime
 .text.USB_EnableGlobalInt
                0x00000000080098e0       0x22 ./Drivers/STM32H7xx_HAL_Driver/Src/stm32h7xx_ll_usb.o
                0x00000000080098e0                USB_EnableGlobalInt
 .text.USB_DisableGlobalInt
                0x0000000008009902       0x22 ./Drivers/STM32H7xx_HAL_Driver/Src/stm32h7xx_ll_usb.o
                0x0000000008009902                USB_DisableGlobalInt
 .text.USB_SetCurrentMode
                0x0000000008009924       0x98 ./Drivers/STM32H7xx_HAL_Driver/Src/stm32h7xx_ll_usb.o
                0x0000000008009924                USB_SetCurrentMode
 .text.USB_DevInit
                0x00000000080099bc      0x2bc ./Drivers/STM32H7xx_HAL_Driver/Src/stm32h7xx_ll_usb.o
                0x00000000080099bc                USB_DevInit
 .text.USB_FlushTxFifo
                0x0000000008009c78       0x68 ./Drivers/STM32H7xx_HAL_Driver/Src/stm32h7xx_ll_usb.o
                0x0000000008009c78                USB_FlushTxFifo
 .text.USB_FlushRxFifo
                0x0000000008009ce0       0x60 ./Drivers/STM32H7xx_HAL_Driver/Src/stm32h7xx_ll_usb.o
                0x0000000008009ce0                USB_FlushRxFifo
 .text.USB_SetDevSpeed
                0x0000000008009d40       0x32 ./Drivers/STM32H7xx_HAL_Driver/Src/stm32h7xx_ll_usb.o
                0x0000000008009d40                USB_SetDevSpeed
 .text.USB_GetDevSpeed
                0x0000000008009d72       0x4a ./Drivers/STM32H7xx_HAL_Driver/Src/stm32h7xx_ll_usb.o
                0x0000000008009d72                USB_GetDevSpeed
 .text.USB_ActivateEndpoint
                0x0000000008009dbc      0x110 ./Drivers/STM32H7xx_HAL_Driver/Src/stm32h7xx_ll_usb.o
                0x0000000008009dbc                USB_ActivateEndpoint
 .text.USB_DeactivateEndpoint
                0x0000000008009ecc      0x1b8 ./Drivers/STM32H7xx_HAL_Driver/Src/stm32h7xx_ll_usb.o
                0x0000000008009ecc                USB_DeactivateEndpoint
 .text.USB_EPStartXfer
                0x000000000800a084      0x4a0 ./Drivers/STM32H7xx_HAL_Driver/Src/stm32h7xx_ll_usb.o
                0x000000000800a084                USB_EPStartXfer
 .text.USB_EP0StartXfer
                0x000000000800a524      0x2b8 ./Drivers/STM32H7xx_HAL_Driver/Src/stm32h7xx_ll_usb.o
                0x000000000800a524                USB_EP0StartXfer
 .text.USB_EPStopXfer
                0x000000000800a7dc      0x154 ./Drivers/STM32H7xx_HAL_Driver/Src/stm32h7xx_ll_usb.o
                0x000000000800a7dc                USB_EPStopXfer
 .text.USB_WritePacket
                0x000000000800a930       0x7c ./Drivers/STM32H7xx_HAL_Driver/Src/stm32h7xx_ll_usb.o
                0x000000000800a930                USB_WritePacket
 .text.USB_ReadPacket
                0x000000000800a9ac       0xb0 ./Drivers/STM32H7xx_HAL_Driver/Src/stm32h7xx_ll_usb.o
                0x000000000800a9ac                USB_ReadPacket
 .text.USB_EPSetStall
                0x000000000800aa5c       0xdc ./Drivers/STM32H7xx_HAL_Driver/Src/stm32h7xx_ll_usb.o
                0x000000000800aa5c                USB_EPSetStall
 .text.USB_EPClearStall
                0x000000000800ab38       0xcc ./Drivers/STM32H7xx_HAL_Driver/Src/stm32h7xx_ll_usb.o
                0x000000000800ab38                USB_EPClearStall
 .text.USB_SetDevAddress
                0x000000000800ac04       0x4c ./Drivers/STM32H7xx_HAL_Driver/Src/stm32h7xx_ll_usb.o
                0x000000000800ac04                USB_SetDevAddress
 .text.USB_DevConnect
                0x000000000800ac50       0x42 ./Drivers/STM32H7xx_HAL_Driver/Src/stm32h7xx_ll_usb.o
                0x000000000800ac50                USB_DevConnect
 .text.USB_DevDisconnect
                0x000000000800ac92       0x42 ./Drivers/STM32H7xx_HAL_Driver/Src/stm32h7xx_ll_usb.o
                0x000000000800ac92                USB_DevDisconnect
 .text.USB_ReadInterrupts
                0x000000000800acd4       0x26 ./Drivers/STM32H7xx_HAL_Driver/Src/stm32h7xx_ll_usb.o
                0x000000000800acd4                USB_ReadInterrupts
 .text.USB_ReadDevAllOutEpInterrupt
                0x000000000800acfa       0x34 ./Drivers/STM32H7xx_HAL_Driver/Src/stm32h7xx_ll_usb.o
                0x000000000800acfa                USB_ReadDevAllOutEpInterrupt
 .text.USB_ReadDevAllInEpInterrupt
                0x000000000800ad2e       0x34 ./Drivers/STM32H7xx_HAL_Driver/Src/stm32h7xx_ll_usb.o
                0x000000000800ad2e                USB_ReadDevAllInEpInterrupt
 .text.USB_ReadDevOutEPInterrupt
                0x000000000800ad62       0x3c ./Drivers/STM32H7xx_HAL_Driver/Src/stm32h7xx_ll_usb.o
                0x000000000800ad62                USB_ReadDevOutEPInterrupt
 .text.USB_ReadDevInEPInterrupt
                0x000000000800ad9e       0x5c ./Drivers/STM32H7xx_HAL_Driver/Src/stm32h7xx_ll_usb.o
                0x000000000800ad9e                USB_ReadDevInEPInterrupt
 .text.USB_GetMode
                0x000000000800adfa       0x1c ./Drivers/STM32H7xx_HAL_Driver/Src/stm32h7xx_ll_usb.o
                0x000000000800adfa                USB_GetMode
 *fill*         0x000000000800ae16        0x2 
 .text.USB_ActivateSetup
                0x000000000800ae18       0x48 ./Drivers/STM32H7xx_HAL_Driver/Src/stm32h7xx_ll_usb.o
                0x000000000800ae18                USB_ActivateSetup
 .text.USB_EP0_OutStart
                0x000000000800ae60       0xbc ./Drivers/STM32H7xx_HAL_Driver/Src/stm32h7xx_ll_usb.o
                0x000000000800ae60                USB_EP0_OutStart
 .text.USB_CoreReset
                0x000000000800af1c       0x68 ./Drivers/STM32H7xx_HAL_Driver/Src/stm32h7xx_ll_usb.o
 .text.USBD_AUDIO_Init
                0x000000000800af84      0x13c ./Middlewares/ST/STM32_USB_Device_Library/Class/AUDIO/Src/usbd_audio.o
 .text.USBD_AUDIO_DeInit
                0x000000000800b0c0       0xb4 ./Middlewares/ST/STM32_USB_Device_Library/Class/AUDIO/Src/usbd_audio.o
 .text.USBD_AUDIO_Setup
                0x000000000800b174      0x1b8 ./Middlewares/ST/STM32_USB_Device_Library/Class/AUDIO/Src/usbd_audio.o
 .text.USBD_AUDIO_GetCfgDesc
                0x000000000800b32c       0x20 ./Middlewares/ST/STM32_USB_Device_Library/Class/AUDIO/Src/usbd_audio.o
 .text.USBD_AUDIO_DataIn
                0x000000000800b34c       0x1a ./Middlewares/ST/STM32_USB_Device_Library/Class/AUDIO/Src/usbd_audio.o
 .text.USBD_AUDIO_EP0_RxReady
                0x000000000800b366       0x80 ./Middlewares/ST/STM32_USB_Device_Library/Class/AUDIO/Src/usbd_audio.o
 .text.USBD_AUDIO_EP0_TxReady
                0x000000000800b3e6       0x16 ./Middlewares/ST/STM32_USB_Device_Library/Class/AUDIO/Src/usbd_audio.o
 .text.USBD_AUDIO_SOF
                0x000000000800b3fc       0x16 ./Middlewares/ST/STM32_USB_Device_Library/Class/AUDIO/Src/usbd_audio.o
 .text.USBD_AUDIO_IsoINIncomplete
                0x000000000800b412       0x1a ./Middlewares/ST/STM32_USB_Device_Library/Class/AUDIO/Src/usbd_audio.o
 .text.USBD_AUDIO_IsoOutIncomplete
                0x000000000800b42c       0x1a ./Middlewares/ST/STM32_USB_Device_Library/Class/AUDIO/Src/usbd_audio.o
 *fill*         0x000000000800b446        0x2 
 .text.USBD_AUDIO_DataOut
                0x000000000800b448      0x12c ./Middlewares/ST/STM32_USB_Device_Library/Class/AUDIO/Src/usbd_audio.o
 .text.AUDIO_REQ_GetCurrent
                0x000000000800b574       0x58 ./Middlewares/ST/STM32_USB_Device_Library/Class/AUDIO/Src/usbd_audio.o
 .text.AUDIO_REQ_SetCurrent
                0x000000000800b5cc       0x88 ./Middlewares/ST/STM32_USB_Device_Library/Class/AUDIO/Src/usbd_audio.o
 .text.USBD_AUDIO_GetDeviceQualifierDesc
                0x000000000800b654       0x20 ./Middlewares/ST/STM32_USB_Device_Library/Class/AUDIO/Src/usbd_audio.o
 .text.USBD_AUDIO_RegisterInterface
                0x000000000800b674       0x34 ./Middlewares/ST/STM32_USB_Device_Library/Class/AUDIO/Src/usbd_audio.o
                0x000000000800b674                USBD_AUDIO_RegisterInterface
 .text.USBD_AUDIO_GetAudioHeaderDesc
                0x000000000800b6a8       0x68 ./Middlewares/ST/STM32_USB_Device_Library/Class/AUDIO/Src/usbd_audio.o
 .text.USBD_Init
                0x000000000800b710       0x60 ./Middlewares/ST/STM32_USB_Device_Library/Core/Src/usbd_core.o
                0x000000000800b710                USBD_Init
 .text.USBD_RegisterClass
                0x000000000800b770       0x6c ./Middlewares/ST/STM32_USB_Device_Library/Core/Src/usbd_core.o
                0x000000000800b770                USBD_RegisterClass
 .text.USBD_Start
                0x000000000800b7dc       0x18 ./Middlewares/ST/STM32_USB_Device_Library/Core/Src/usbd_core.o
                0x000000000800b7dc                USBD_Start
 .text.USBD_RunTestMode
                0x000000000800b7f4       0x16 ./Middlewares/ST/STM32_USB_Device_Library/Core/Src/usbd_core.o
                0x000000000800b7f4                USBD_RunTestMode
 .text.USBD_SetClassConfig
                0x000000000800b80a       0x38 ./Middlewares/ST/STM32_USB_Device_Library/Core/Src/usbd_core.o
                0x000000000800b80a                USBD_SetClassConfig
 .text.USBD_ClrClassConfig
                0x000000000800b842       0x34 ./Middlewares/ST/STM32_USB_Device_Library/Core/Src/usbd_core.o
                0x000000000800b842                USBD_ClrClassConfig
 .text.USBD_LL_SetupStage
                0x000000000800b876       0xaa ./Middlewares/ST/STM32_USB_Device_Library/Core/Src/usbd_core.o
                0x000000000800b876                USBD_LL_SetupStage
 .text.USBD_LL_DataOutStage
                0x000000000800b920      0x166 ./Middlewares/ST/STM32_USB_Device_Library/Core/Src/usbd_core.o
                0x000000000800b920                USBD_LL_DataOutStage
 .text.USBD_LL_DataInStage
                0x000000000800ba86      0x164 ./Middlewares/ST/STM32_USB_Device_Library/Core/Src/usbd_core.o
                0x000000000800ba86                USBD_LL_DataInStage
 .text.USBD_LL_Reset
                0x000000000800bbea       0xa4 ./Middlewares/ST/STM32_USB_Device_Library/Core/Src/usbd_core.o
                0x000000000800bbea                USBD_LL_Reset
 .text.USBD_LL_SetSpeed
                0x000000000800bc8e       0x20 ./Middlewares/ST/STM32_USB_Device_Library/Core/Src/usbd_core.o
                0x000000000800bc8e                USBD_LL_SetSpeed
 .text.USBD_LL_Suspend
                0x000000000800bcae       0x2c ./Middlewares/ST/STM32_USB_Device_Library/Core/Src/usbd_core.o
                0x000000000800bcae                USBD_LL_Suspend
 .text.USBD_LL_Resume
                0x000000000800bcda       0x30 ./Middlewares/ST/STM32_USB_Device_Library/Core/Src/usbd_core.o
                0x000000000800bcda                USBD_LL_Resume
 .text.USBD_LL_SOF
                0x000000000800bd0a       0x40 ./Middlewares/ST/STM32_USB_Device_Library/Core/Src/usbd_core.o
                0x000000000800bd0a                USBD_LL_SOF
 .text.USBD_LL_IsoINIncomplete
                0x000000000800bd4a       0x64 ./Middlewares/ST/STM32_USB_Device_Library/Core/Src/usbd_core.o
                0x000000000800bd4a                USBD_LL_IsoINIncomplete
 .text.USBD_LL_IsoOUTIncomplete
                0x000000000800bdae       0x64 ./Middlewares/ST/STM32_USB_Device_Library/Core/Src/usbd_core.o
                0x000000000800bdae                USBD_LL_IsoOUTIncomplete
 .text.USBD_LL_DevConnected
                0x000000000800be12       0x16 ./Middlewares/ST/STM32_USB_Device_Library/Core/Src/usbd_core.o
                0x000000000800be12                USBD_LL_DevConnected
 .text.USBD_LL_DevDisconnected
                0x000000000800be28       0x46 ./Middlewares/ST/STM32_USB_Device_Library/Core/Src/usbd_core.o
                0x000000000800be28                USBD_LL_DevDisconnected
 .text.USBD_CoreFindIF
                0x000000000800be6e       0x1a ./Middlewares/ST/STM32_USB_Device_Library/Core/Src/usbd_core.o
                0x000000000800be6e                USBD_CoreFindIF
 .text.USBD_CoreFindEP
                0x000000000800be88       0x1a ./Middlewares/ST/STM32_USB_Device_Library/Core/Src/usbd_core.o
                0x000000000800be88                USBD_CoreFindEP
 .text.USBD_GetNextDesc
                0x000000000800bea2       0x3a ./Middlewares/ST/STM32_USB_Device_Library/Core/Src/usbd_core.o
                0x000000000800bea2                USBD_GetNextDesc
 .text.SWAPBYTE
                0x000000000800bedc       0x3c ./Middlewares/ST/STM32_USB_Device_Library/Core/Src/usbd_ctlreq.o
 .text.USBD_StdDevReq
                0x000000000800bf18       0xe4 ./Middlewares/ST/STM32_USB_Device_Library/Core/Src/usbd_ctlreq.o
                0x000000000800bf18                USBD_StdDevReq
 .text.USBD_StdItfReq
                0x000000000800bffc       0xd8 ./Middlewares/ST/STM32_USB_Device_Library/Core/Src/usbd_ctlreq.o
                0x000000000800bffc                USBD_StdItfReq
 .text.USBD_StdEPReq
                0x000000000800c0d4      0x33a ./Middlewares/ST/STM32_USB_Device_Library/Core/Src/usbd_ctlreq.o
                0x000000000800c0d4                USBD_StdEPReq
 *fill*         0x000000000800c40e        0x2 
 .text.USBD_GetDescriptor
                0x000000000800c410      0x2d4 ./Middlewares/ST/STM32_USB_Device_Library/Core/Src/usbd_ctlreq.o
 .text.USBD_SetAddress
                0x000000000800c6e4       0x88 ./Middlewares/ST/STM32_USB_Device_Library/Core/Src/usbd_ctlreq.o
 .text.USBD_SetConfig
                0x000000000800c76c      0x154 ./Middlewares/ST/STM32_USB_Device_Library/Core/Src/usbd_ctlreq.o
 .text.USBD_GetConfig
                0x000000000800c8c0       0x6c ./Middlewares/ST/STM32_USB_Device_Library/Core/Src/usbd_ctlreq.o
 .text.USBD_GetStatus
                0x000000000800c92c       0x68 ./Middlewares/ST/STM32_USB_Device_Library/Core/Src/usbd_ctlreq.o
 .text.USBD_SetFeature
                0x000000000800c994       0x52 ./Middlewares/ST/STM32_USB_Device_Library/Core/Src/usbd_ctlreq.o
 .text.USBD_ClrFeature
                0x000000000800c9e6       0x44 ./Middlewares/ST/STM32_USB_Device_Library/Core/Src/usbd_ctlreq.o
 .text.USBD_ParseSetupRequest
                0x000000000800ca2a       0x74 ./Middlewares/ST/STM32_USB_Device_Library/Core/Src/usbd_ctlreq.o
                0x000000000800ca2a                USBD_ParseSetupRequest
 .text.USBD_CtlError
                0x000000000800ca9e       0x22 ./Middlewares/ST/STM32_USB_Device_Library/Core/Src/usbd_ctlreq.o
                0x000000000800ca9e                USBD_CtlError
 .text.USBD_GetString
                0x000000000800cac0       0x8c ./Middlewares/ST/STM32_USB_Device_Library/Core/Src/usbd_ctlreq.o
                0x000000000800cac0                USBD_GetString
 .text.USBD_GetLen
                0x000000000800cb4c       0x34 ./Middlewares/ST/STM32_USB_Device_Library/Core/Src/usbd_ctlreq.o
 .text.USBD_CtlSendData
                0x000000000800cb80       0x36 ./Middlewares/ST/STM32_USB_Device_Library/Core/Src/usbd_ioreq.o
                0x000000000800cb80                USBD_CtlSendData
 .text.USBD_CtlContinueSendData
                0x000000000800cbb6       0x22 ./Middlewares/ST/STM32_USB_Device_Library/Core/Src/usbd_ioreq.o
                0x000000000800cbb6                USBD_CtlContinueSendData
 .text.USBD_CtlPrepareRx
                0x000000000800cbd8       0x3a ./Middlewares/ST/STM32_USB_Device_Library/Core/Src/usbd_ioreq.o
                0x000000000800cbd8                USBD_CtlPrepareRx
 .text.USBD_CtlContinueRx
                0x000000000800cc12       0x22 ./Middlewares/ST/STM32_USB_Device_Library/Core/Src/usbd_ioreq.o
                0x000000000800cc12                USBD_CtlContinueRx
 .text.USBD_CtlSendStatus
                0x000000000800cc34       0x26 ./Middlewares/ST/STM32_USB_Device_Library/Core/Src/usbd_ioreq.o
                0x000000000800cc34                USBD_CtlSendStatus
 .text.USBD_CtlReceiveStatus
                0x000000000800cc5a       0x26 ./Middlewares/ST/STM32_USB_Device_Library/Core/Src/usbd_ioreq.o
                0x000000000800cc5a                USBD_CtlReceiveStatus
 .text.MX_USB_DEVICE_Init
                0x000000000800cc80       0x64 ./USB_DEVICE/App/usb_device.o
                0x000000000800cc80                MX_USB_DEVICE_Init
 .text.AUDIO_Init_FS
                0x000000000800cce4       0x1a ./USB_DEVICE/App/usbd_audio_if.o
 .text.AUDIO_DeInit_FS
                0x000000000800ccfe       0x16 ./USB_DEVICE/App/usbd_audio_if.o
 .text.AUDIO_AudioCmd_FS
                0x000000000800cd14       0x28 ./USB_DEVICE/App/usbd_audio_if.o
 .text.AUDIO_VolumeCtl_FS
                0x000000000800cd3c       0x18 ./USB_DEVICE/App/usbd_audio_if.o
 .text.AUDIO_MuteCtl_FS
                0x000000000800cd54       0x18 ./USB_DEVICE/App/usbd_audio_if.o
 .text.AUDIO_PeriodicTC_FS
                0x000000000800cd6c       0x1c ./USB_DEVICE/App/usbd_audio_if.o
 .text.AUDIO_GetState_FS
                0x000000000800cd88       0x10 ./USB_DEVICE/App/usbd_audio_if.o
 .text.USBD_FS_DeviceDescriptor
                0x000000000800cd98       0x24 ./USB_DEVICE/App/usbd_desc.o
                0x000000000800cd98                USBD_FS_DeviceDescriptor
 .text.USBD_FS_LangIDStrDescriptor
                0x000000000800cdbc       0x24 ./USB_DEVICE/App/usbd_desc.o
                0x000000000800cdbc                USBD_FS_LangIDStrDescriptor
 .text.USBD_FS_ProductStrDescriptor
                0x000000000800cde0       0x3c ./USB_DEVICE/App/usbd_desc.o
                0x000000000800cde0                USBD_FS_ProductStrDescriptor
 .text.USBD_FS_ManufacturerStrDescriptor
                0x000000000800ce1c       0x28 ./USB_DEVICE/App/usbd_desc.o
                0x000000000800ce1c                USBD_FS_ManufacturerStrDescriptor
 .text.USBD_FS_SerialStrDescriptor
                0x000000000800ce44       0x24 ./USB_DEVICE/App/usbd_desc.o
                0x000000000800ce44                USBD_FS_SerialStrDescriptor
 .text.USBD_FS_ConfigStrDescriptor
                0x000000000800ce68       0x3c ./USB_DEVICE/App/usbd_desc.o
                0x000000000800ce68                USBD_FS_ConfigStrDescriptor
 .text.USBD_FS_InterfaceStrDescriptor
                0x000000000800cea4       0x3c ./USB_DEVICE/App/usbd_desc.o
                0x000000000800cea4                USBD_FS_InterfaceStrDescriptor
 .text.Get_SerialNum
                0x000000000800cee0       0x58 ./USB_DEVICE/App/usbd_desc.o
 .text.IntToUnicode
                0x000000000800cf38       0x7e ./USB_DEVICE/App/usbd_desc.o
 *fill*         0x000000000800cfb6        0x2 
 .text.HAL_PCD_MspInit
                0x000000000800cfb8       0xe4 ./USB_DEVICE/Target/usbd_conf.o
                0x000000000800cfb8                HAL_PCD_MspInit
 .text.HAL_PCD_SetupStageCallback
                0x000000000800d09c       0x24 ./USB_DEVICE/Target/usbd_conf.o
                0x000000000800d09c                HAL_PCD_SetupStageCallback
 .text.HAL_PCD_DataOutStageCallback
                0x000000000800d0c0       0x36 ./USB_DEVICE/Target/usbd_conf.o
                0x000000000800d0c0                HAL_PCD_DataOutStageCallback
 .text.HAL_PCD_DataInStageCallback
                0x000000000800d0f6       0x34 ./USB_DEVICE/Target/usbd_conf.o
                0x000000000800d0f6                HAL_PCD_DataInStageCallback
 .text.HAL_PCD_SOFCallback
                0x000000000800d12a       0x1c ./USB_DEVICE/Target/usbd_conf.o
                0x000000000800d12a                HAL_PCD_SOFCallback
 .text.HAL_PCD_ResetCallback
                0x000000000800d146       0x50 ./USB_DEVICE/Target/usbd_conf.o
                0x000000000800d146                HAL_PCD_ResetCallback
 *fill*         0x000000000800d196        0x2 
 .text.HAL_PCD_SuspendCallback
                0x000000000800d198       0x4c ./USB_DEVICE/Target/usbd_conf.o
                0x000000000800d198                HAL_PCD_SuspendCallback
 .text.HAL_PCD_ResumeCallback
                0x000000000800d1e4       0x1c ./USB_DEVICE/Target/usbd_conf.o
                0x000000000800d1e4                HAL_PCD_ResumeCallback
 .text.HAL_PCD_ISOOUTIncompleteCallback
                0x000000000800d200       0x24 ./USB_DEVICE/Target/usbd_conf.o
                0x000000000800d200                HAL_PCD_ISOOUTIncompleteCallback
 .text.HAL_PCD_ISOINIncompleteCallback
                0x000000000800d224       0x24 ./USB_DEVICE/Target/usbd_conf.o
                0x000000000800d224                HAL_PCD_ISOINIncompleteCallback
 .text.HAL_PCD_ConnectCallback
                0x000000000800d248       0x1c ./USB_DEVICE/Target/usbd_conf.o
                0x000000000800d248                HAL_PCD_ConnectCallback
 .text.HAL_PCD_DisconnectCallback
                0x000000000800d264       0x1c ./USB_DEVICE/Target/usbd_conf.o
                0x000000000800d264                HAL_PCD_DisconnectCallback
 .text.USBD_LL_Init
                0x000000000800d280       0xa0 ./USB_DEVICE/Target/usbd_conf.o
                0x000000000800d280                USBD_LL_Init
 .text.USBD_LL_Start
                0x000000000800d320       0x36 ./USB_DEVICE/Target/usbd_conf.o
                0x000000000800d320                USBD_LL_Start
 .text.USBD_LL_OpenEP
                0x000000000800d356       0x4c ./USB_DEVICE/Target/usbd_conf.o
                0x000000000800d356                USBD_LL_OpenEP
 .text.USBD_LL_CloseEP
                0x000000000800d3a2       0x3e ./USB_DEVICE/Target/usbd_conf.o
                0x000000000800d3a2                USBD_LL_CloseEP
 .text.USBD_LL_StallEP
                0x000000000800d3e0       0x3e ./USB_DEVICE/Target/usbd_conf.o
                0x000000000800d3e0                USBD_LL_StallEP
 .text.USBD_LL_ClearStallEP
                0x000000000800d41e       0x3e ./USB_DEVICE/Target/usbd_conf.o
                0x000000000800d41e                USBD_LL_ClearStallEP
 .text.USBD_LL_IsStallEP
                0x000000000800d45c       0x58 ./USB_DEVICE/Target/usbd_conf.o
                0x000000000800d45c                USBD_LL_IsStallEP
 .text.USBD_LL_SetUSBAddress
                0x000000000800d4b4       0x3e ./USB_DEVICE/Target/usbd_conf.o
                0x000000000800d4b4                USBD_LL_SetUSBAddress
 .text.USBD_LL_Transmit
                0x000000000800d4f2       0x42 ./USB_DEVICE/Target/usbd_conf.o
                0x000000000800d4f2                USBD_LL_Transmit
 .text.USBD_LL_PrepareReceive
                0x000000000800d534       0x42 ./USB_DEVICE/Target/usbd_conf.o
                0x000000000800d534                USBD_LL_PrepareReceive
 .text.USBD_LL_GetRxDataSize
                0x000000000800d576       0x26 ./USB_DEVICE/Target/usbd_conf.o
                0x000000000800d576                USBD_LL_GetRxDataSize
 .text.USBD_static_malloc
                0x000000000800d59c       0x1c ./USB_DEVICE/Target/usbd_conf.o
                0x000000000800d59c                USBD_static_malloc
 .text.USBD_static_free
                0x000000000800d5b8       0x14 ./USB_DEVICE/Target/usbd_conf.o
                0x000000000800d5b8                USBD_static_free
 .text.USBD_Get_USB_Status
                0x000000000800d5cc       0x58 ./USB_DEVICE/Target/usbd_conf.o
                0x000000000800d5cc                USBD_Get_USB_Status
 .text.__libc_init_array
                0x000000000800d624       0x48 c:/st/stm32cubeide_1.9.0/stm32cubeide/plugins/com.st.stm32cube.ide.mcu.externaltools.gnu-tools-for-stm32.10.3-2021.10.win32_1.0.0.202111181127/tools/bin/../lib/gcc/arm-none-eabi/10.3.1/../../../../arm-none-eabi/lib/thumb/v7e-m+dp/hard\libc_nano.a(lib_a-init.o)
                0x000000000800d624                __libc_init_array
 .text.memset   0x000000000800d66c       0x10 c:/st/stm32cubeide_1.9.0/stm32cubeide/plugins/com.st.stm32cube.ide.mcu.externaltools.gnu-tools-for-stm32.10.3-2021.10.win32_1.0.0.202111181127/tools/bin/../lib/gcc/arm-none-eabi/10.3.1/../../../../arm-none-eabi/lib/thumb/v7e-m+dp/hard\libc_nano.a(lib_a-memset.o)
                0x000000000800d66c                memset
 *(.glue_7)
 .glue_7        0x000000000800d67c        0x0 linker stubs
 *(.glue_7t)
 .glue_7t       0x000000000800d67c        0x0 linker stubs
 *(.eh_frame)
 .eh_frame      0x000000000800d67c        0x0 c:/st/stm32cubeide_1.9.0/stm32cubeide/plugins/com.st.stm32cube.ide.mcu.externaltools.gnu-tools-for-stm32.10.3-2021.10.win32_1.0.0.202111181127/tools/bin/../lib/gcc/arm-none-eabi/10.3.1/thumb/v7e-m+dp/hard/crtbegin.o
 *(.init)
 .init          0x000000000800d67c        0x4 c:/st/stm32cubeide_1.9.0/stm32cubeide/plugins/com.st.stm32cube.ide.mcu.externaltools.gnu-tools-for-stm32.10.3-2021.10.win32_1.0.0.202111181127/tools/bin/../lib/gcc/arm-none-eabi/10.3.1/thumb/v7e-m+dp/hard/crti.o
                0x000000000800d67c                _init
 .init          0x000000000800d680        0x8 c:/st/stm32cubeide_1.9.0/stm32cubeide/plugins/com.st.stm32cube.ide.mcu.externaltools.gnu-tools-for-stm32.10.3-2021.10.win32_1.0.0.202111181127/tools/bin/../lib/gcc/arm-none-eabi/10.3.1/thumb/v7e-m+dp/hard/crtn.o
 *(.fini)
 .fini          0x000000000800d688        0x4 c:/st/stm32cubeide_1.9.0/stm32cubeide/plugins/com.st.stm32cube.ide.mcu.externaltools.gnu-tools-for-stm32.10.3-2021.10.win32_1.0.0.202111181127/tools/bin/../lib/gcc/arm-none-eabi/10.3.1/thumb/v7e-m+dp/hard/crti.o
                0x000000000800d688                _fini
 .fini          0x000000000800d68c        0x8 c:/st/stm32cubeide_1.9.0/stm32cubeide/plugins/com.st.stm32cube.ide.mcu.externaltools.gnu-tools-for-stm32.10.3-2021.10.win32_1.0.0.202111181127/tools/bin/../lib/gcc/arm-none-eabi/10.3.1/thumb/v7e-m+dp/hard/crtn.o
                0x000000000800d694                . = ALIGN (0x4)
                0x000000000800d694                _etext = .

.vfp11_veneer   0x000000000800d694        0x0
 .vfp11_veneer  0x000000000800d694        0x0 linker stubs

.v4_bx          0x000000000800d694        0x0
 .v4_bx         0x000000000800d694        0x0 linker stubs

.iplt           0x000000000800d694        0x0
 .iplt          0x000000000800d694        0x0 c:/st/stm32cubeide_1.9.0/stm32cubeide/plugins/com.st.stm32cube.ide.mcu.externaltools.gnu-tools-for-stm32.10.3-2021.10.win32_1.0.0.202111181127/tools/bin/../lib/gcc/arm-none-eabi/10.3.1/thumb/v7e-m+dp/hard/crtbegin.o

.rodata         0x000000000800d694       0x60
                0x000000000800d694                . = ALIGN (0x4)
 *(.rodata)
 .rodata        0x000000000800d694       0x48 ./USB_DEVICE/App/usbd_desc.o
 *(.rodata*)
 .rodata.D1CorePrescTable
                0x000000000800d6dc       0x10 ./Core/Src/system_stm32h7xx.o
                0x000000000800d6dc                D1CorePrescTable
 .rodata.flagBitshiftOffset.0
                0x000000000800d6ec        0x8 ./Drivers/STM32H7xx_HAL_Driver/Src/stm32h7xx_hal_dma.o
                0x000000000800d6f4                . = ALIGN (0x4)

.rel.dyn        0x000000000800d6f4        0x0
 .rel.iplt      0x000000000800d6f4        0x0 c:/st/stm32cubeide_1.9.0/stm32cubeide/plugins/com.st.stm32cube.ide.mcu.externaltools.gnu-tools-for-stm32.10.3-2021.10.win32_1.0.0.202111181127/tools/bin/../lib/gcc/arm-none-eabi/10.3.1/thumb/v7e-m+dp/hard/crtbegin.o

.ARM.extab
 *(.ARM.extab* .gnu.linkonce.armextab.*)

.ARM            0x000000000800d6f4        0x0
                0x000000000800d6f4                __exidx_start = .
 *(.ARM.exidx*)
                0x000000000800d6f4                __exidx_end = .

.preinit_array  0x000000000800d6f4        0x0
                0x000000000800d6f4                PROVIDE (__preinit_array_start = .)
 *(.preinit_array*)
                0x000000000800d6f4                PROVIDE (__preinit_array_end = .)

.init_array     0x000000000800d6f4        0x4
                0x000000000800d6f4                PROVIDE (__init_array_start = .)
 *(SORT_BY_NAME(.init_array.*))
 *(.init_array*)
 .init_array    0x000000000800d6f4        0x4 c:/st/stm32cubeide_1.9.0/stm32cubeide/plugins/com.st.stm32cube.ide.mcu.externaltools.gnu-tools-for-stm32.10.3-2021.10.win32_1.0.0.202111181127/tools/bin/../lib/gcc/arm-none-eabi/10.3.1/thumb/v7e-m+dp/hard/crtbegin.o
                0x000000000800d6f8                PROVIDE (__init_array_end = .)

.fini_array     0x000000000800d6f8        0x4
                [!provide]                        PROVIDE (__fini_array_start = .)
 *(SORT_BY_NAME(.fini_array.*))
 *(.fini_array*)
 .fini_array    0x000000000800d6f8        0x4 c:/st/stm32cubeide_1.9.0/stm32cubeide/plugins/com.st.stm32cube.ide.mcu.externaltools.gnu-tools-for-stm32.10.3-2021.10.win32_1.0.0.202111181127/tools/bin/../lib/gcc/arm-none-eabi/10.3.1/thumb/v7e-m+dp/hard/crtbegin.o
                [!provide]                        PROVIDE (__fini_array_end = .)
                0x000000000800d6fc                _sidata = LOADADDR (.data)

.data           0x0000000024000000      0x130 load address 0x000000000800d6fc
                0x0000000024000000                . = ALIGN (0x4)
                0x0000000024000000                _sdata = .
 *(.data)
 *(.data*)
 .data.SystemCoreClock
                0x0000000024000000        0x4 ./Core/Src/system_stm32h7xx.o
                0x0000000024000000                SystemCoreClock
 .data.SystemD2Clock
                0x0000000024000004        0x4 ./Core/Src/system_stm32h7xx.o
                0x0000000024000004                SystemD2Clock
 .data.uwTickPrio
                0x0000000024000008        0x4 ./Drivers/STM32H7xx_HAL_Driver/Src/stm32h7xx_hal.o
                0x0000000024000008                uwTickPrio
 .data.uwTickFreq
                0x000000002400000c        0x1 ./Drivers/STM32H7xx_HAL_Driver/Src/stm32h7xx_hal.o
                0x000000002400000c                uwTickFreq
 *fill*         0x000000002400000d        0x3 
 .data.USBD_AUDIO
                0x0000000024000010       0x38 ./Middlewares/ST/STM32_USB_Device_Library/Class/AUDIO/Src/usbd_audio.o
                0x0000000024000010                USBD_AUDIO
 .data.USBD_AUDIO_CfgDesc
                0x0000000024000048       0x6d ./Middlewares/ST/STM32_USB_Device_Library/Class/AUDIO/Src/usbd_audio.o
 *fill*         0x00000000240000b5        0x3 
 .data.USBD_AUDIO_DeviceQualifierDesc
                0x00000000240000b8        0xa ./Middlewares/ST/STM32_USB_Device_Library/Class/AUDIO/Src/usbd_audio.o
 .data.AUDIOOutEpAdd
                0x00000000240000c2        0x1 ./Middlewares/ST/STM32_USB_Device_Library/Class/AUDIO/Src/usbd_audio.o
 *fill*         0x00000000240000c3        0x1 
 .data.USBD_AUDIO_fops_FS
                0x00000000240000c4       0x1c ./USB_DEVICE/App/usbd_audio_if.o
                0x00000000240000c4                USBD_AUDIO_fops_FS
 .data.FS_Desc  0x00000000240000e0       0x1c ./USB_DEVICE/App/usbd_desc.o
                0x00000000240000e0                FS_Desc
 .data.USBD_FS_DeviceDesc
                0x00000000240000fc       0x12 ./USB_DEVICE/App/usbd_desc.o
                0x00000000240000fc                USBD_FS_DeviceDesc
 *fill*         0x000000002400010e        0x2 
 .data.USBD_LangIDDesc
                0x0000000024000110        0x4 ./USB_DEVICE/App/usbd_desc.o
                0x0000000024000110                USBD_LangIDDesc
 .data.USBD_StringSerial
                0x0000000024000114       0x1a ./USB_DEVICE/App/usbd_desc.o
                0x0000000024000114                USBD_StringSerial
 *(.RamFunc)
 *(.RamFunc*)
                0x0000000024000130                . = ALIGN (0x4)
 *fill*         0x000000002400012e        0x2 
                0x0000000024000130                _edata = .

.igot.plt       0x0000000024000130        0x0 load address 0x000000000800d82c
 .igot.plt      0x0000000024000130        0x0 c:/st/stm32cubeide_1.9.0/stm32cubeide/plugins/com.st.stm32cube.ide.mcu.externaltools.gnu-tools-for-stm32.10.3-2021.10.win32_1.0.0.202111181127/tools/bin/../lib/gcc/arm-none-eabi/10.3.1/thumb/v7e-m+dp/hard/crtbegin.o
                0x0000000024000130                . = ALIGN (0x4)

.bss            0x0000000024000130     0x49c0 load address 0x000000000800d82c
                0x0000000024000130                _sbss = .
                0x0000000024000130                __bss_start__ = _sbss
 *(.bss)
 .bss           0x0000000024000130       0x1c c:/st/stm32cubeide_1.9.0/stm32cubeide/plugins/com.st.stm32cube.ide.mcu.externaltools.gnu-tools-for-stm32.10.3-2021.10.win32_1.0.0.202111181127/tools/bin/../lib/gcc/arm-none-eabi/10.3.1/thumb/v7e-m+dp/hard/crtbegin.o
 *(.bss*)
 .bss.hi2c1     0x000000002400014c       0x4c ./Core/Src/main.o
                0x000000002400014c                hi2c1
 .bss.hsai_BlockA1
                0x0000000024000198       0x98 ./Core/Src/main.o
                0x0000000024000198                hsai_BlockA1
 .bss.hdma_sai1_a
                0x0000000024000230       0x78 ./Core/Src/main.o
                0x0000000024000230                hdma_sai1_a
 .bss.SAI1_client
                0x00000000240002a8        0x4 ./Core/Src/stm32h7xx_hal_msp.o
 .bss.uwTick    0x00000000240002ac        0x4 ./Drivers/STM32H7xx_HAL_Driver/Src/stm32h7xx_hal.o
                0x00000000240002ac                uwTick
 .bss.cfgidx.0  0x00000000240002b0        0x1 ./Middlewares/ST/STM32_USB_Device_Library/Core/Src/usbd_ctlreq.o
 *fill*         0x00000000240002b1        0x3 
 .bss.hUsbDeviceFS
                0x00000000240002b4      0x2dc ./USB_DEVICE/App/usb_device.o
                0x00000000240002b4                hUsbDeviceFS
 .bss.USBD_StrDesc
                0x0000000024000590      0x400 ./USB_DEVICE/App/usbd_desc.o
                0x0000000024000590                USBD_StrDesc
 .bss.hpcd_USB_OTG_FS
                0x0000000024000990      0x50c ./USB_DEVICE/Target/usbd_conf.o
                0x0000000024000990                hpcd_USB_OTG_FS
 .bss.mem.0     0x0000000024000e9c     0x3c54 ./USB_DEVICE/Target/usbd_conf.o
 *(COMMON)
                0x0000000024004af0                . = ALIGN (0x4)
                0x0000000024004af0                _ebss = .
                0x0000000024004af0                __bss_end__ = _ebss

._user_heap_stack
                0x0000000024004af0      0x600 load address 0x000000000800d82c
                0x0000000024004af0                . = ALIGN (0x8)
                [!provide]                        PROVIDE (end = .)
                0x0000000024004af0                PROVIDE (_end = .)
                0x0000000024004cf0                . = (. + _Min_Heap_Size)
 *fill*         0x0000000024004af0      0x200 
                0x00000000240050f0                . = (. + _Min_Stack_Size)
 *fill*         0x0000000024004cf0      0x400 
                0x00000000240050f0                . = ALIGN (0x8)

/DISCARD/
 libc.a(*)
 libm.a(*)
 libgcc.a(*)

.ARM.attributes
                0x0000000000000000       0x2e
 *(.ARM.attributes)
 .ARM.attributes
                0x0000000000000000       0x1e c:/st/stm32cubeide_1.9.0/stm32cubeide/plugins/com.st.stm32cube.ide.mcu.externaltools.gnu-tools-for-stm32.10.3-2021.10.win32_1.0.0.202111181127/tools/bin/../lib/gcc/arm-none-eabi/10.3.1/thumb/v7e-m+dp/hard/crti.o
 .ARM.attributes
                0x000000000000001e       0x32 c:/st/stm32cubeide_1.9.0/stm32cubeide/plugins/com.st.stm32cube.ide.mcu.externaltools.gnu-tools-for-stm32.10.3-2021.10.win32_1.0.0.202111181127/tools/bin/../lib/gcc/arm-none-eabi/10.3.1/thumb/v7e-m+dp/hard/crtbegin.o
 .ARM.attributes
                0x0000000000000050       0x32 ./Core/Src/main.o
 .ARM.attributes
                0x0000000000000082       0x32 ./Core/Src/stm32h7xx_hal_msp.o
 .ARM.attributes
                0x00000000000000b4       0x32 ./Core/Src/stm32h7xx_it.o
 .ARM.attributes
                0x00000000000000e6       0x32 ./Core/Src/system_stm32h7xx.o
 .ARM.attributes
                0x0000000000000118       0x21 ./Core/Startup/startup_stm32h750vbtx.o
 .ARM.attributes
                0x0000000000000139       0x32 ./Drivers/STM32H7xx_HAL_Driver/Src/stm32h7xx_hal.o
 .ARM.attributes
                0x000000000000016b       0x32 ./Drivers/STM32H7xx_HAL_Driver/Src/stm32h7xx_hal_cortex.o
 .ARM.attributes
                0x000000000000019d       0x32 ./Drivers/STM32H7xx_HAL_Driver/Src/stm32h7xx_hal_dma.o
 .ARM.attributes
                0x00000000000001cf       0x32 ./Drivers/STM32H7xx_HAL_Driver/Src/stm32h7xx_hal_gpio.o
 .ARM.attributes
                0x0000000000000201       0x32 ./Drivers/STM32H7xx_HAL_Driver/Src/stm32h7xx_hal_i2c.o
 .ARM.attributes
                0x0000000000000233       0x32 ./Drivers/STM32H7xx_HAL_Driver/Src/stm32h7xx_hal_i2c_ex.o
 .ARM.attributes
                0x0000000000000265       0x32 ./Drivers/STM32H7xx_HAL_Driver/Src/stm32h7xx_hal_pcd.o
 .ARM.attributes
                0x0000000000000297       0x32 ./Drivers/STM32H7xx_HAL_Driver/Src/stm32h7xx_hal_pcd_ex.o
 .ARM.attributes
                0x00000000000002c9       0x32 ./Drivers/STM32H7xx_HAL_Driver/Src/stm32h7xx_hal_pwr_ex.o
 .ARM.attributes
                0x00000000000002fb       0x32 ./Drivers/STM32H7xx_HAL_Driver/Src/stm32h7xx_hal_rcc.o
 .ARM.attributes
                0x000000000000032d       0x32 ./Drivers/STM32H7xx_HAL_Driver/Src/stm32h7xx_hal_rcc_ex.o
 .ARM.attributes
                0x000000000000035f       0x32 ./Drivers/STM32H7xx_HAL_Driver/Src/stm32h7xx_hal_sai.o
 .ARM.attributes
                0x0000000000000391       0x32 ./Drivers/STM32H7xx_HAL_Driver/Src/stm32h7xx_ll_usb.o
 .ARM.attributes
                0x00000000000003c3       0x32 ./Middlewares/ST/STM32_USB_Device_Library/Class/AUDIO/Src/usbd_audio.o
 .ARM.attributes
                0x00000000000003f5       0x32 ./Middlewares/ST/STM32_USB_Device_Library/Core/Src/usbd_core.o
 .ARM.attributes
                0x0000000000000427       0x32 ./Middlewares/ST/STM32_USB_Device_Library/Core/Src/usbd_ctlreq.o
 .ARM.attributes
                0x0000000000000459       0x32 ./Middlewares/ST/STM32_USB_Device_Library/Core/Src/usbd_ioreq.o
 .ARM.attributes
                0x000000000000048b       0x32 ./USB_DEVICE/App/usb_device.o
 .ARM.attributes
                0x00000000000004bd       0x32 ./USB_DEVICE/App/usbd_audio_if.o
 .ARM.attributes
                0x00000000000004ef       0x32 ./USB_DEVICE/App/usbd_desc.o
 .ARM.attributes
                0x0000000000000521       0x32 ./USB_DEVICE/Target/usbd_conf.o
 .ARM.attributes
                0x0000000000000553       0x32 c:/st/stm32cubeide_1.9.0/stm32cubeide/plugins/com.st.stm32cube.ide.mcu.externaltools.gnu-tools-for-stm32.10.3-2021.10.win32_1.0.0.202111181127/tools/bin/../lib/gcc/arm-none-eabi/10.3.1/../../../../arm-none-eabi/lib/thumb/v7e-m+dp/hard\libc_nano.a(lib_a-init.o)
 .ARM.attributes
                0x0000000000000585       0x32 c:/st/stm32cubeide_1.9.0/stm32cubeide/plugins/com.st.stm32cube.ide.mcu.externaltools.gnu-tools-for-stm32.10.3-2021.10.win32_1.0.0.202111181127/tools/bin/../lib/gcc/arm-none-eabi/10.3.1/../../../../arm-none-eabi/lib/thumb/v7e-m+dp/hard\libc_nano.a(lib_a-memset.o)
 .ARM.attributes
                0x00000000000005b7       0x1e c:/st/stm32cubeide_1.9.0/stm32cubeide/plugins/com.st.stm32cube.ide.mcu.externaltools.gnu-tools-for-stm32.10.3-2021.10.win32_1.0.0.202111181127/tools/bin/../lib/gcc/arm-none-eabi/10.3.1/thumb/v7e-m+dp/hard/crtn.o
OUTPUT(i2s_test.elf elf32-littlearm)
LOAD linker stubs
LOAD c:/st/stm32cubeide_1.9.0/stm32cubeide/plugins/com.st.stm32cube.ide.mcu.externaltools.gnu-tools-for-stm32.10.3-2021.10.win32_1.0.0.202111181127/tools/bin/../lib/gcc/arm-none-eabi/10.3.1/../../../../arm-none-eabi/lib/thumb/v7e-m+dp/hard\libc.a
LOAD c:/st/stm32cubeide_1.9.0/stm32cubeide/plugins/com.st.stm32cube.ide.mcu.externaltools.gnu-tools-for-stm32.10.3-2021.10.win32_1.0.0.202111181127/tools/bin/../lib/gcc/arm-none-eabi/10.3.1/../../../../arm-none-eabi/lib/thumb/v7e-m+dp/hard\libm.a
LOAD c:/st/stm32cubeide_1.9.0/stm32cubeide/plugins/com.st.stm32cube.ide.mcu.externaltools.gnu-tools-for-stm32.10.3-2021.10.win32_1.0.0.202111181127/tools/bin/../lib/gcc/arm-none-eabi/10.3.1/thumb/v7e-m+dp/hard\libgcc.a

.debug_info     0x0000000000000000    0x1b14e
 .debug_info    0x0000000000000000     0x1b3a ./Core/Src/main.o
 .debug_info    0x0000000000001b3a     0x18bf ./Core/Src/stm32h7xx_hal_msp.o
 .debug_info    0x00000000000033f9      0xe0c ./Core/Src/stm32h7xx_it.o
 .debug_info    0x0000000000004205      0xd07 ./Core/Src/system_stm32h7xx.o
 .debug_info    0x0000000000004f0c       0x22 ./Core/Startup/startup_stm32h750vbtx.o
 .debug_info    0x0000000000004f2e     0x15dd ./Drivers/STM32H7xx_HAL_Driver/Src/stm32h7xx_hal.o
 .debug_info    0x000000000000650b     0x1173 ./Drivers/STM32H7xx_HAL_Driver/Src/stm32h7xx_hal_cortex.o
 .debug_info    0x000000000000767e      0xcd5 ./Drivers/STM32H7xx_HAL_Driver/Src/stm32h7xx_hal_dma.o
 .debug_info    0x0000000000008353      0xd28 ./Drivers/STM32H7xx_HAL_Driver/Src/stm32h7xx_hal_gpio.o
 .debug_info    0x000000000000907b     0x23b3 ./Drivers/STM32H7xx_HAL_Driver/Src/stm32h7xx_hal_i2c.o
 .debug_info    0x000000000000b42e      0xe39 ./Drivers/STM32H7xx_HAL_Driver/Src/stm32h7xx_hal_i2c_ex.o
 .debug_info    0x000000000000c267     0x169b ./Drivers/STM32H7xx_HAL_Driver/Src/stm32h7xx_hal_pcd.o
 .debug_info    0x000000000000d902      0x8fb ./Drivers/STM32H7xx_HAL_Driver/Src/stm32h7xx_hal_pcd_ex.o
 .debug_info    0x000000000000e1fd     0x109d ./Drivers/STM32H7xx_HAL_Driver/Src/stm32h7xx_hal_pwr_ex.o
 .debug_info    0x000000000000f29a      0xf4a ./Drivers/STM32H7xx_HAL_Driver/Src/stm32h7xx_hal_rcc.o
 .debug_info    0x00000000000101e4     0x12b4 ./Drivers/STM32H7xx_HAL_Driver/Src/stm32h7xx_hal_rcc_ex.o
 .debug_info    0x0000000000011498     0x14b5 ./Drivers/STM32H7xx_HAL_Driver/Src/stm32h7xx_hal_sai.o
 .debug_info    0x000000000001294d     0x1b2b ./Drivers/STM32H7xx_HAL_Driver/Src/stm32h7xx_ll_usb.o
 .debug_info    0x0000000000014478      0xf38 ./Middlewares/ST/STM32_USB_Device_Library/Class/AUDIO/Src/usbd_audio.o
 .debug_info    0x00000000000153b0      0xef5 ./Middlewares/ST/STM32_USB_Device_Library/Core/Src/usbd_core.o
 .debug_info    0x00000000000162a5      0xb8d ./Middlewares/ST/STM32_USB_Device_Library/Core/Src/usbd_ctlreq.o
 .debug_info    0x0000000000016e32      0x7e8 ./Middlewares/ST/STM32_USB_Device_Library/Core/Src/usbd_ioreq.o
 .debug_info    0x000000000001761a      0x7a3 ./USB_DEVICE/App/usb_device.o
 .debug_info    0x0000000000017dbd      0x8e9 ./USB_DEVICE/App/usbd_audio_if.o
 .debug_info    0x00000000000186a6      0x49d ./USB_DEVICE/App/usbd_desc.o
 .debug_info    0x0000000000018b43     0x260b ./USB_DEVICE/Target/usbd_conf.o

.debug_abbrev   0x0000000000000000     0x3a5f
 .debug_abbrev  0x0000000000000000      0x2db ./Core/Src/main.o
 .debug_abbrev  0x00000000000002db      0x221 ./Core/Src/stm32h7xx_hal_msp.o
 .debug_abbrev  0x00000000000004fc      0x1c9 ./Core/Src/stm32h7xx_it.o
 .debug_abbrev  0x00000000000006c5      0x147 ./Core/Src/system_stm32h7xx.o
 .debug_abbrev  0x000000000000080c       0x12 ./Core/Startup/startup_stm32h750vbtx.o
 .debug_abbrev  0x000000000000081e      0x289 ./Drivers/STM32H7xx_HAL_Driver/Src/stm32h7xx_hal.o
 .debug_abbrev  0x0000000000000aa7      0x329 ./Drivers/STM32H7xx_HAL_Driver/Src/stm32h7xx_hal_cortex.o
 .debug_abbrev  0x0000000000000dd0      0x239 ./Drivers/STM32H7xx_HAL_Driver/Src/stm32h7xx_hal_dma.o
 .debug_abbrev  0x0000000000001009      0x1ec ./Drivers/STM32H7xx_HAL_Driver/Src/stm32h7xx_hal_gpio.o
 .debug_abbrev  0x00000000000011f5      0x243 ./Drivers/STM32H7xx_HAL_Driver/Src/stm32h7xx_hal_i2c.o
 .debug_abbrev  0x0000000000001438      0x1e1 ./Drivers/STM32H7xx_HAL_Driver/Src/stm32h7xx_hal_i2c_ex.o
 .debug_abbrev  0x0000000000001619      0x2d2 ./Drivers/STM32H7xx_HAL_Driver/Src/stm32h7xx_hal_pcd.o
 .debug_abbrev  0x00000000000018eb      0x24a ./Drivers/STM32H7xx_HAL_Driver/Src/stm32h7xx_hal_pcd_ex.o
 .debug_abbrev  0x0000000000001b35      0x28f ./Drivers/STM32H7xx_HAL_Driver/Src/stm32h7xx_hal_pwr_ex.o
 .debug_abbrev  0x0000000000001dc4      0x2b8 ./Drivers/STM32H7xx_HAL_Driver/Src/stm32h7xx_hal_rcc.o
 .debug_abbrev  0x000000000000207c      0x25c ./Drivers/STM32H7xx_HAL_Driver/Src/stm32h7xx_hal_rcc_ex.o
 .debug_abbrev  0x00000000000022d8      0x27d ./Drivers/STM32H7xx_HAL_Driver/Src/stm32h7xx_hal_sai.o
 .debug_abbrev  0x0000000000002555      0x296 ./Drivers/STM32H7xx_HAL_Driver/Src/stm32h7xx_ll_usb.o
 .debug_abbrev  0x00000000000027eb      0x300 ./Middlewares/ST/STM32_USB_Device_Library/Class/AUDIO/Src/usbd_audio.o
 .debug_abbrev  0x0000000000002aeb      0x263 ./Middlewares/ST/STM32_USB_Device_Library/Core/Src/usbd_core.o
 .debug_abbrev  0x0000000000002d4e      0x25c ./Middlewares/ST/STM32_USB_Device_Library/Core/Src/usbd_ctlreq.o
 .debug_abbrev  0x0000000000002faa      0x18a ./Middlewares/ST/STM32_USB_Device_Library/Core/Src/usbd_ioreq.o
 .debug_abbrev  0x0000000000003134      0x1d6 ./USB_DEVICE/App/usb_device.o
 .debug_abbrev  0x000000000000330a      0x205 ./USB_DEVICE/App/usbd_audio_if.o
 .debug_abbrev  0x000000000000350f      0x209 ./USB_DEVICE/App/usbd_desc.o
 .debug_abbrev  0x0000000000003718      0x347 ./USB_DEVICE/Target/usbd_conf.o

.debug_aranges  0x0000000000000000     0x13b8
 .debug_aranges
                0x0000000000000000       0x50 ./Core/Src/main.o
 .debug_aranges
                0x0000000000000050       0x40 ./Core/Src/stm32h7xx_hal_msp.o
 .debug_aranges
                0x0000000000000090       0x78 ./Core/Src/stm32h7xx_it.o
 .debug_aranges
                0x0000000000000108       0x28 ./Core/Src/system_stm32h7xx.o
 .debug_aranges
                0x0000000000000130       0x28 ./Core/Startup/startup_stm32h750vbtx.o
 .debug_aranges
                0x0000000000000158      0x198 ./Drivers/STM32H7xx_HAL_Driver/Src/stm32h7xx_hal.o
 .debug_aranges
                0x00000000000002f0      0x120 ./Drivers/STM32H7xx_HAL_Driver/Src/stm32h7xx_hal_cortex.o
 .debug_aranges
                0x0000000000000410       0xa0 ./Drivers/STM32H7xx_HAL_Driver/Src/stm32h7xx_hal_dma.o
 .debug_aranges
                0x00000000000004b0       0x58 ./Drivers/STM32H7xx_HAL_Driver/Src/stm32h7xx_hal_gpio.o
 .debug_aranges
                0x0000000000000508      0x290 ./Drivers/STM32H7xx_HAL_Driver/Src/stm32h7xx_hal_i2c.o
 .debug_aranges
                0x0000000000000798       0x48 ./Drivers/STM32H7xx_HAL_Driver/Src/stm32h7xx_hal_i2c_ex.o
 .debug_aranges
                0x00000000000007e0      0x140 ./Drivers/STM32H7xx_HAL_Driver/Src/stm32h7xx_hal_pcd.o
 .debug_aranges
                0x0000000000000920       0x60 ./Drivers/STM32H7xx_HAL_Driver/Src/stm32h7xx_hal_pcd_ex.o
 .debug_aranges
                0x0000000000000980      0x158 ./Drivers/STM32H7xx_HAL_Driver/Src/stm32h7xx_hal_pwr_ex.o
 .debug_aranges
                0x0000000000000ad8       0x88 ./Drivers/STM32H7xx_HAL_Driver/Src/stm32h7xx_hal_rcc.o
 .debug_aranges
                0x0000000000000b60       0xf8 ./Drivers/STM32H7xx_HAL_Driver/Src/stm32h7xx_hal_rcc_ex.o
 .debug_aranges
                0x0000000000000c58      0x178 ./Drivers/STM32H7xx_HAL_Driver/Src/stm32h7xx_hal_sai.o
 .debug_aranges
                0x0000000000000dd0      0x1a0 ./Drivers/STM32H7xx_HAL_Driver/Src/stm32h7xx_ll_usb.o
 .debug_aranges
                0x0000000000000f70       0xa0 ./Middlewares/ST/STM32_USB_Device_Library/Class/AUDIO/Src/usbd_audio.o
 .debug_aranges
                0x0000000000001010       0xd8 ./Middlewares/ST/STM32_USB_Device_Library/Core/Src/usbd_core.o
 .debug_aranges
                0x00000000000010e8       0x90 ./Middlewares/ST/STM32_USB_Device_Library/Core/Src/usbd_ctlreq.o
 .debug_aranges
                0x0000000000001178       0x50 ./Middlewares/ST/STM32_USB_Device_Library/Core/Src/usbd_ioreq.o
 .debug_aranges
                0x00000000000011c8       0x20 ./USB_DEVICE/App/usb_device.o
 .debug_aranges
                0x00000000000011e8       0x60 ./USB_DEVICE/App/usbd_audio_if.o
 .debug_aranges
                0x0000000000001248       0x60 ./USB_DEVICE/App/usbd_desc.o
 .debug_aranges
                0x00000000000012a8      0x110 ./USB_DEVICE/Target/usbd_conf.o

.debug_ranges   0x0000000000000000     0x1238
 .debug_ranges  0x0000000000000000       0x40 ./Core/Src/main.o
 .debug_ranges  0x0000000000000040       0x30 ./Core/Src/stm32h7xx_hal_msp.o
 .debug_ranges  0x0000000000000070       0x68 ./Core/Src/stm32h7xx_it.o
 .debug_ranges  0x00000000000000d8       0x18 ./Core/Src/system_stm32h7xx.o
 .debug_ranges  0x00000000000000f0       0x20 ./Core/Startup/startup_stm32h750vbtx.o
 .debug_ranges  0x0000000000000110      0x188 ./Drivers/STM32H7xx_HAL_Driver/Src/stm32h7xx_hal.o
 .debug_ranges  0x0000000000000298      0x110 ./Drivers/STM32H7xx_HAL_Driver/Src/stm32h7xx_hal_cortex.o
 .debug_ranges  0x00000000000003a8       0x90 ./Drivers/STM32H7xx_HAL_Driver/Src/stm32h7xx_hal_dma.o
 .debug_ranges  0x0000000000000438       0x48 ./Drivers/STM32H7xx_HAL_Driver/Src/stm32h7xx_hal_gpio.o
 .debug_ranges  0x0000000000000480      0x280 ./Drivers/STM32H7xx_HAL_Driver/Src/stm32h7xx_hal_i2c.o
 .debug_ranges  0x0000000000000700       0x38 ./Drivers/STM32H7xx_HAL_Driver/Src/stm32h7xx_hal_i2c_ex.o
 .debug_ranges  0x0000000000000738      0x130 ./Drivers/STM32H7xx_HAL_Driver/Src/stm32h7xx_hal_pcd.o
 .debug_ranges  0x0000000000000868       0x50 ./Drivers/STM32H7xx_HAL_Driver/Src/stm32h7xx_hal_pcd_ex.o
 .debug_ranges  0x00000000000008b8      0x148 ./Drivers/STM32H7xx_HAL_Driver/Src/stm32h7xx_hal_pwr_ex.o
 .debug_ranges  0x0000000000000a00       0x78 ./Drivers/STM32H7xx_HAL_Driver/Src/stm32h7xx_hal_rcc.o
 .debug_ranges  0x0000000000000a78       0xe8 ./Drivers/STM32H7xx_HAL_Driver/Src/stm32h7xx_hal_rcc_ex.o
 .debug_ranges  0x0000000000000b60      0x180 ./Drivers/STM32H7xx_HAL_Driver/Src/stm32h7xx_hal_sai.o
 .debug_ranges  0x0000000000000ce0      0x190 ./Drivers/STM32H7xx_HAL_Driver/Src/stm32h7xx_ll_usb.o
 .debug_ranges  0x0000000000000e70       0x90 ./Middlewares/ST/STM32_USB_Device_Library/Class/AUDIO/Src/usbd_audio.o
 .debug_ranges  0x0000000000000f00       0xc8 ./Middlewares/ST/STM32_USB_Device_Library/Core/Src/usbd_core.o
 .debug_ranges  0x0000000000000fc8       0x80 ./Middlewares/ST/STM32_USB_Device_Library/Core/Src/usbd_ctlreq.o
 .debug_ranges  0x0000000000001048       0x40 ./Middlewares/ST/STM32_USB_Device_Library/Core/Src/usbd_ioreq.o
 .debug_ranges  0x0000000000001088       0x10 ./USB_DEVICE/App/usb_device.o
 .debug_ranges  0x0000000000001098       0x50 ./USB_DEVICE/App/usbd_audio_if.o
 .debug_ranges  0x00000000000010e8       0x50 ./USB_DEVICE/App/usbd_desc.o
 .debug_ranges  0x0000000000001138      0x100 ./USB_DEVICE/Target/usbd_conf.o

.debug_macro    0x0000000000000000    0x3992a
 .debug_macro   0x0000000000000000      0x419 ./Core/Src/main.o
 .debug_macro   0x0000000000000419      0xa90 ./Core/Src/main.o
 .debug_macro   0x0000000000000ea9      0x238 ./Core/Src/main.o
 .debug_macro   0x00000000000010e1       0x2e ./Core/Src/main.o
 .debug_macro   0x000000000000110f       0x3b ./Core/Src/main.o
 .debug_macro   0x000000000000114a       0x22 ./Core/Src/main.o
 .debug_macro   0x000000000000116c       0x8e ./Core/Src/main.o
 .debug_macro   0x00000000000011fa       0x51 ./Core/Src/main.o
 .debug_macro   0x000000000000124b      0x103 ./Core/Src/main.o
 .debug_macro   0x000000000000134e       0x6a ./Core/Src/main.o
 .debug_macro   0x00000000000013b8      0x1df ./Core/Src/main.o
 .debug_macro   0x0000000000001597       0x1c ./Core/Src/main.o
 .debug_macro   0x00000000000015b3       0x22 ./Core/Src/main.o
 .debug_macro   0x00000000000015d5       0xfb ./Core/Src/main.o
 .debug_macro   0x00000000000016d0     0x1305 ./Core/Src/main.o
 .debug_macro   0x00000000000029d5      0x11f ./Core/Src/main.o
 .debug_macro   0x0000000000002af4       0x27 ./Core/Src/main.o
 .debug_macro   0x0000000000002b1b    0x25e6f ./Core/Src/main.o
 .debug_macro   0x000000000002898a       0x6d ./Core/Src/main.o
 .debug_macro   0x00000000000289f7     0x3d22 ./Core/Src/main.o
 .debug_macro   0x000000000002c719      0x174 ./Core/Src/main.o
 .debug_macro   0x000000000002c88d       0x52 ./Core/Src/main.o
 .debug_macro   0x000000000002c8df       0x1d ./Core/Src/main.o
 .debug_macro   0x000000000002c8fc       0x3c ./Core/Src/main.o
 .debug_macro   0x000000000002c938       0x34 ./Core/Src/main.o
 .debug_macro   0x000000000002c96c       0x16 ./Core/Src/main.o
 .debug_macro   0x000000000002c982       0x43 ./Core/Src/main.o
 .debug_macro   0x000000000002c9c5       0x34 ./Core/Src/main.o
 .debug_macro   0x000000000002c9f9       0x10 ./Core/Src/main.o
 .debug_macro   0x000000000002ca09       0x58 ./Core/Src/main.o
 .debug_macro   0x000000000002ca61       0x71 ./Core/Src/main.o
 .debug_macro   0x000000000002cad2       0x1c ./Core/Src/main.o
 .debug_macro   0x000000000002caee      0x12a ./Core/Src/main.o
 .debug_macro   0x000000000002cc18      0x341 ./Core/Src/main.o
 .debug_macro   0x000000000002cf59      0x19b ./Core/Src/main.o
 .debug_macro   0x000000000002d0f4       0x5d ./Core/Src/main.o
 .debug_macro   0x000000000002d151     0x240e ./Core/Src/main.o
 .debug_macro   0x000000000002f55f     0x1002 ./Core/Src/main.o
 .debug_macro   0x0000000000030561      0x14d ./Core/Src/main.o
 .debug_macro   0x00000000000306ae      0x114 ./Core/Src/main.o
 .debug_macro   0x00000000000307c2      0x3b2 ./Core/Src/main.o
 .debug_macro   0x0000000000030b74       0xac ./Core/Src/main.o
 .debug_macro   0x0000000000030c20      0x72d ./Core/Src/main.o
 .debug_macro   0x000000000003134d      0x228 ./Core/Src/main.o
 .debug_macro   0x0000000000031575       0x66 ./Core/Src/main.o
 .debug_macro   0x00000000000315db      0x3bb ./Core/Src/main.o
 .debug_macro   0x0000000000031996      0x3e4 ./Core/Src/main.o
 .debug_macro   0x0000000000031d7a      0x275 ./Core/Src/main.o
 .debug_macro   0x0000000000031fef      0x3ca ./Core/Src/main.o
 .debug_macro   0x00000000000323b9      0x3de ./Core/Src/main.o
 .debug_macro   0x0000000000032797       0x3c ./Core/Src/main.o
 .debug_macro   0x00000000000327d3       0x4a ./Core/Src/main.o
 .debug_macro   0x000000000003281d      0x22c ./Core/Src/main.o
 .debug_macro   0x0000000000032a49       0x67 ./Core/Src/main.o
 .debug_macro   0x0000000000032ab0       0xa5 ./Core/Src/main.o
 .debug_macro   0x0000000000032b55      0x1c4 ./Core/Src/main.o
 .debug_macro   0x0000000000032d19      0x25e ./Core/Src/main.o
 .debug_macro   0x0000000000032f77       0x35 ./Core/Src/main.o
 .debug_macro   0x0000000000032fac      0x3bb ./Core/Src/main.o
 .debug_macro   0x0000000000033367       0x10 ./Core/Src/main.o
 .debug_macro   0x0000000000033377       0xe4 ./Core/Src/main.o
 .debug_macro   0x000000000003345b      0x248 ./Core/Src/main.o
 .debug_macro   0x00000000000336a3       0x90 ./Core/Src/main.o
 .debug_macro   0x0000000000033733      0x5a0 ./Core/Src/main.o
 .debug_macro   0x0000000000033cd3       0x1c ./Core/Src/main.o
 .debug_macro   0x0000000000033cef       0x1c ./Core/Src/main.o
 .debug_macro   0x0000000000033d0b       0x35 ./Core/Src/main.o
 .debug_macro   0x0000000000033d40       0x10 ./Core/Src/main.o
 .debug_macro   0x0000000000033d50       0x10 ./Core/Src/main.o
 .debug_macro   0x0000000000033d60       0x1c ./Core/Src/main.o
 .debug_macro   0x0000000000033d7c       0x52 ./Core/Src/main.o
 .debug_macro   0x0000000000033dce       0x22 ./Core/Src/main.o
 .debug_macro   0x0000000000033df0       0x10 ./Core/Src/main.o
 .debug_macro   0x0000000000033e00       0x52 ./Core/Src/main.o
 .debug_macro   0x0000000000033e52       0xd5 ./Core/Src/main.o
 .debug_macro   0x0000000000033f27       0x1c ./Core/Src/main.o
 .debug_macro   0x0000000000033f43       0x3d ./Core/Src/main.o
 .debug_macro   0x0000000000033f80       0x16 ./Core/Src/main.o
 .debug_macro   0x0000000000033f96      0x145 ./Core/Src/main.o
 .debug_macro   0x00000000000340db       0x16 ./Core/Src/main.o
 .debug_macro   0x00000000000340f1       0x16 ./Core/Src/main.o
 .debug_macro   0x0000000000034107       0x29 ./Core/Src/main.o
 .debug_macro   0x0000000000034130       0x16 ./Core/Src/main.o
 .debug_macro   0x0000000000034146       0x20 ./Core/Src/main.o
 .debug_macro   0x0000000000034166       0x6b ./Core/Src/main.o
 .debug_macro   0x00000000000341d1      0x20f ./Core/Src/main.o
 .debug_macro   0x00000000000343e0      0x2cc ./Core/Src/stm32h7xx_hal_msp.o
 .debug_macro   0x00000000000346ac      0x2d6 ./Core/Src/stm32h7xx_it.o
 .debug_macro   0x0000000000034982      0x2bd ./Core/Src/system_stm32h7xx.o
 .debug_macro   0x0000000000034c3f      0x2e7 ./Drivers/STM32H7xx_HAL_Driver/Src/stm32h7xx_hal.o
 .debug_macro   0x0000000000034f26      0x2bd ./Drivers/STM32H7xx_HAL_Driver/Src/stm32h7xx_hal_cortex.o
 .debug_macro   0x00000000000351e3      0x310 ./Drivers/STM32H7xx_HAL_Driver/Src/stm32h7xx_hal_dma.o
 .debug_macro   0x00000000000354f3      0x2c4 ./Drivers/STM32H7xx_HAL_Driver/Src/stm32h7xx_hal_gpio.o
 .debug_macro   0x00000000000357b7      0x389 ./Drivers/STM32H7xx_HAL_Driver/Src/stm32h7xx_hal_i2c.o
 .debug_macro   0x0000000000035b40      0x2bd ./Drivers/STM32H7xx_HAL_Driver/Src/stm32h7xx_hal_i2c_ex.o
 .debug_macro   0x0000000000035dfd      0x2c9 ./Drivers/STM32H7xx_HAL_Driver/Src/stm32h7xx_hal_pcd.o
 .debug_macro   0x00000000000360c6      0x2bd ./Drivers/STM32H7xx_HAL_Driver/Src/stm32h7xx_hal_pcd_ex.o
 .debug_macro   0x0000000000036383      0x2f6 ./Drivers/STM32H7xx_HAL_Driver/Src/stm32h7xx_hal_pwr_ex.o
 .debug_macro   0x0000000000036679      0x2e1 ./Drivers/STM32H7xx_HAL_Driver/Src/stm32h7xx_hal_rcc.o
 .debug_macro   0x000000000003695a      0x2db ./Drivers/STM32H7xx_HAL_Driver/Src/stm32h7xx_hal_rcc_ex.o
 .debug_macro   0x0000000000036c35      0x2cc ./Drivers/STM32H7xx_HAL_Driver/Src/stm32h7xx_hal_sai.o
 .debug_macro   0x0000000000036f01      0x2bd ./Drivers/STM32H7xx_HAL_Driver/Src/stm32h7xx_ll_usb.o
 .debug_macro   0x00000000000371be      0x456 ./Middlewares/ST/STM32_USB_Device_Library/Class/AUDIO/Src/usbd_audio.o
 .debug_macro   0x0000000000037614       0x16 ./Middlewares/ST/STM32_USB_Device_Library/Class/AUDIO/Src/usbd_audio.o
 .debug_macro   0x000000000003762a       0x97 ./Middlewares/ST/STM32_USB_Device_Library/Class/AUDIO/Src/usbd_audio.o
 .debug_macro   0x00000000000376c1       0xfd ./Middlewares/ST/STM32_USB_Device_Library/Class/AUDIO/Src/usbd_audio.o
 .debug_macro   0x00000000000377be       0xe9 ./Middlewares/ST/STM32_USB_Device_Library/Class/AUDIO/Src/usbd_audio.o
 .debug_macro   0x00000000000378a7      0x431 ./Middlewares/ST/STM32_USB_Device_Library/Core/Src/usbd_core.o
 .debug_macro   0x0000000000037cd8      0x215 ./Middlewares/ST/STM32_USB_Device_Library/Core/Src/usbd_core.o
 .debug_macro   0x0000000000037eed      0x43b ./Middlewares/ST/STM32_USB_Device_Library/Core/Src/usbd_ctlreq.o
 .debug_macro   0x0000000000038328      0x437 ./Middlewares/ST/STM32_USB_Device_Library/Core/Src/usbd_ioreq.o
 .debug_macro   0x000000000003875f      0x465 ./USB_DEVICE/App/usb_device.o
 .debug_macro   0x0000000000038bc4       0x22 ./USB_DEVICE/App/usb_device.o
 .debug_macro   0x0000000000038be6       0x22 ./USB_DEVICE/App/usb_device.o
 .debug_macro   0x0000000000038c08      0x450 ./USB_DEVICE/App/usbd_audio_if.o
 .debug_macro   0x0000000000039058      0x46e ./USB_DEVICE/App/usbd_desc.o
 .debug_macro   0x00000000000394c6       0x1c ./USB_DEVICE/App/usbd_desc.o
 .debug_macro   0x00000000000394e2      0x448 ./USB_DEVICE/Target/usbd_conf.o

.debug_line     0x0000000000000000    0x1bf1e
 .debug_line    0x0000000000000000      0xb89 ./Core/Src/main.o
 .debug_line    0x0000000000000b89      0x961 ./Core/Src/stm32h7xx_hal_msp.o
 .debug_line    0x00000000000014ea      0x965 ./Core/Src/stm32h7xx_it.o
 .debug_line    0x0000000000001e4f      0xa0a ./Core/Src/system_stm32h7xx.o
 .debug_line    0x0000000000002859       0x88 ./Core/Startup/startup_stm32h750vbtx.o
 .debug_line    0x00000000000028e1      0xe08 ./Drivers/STM32H7xx_HAL_Driver/Src/stm32h7xx_hal.o
 .debug_line    0x00000000000036e9      0xe0e ./Drivers/STM32H7xx_HAL_Driver/Src/stm32h7xx_hal_cortex.o
 .debug_line    0x00000000000044f7     0x2757 ./Drivers/STM32H7xx_HAL_Driver/Src/stm32h7xx_hal_dma.o
 .debug_line    0x0000000000006c4e      0xccb ./Drivers/STM32H7xx_HAL_Driver/Src/stm32h7xx_hal_gpio.o
 .debug_line    0x0000000000007919     0x3820 ./Drivers/STM32H7xx_HAL_Driver/Src/stm32h7xx_hal_i2c.o
 .debug_line    0x000000000000b139      0xa78 ./Drivers/STM32H7xx_HAL_Driver/Src/stm32h7xx_hal_i2c_ex.o